Archive member included to satisfy reference by file (symbol)

c:/program files (x86)/atmel/studio/7.0/toolchain/arm/arm-gnu-toolchain/bin/../lib/gcc/arm-none-eabi/6.3.1/thumb/v7e-m\libgcc.a(_arm_addsubdf3.o)
                              src/main.o (__aeabi_dadd)
c:/program files (x86)/atmel/studio/7.0/toolchain/arm/arm-gnu-toolchain/bin/../lib/gcc/arm-none-eabi/6.3.1/thumb/v7e-m\libgcc.a(_arm_muldivdf3.o)
                              src/main.o (__aeabi_dmul)
c:/program files (x86)/atmel/studio/7.0/toolchain/arm/arm-gnu-toolchain/bin/../lib/gcc/arm-none-eabi/6.3.1/thumb/v7e-m\libgcc.a(_arm_fixdfsi.o)
                              src/main.o (__aeabi_d2iz)
c:/program files (x86)/atmel/studio/7.0/toolchain/arm/arm-gnu-toolchain/bin/../lib/gcc/arm-none-eabi/6.3.1/../../../../arm-none-eabi/lib/thumb/v7e-m\libc.a(lib_a-exit.o)
                              c:/program files (x86)/atmel/studio/7.0/toolchain/arm/arm-gnu-toolchain/bin/../lib/gcc/arm-none-eabi/6.3.1/../../../../arm-none-eabi/lib/thumb/v7e-m/crt0.o (exit)
c:/program files (x86)/atmel/studio/7.0/toolchain/arm/arm-gnu-toolchain/bin/../lib/gcc/arm-none-eabi/6.3.1/../../../../arm-none-eabi/lib/thumb/v7e-m\libc.a(lib_a-impure.o)
                              c:/program files (x86)/atmel/studio/7.0/toolchain/arm/arm-gnu-toolchain/bin/../lib/gcc/arm-none-eabi/6.3.1/../../../../arm-none-eabi/lib/thumb/v7e-m\libc.a(lib_a-exit.o) (_global_impure_ptr)
c:/program files (x86)/atmel/studio/7.0/toolchain/arm/arm-gnu-toolchain/bin/../lib/gcc/arm-none-eabi/6.3.1/../../../../arm-none-eabi/lib/thumb/v7e-m\libc.a(lib_a-init.o)
                              c:/program files (x86)/atmel/studio/7.0/toolchain/arm/arm-gnu-toolchain/bin/../lib/gcc/arm-none-eabi/6.3.1/../../../../arm-none-eabi/lib/thumb/v7e-m/crt0.o (__libc_init_array)
c:/program files (x86)/atmel/studio/7.0/toolchain/arm/arm-gnu-toolchain/bin/../lib/gcc/arm-none-eabi/6.3.1/../../../../arm-none-eabi/lib/thumb/v7e-m\libc.a(lib_a-memset.o)
                              c:/program files (x86)/atmel/studio/7.0/toolchain/arm/arm-gnu-toolchain/bin/../lib/gcc/arm-none-eabi/6.3.1/../../../../arm-none-eabi/lib/thumb/v7e-m/crt0.o (memset)
c:/program files (x86)/atmel/studio/7.0/toolchain/arm/arm-gnu-toolchain/bin/../lib/gcc/arm-none-eabi/6.3.1/../../../../arm-none-eabi/lib/thumb/v7e-m\libc.a(lib_a-sprintf.o)
                              src/main.o (sprintf)
c:/program files (x86)/atmel/studio/7.0/toolchain/arm/arm-gnu-toolchain/bin/../lib/gcc/arm-none-eabi/6.3.1/../../../../arm-none-eabi/lib/thumb/v7e-m\libc.a(lib_a-svfprintf.o)
                              c:/program files (x86)/atmel/studio/7.0/toolchain/arm/arm-gnu-toolchain/bin/../lib/gcc/arm-none-eabi/6.3.1/../../../../arm-none-eabi/lib/thumb/v7e-m\libc.a(lib_a-sprintf.o) (_svfprintf_r)
c:/program files (x86)/atmel/studio/7.0/toolchain/arm/arm-gnu-toolchain/bin/../lib/gcc/arm-none-eabi/6.3.1/../../../../arm-none-eabi/lib/thumb/v7e-m\libc.a(lib_a-__call_atexit.o)
                              c:/program files (x86)/atmel/studio/7.0/toolchain/arm/arm-gnu-toolchain/bin/../lib/gcc/arm-none-eabi/6.3.1/../../../../arm-none-eabi/lib/thumb/v7e-m\libc.a(lib_a-exit.o) (__call_exitprocs)
c:/program files (x86)/atmel/studio/7.0/toolchain/arm/arm-gnu-toolchain/bin/../lib/gcc/arm-none-eabi/6.3.1/../../../../arm-none-eabi/lib/thumb/v7e-m\libc.a(lib_a-atexit.o)
                              c:/program files (x86)/atmel/studio/7.0/toolchain/arm/arm-gnu-toolchain/bin/../lib/gcc/arm-none-eabi/6.3.1/../../../../arm-none-eabi/lib/thumb/v7e-m\libc.a(lib_a-__call_atexit.o) (atexit)
c:/program files (x86)/atmel/studio/7.0/toolchain/arm/arm-gnu-toolchain/bin/../lib/gcc/arm-none-eabi/6.3.1/../../../../arm-none-eabi/lib/thumb/v7e-m\libc.a(lib_a-dtoa.o)
                              c:/program files (x86)/atmel/studio/7.0/toolchain/arm/arm-gnu-toolchain/bin/../lib/gcc/arm-none-eabi/6.3.1/../../../../arm-none-eabi/lib/thumb/v7e-m\libc.a(lib_a-svfprintf.o) (_dtoa_r)
c:/program files (x86)/atmel/studio/7.0/toolchain/arm/arm-gnu-toolchain/bin/../lib/gcc/arm-none-eabi/6.3.1/../../../../arm-none-eabi/lib/thumb/v7e-m\libc.a(lib_a-fini.o)
                              c:/program files (x86)/atmel/studio/7.0/toolchain/arm/arm-gnu-toolchain/bin/../lib/gcc/arm-none-eabi/6.3.1/../../../../arm-none-eabi/lib/thumb/v7e-m\libc.a(lib_a-__call_atexit.o) (__libc_fini_array)
c:/program files (x86)/atmel/studio/7.0/toolchain/arm/arm-gnu-toolchain/bin/../lib/gcc/arm-none-eabi/6.3.1/../../../../arm-none-eabi/lib/thumb/v7e-m\libc.a(lib_a-localeconv.o)
                              c:/program files (x86)/atmel/studio/7.0/toolchain/arm/arm-gnu-toolchain/bin/../lib/gcc/arm-none-eabi/6.3.1/../../../../arm-none-eabi/lib/thumb/v7e-m\libc.a(lib_a-svfprintf.o) (_localeconv_r)
c:/program files (x86)/atmel/studio/7.0/toolchain/arm/arm-gnu-toolchain/bin/../lib/gcc/arm-none-eabi/6.3.1/../../../../arm-none-eabi/lib/thumb/v7e-m\libc.a(lib_a-lock.o)
[...]
Memory Configuration

Name             Origin             Length             Attributes
rom              0x00400000         0x00200000         xr
ram              0x20400000         0x00060000         xrw
*default*        0x00000000         0xffffffff

Linker script and memory map

LOAD c:/program files (x86)/atmel/studio/7.0/toolchain/arm/arm-gnu-toolchain/bin/../lib/gcc/arm-none-eabi/6.3.1/thumb/v7e-m/crti.o
LOAD c:/program files (x86)/atmel/studio/7.0/toolchain/arm/arm-gnu-toolchain/bin/../lib/gcc/arm-none-eabi/6.3.1/thumb/v7e-m/crtbegin.o
LOAD c:/program files (x86)/atmel/studio/7.0/toolchain/arm/arm-gnu-toolchain/bin/../lib/gcc/arm-none-eabi/6.3.1/../../../../arm-none-eabi/lib/thumb/v7e-m/crt0.o
LOAD src/ASF/sam/drivers/rtc/rtc.o
LOAD src/ASF/sam/drivers/rtt/rtt.o
LOAD src/ASF/sam/drivers/tc/tc.o
LOAD src/main.o
LOAD src/ASF/common/services/delay/sam/cycle_counter.o
LOAD src/ASF/common/services/spi/sam_spi/spi_master.o
LOAD src/ASF/sam/components/display/ili9488/ili9488.o
LOAD src/ASF/sam/drivers/spi/spi.o
LOAD src/ASF/common/services/clock/same70/sysclk.o
LOAD src/ASF/common/utils/interrupt/interrupt_sam_nvic.o
LOAD src/ASF/sam/boards/same70_xplained/init.o
LOAD src/ASF/sam/drivers/mpu/mpu.o
LOAD src/ASF/sam/drivers/pio/pio.o
LOAD src/ASF/sam/drivers/pio/pio_handler.o
LOAD src/ASF/sam/drivers/pmc/pmc.o
LOAD src/ASF/sam/drivers/pmc/sleep.o
LOAD src/ASF/sam/utils/cmsis/same70/source/templates/gcc/startup_same70.o
LOAD src/ASF/sam/utils/cmsis/same70/source/templates/system_same70.o
LOAD src/ASF/sam/utils/syscalls/gcc/syscalls.o
START GROUP
LOAD ../src/ASF/thirdparty/CMSIS/Lib/GCC\libarm_cortexM7lfsp_math_softfp.a
LOAD c:/program files (x86)/atmel/studio/7.0/toolchain/arm/arm-gnu-toolchain/bin/../lib/gcc/arm-none-eabi/6.3.1/../../../../arm-none-eabi/lib/thumb/v7e-m\libm.a
END GROUP
START GROUP
LOAD c:/program files (x86)/atmel/studio/7.0/toolchain/arm/arm-gnu-toolchain/bin/../lib/gcc/arm-none-eabi/6.3.1/thumb/v7e-m\libgcc.a
LOAD c:/program files (x86)/atmel/studio/7.0/toolchain/arm/arm-gnu-toolchain/bin/../lib/gcc/arm-none-eabi/6.3.1/../../../../arm-none-eabi/lib/thumb/v7e-m\libc.a
END GROUP
LOAD c:/program files (x86)/atmel/studio/7.0/toolchain/arm/arm-gnu-toolchain/bin/../lib/gcc/arm-none-eabi/6.3.1/thumb/v7e-m/crtend.o
LOAD c:/program files (x86)/atmel/studio/7.0/toolchain/arm/arm-gnu-toolchain/bin/../lib/gcc/arm-none-eabi/6.3.1/thumb/v7e-m/crtn.o
                0x00002000                STACK_SIZE = DEFINED (STACK_SIZE)?STACK_SIZE:0x2000
                0x2045fffc                __ram_end__ = ((ORIGIN (ram) + LENGTH (ram)) - 0x4)
                0x00000200                HEAP_SIZE = DEFINED (HEAP_SIZE)?HEAP_SIZE:0x200

.text           0x00400000    0x37544
                0x00400000                . = ALIGN (0x4)
                0x00400000                _sfixed = .
 *(.vectors .vectors.*)
 .vectors       0x00400000      0x168 src/ASF/sam/utils/cmsis/same70/source/templates/gcc/startup_same70.o
                0x00400000                exception_table
 *(.text .text.* .gnu.linkonce.t.*)
 .text          0x00400168       0x6c c:/program files (x86)/atmel/studio/7.0/toolchain/arm/arm-gnu-toolchain/bin/../lib/gcc/arm-none-eabi/6.3.1/thumb/v7e-m/crtbegin.o
 .text.rtc_set_hour_mode
                0x004001d4       0x36 src/ASF/sam/drivers/rtc/rtc.o
                0x004001d4                rtc_set_hour_mode
 .text.rtc_enable_interrupt
                0x0040020a       0x1c src/ASF/sam/drivers/rtc/rtc.o
                0x0040020a                rtc_enable_interrupt
 .text.rtc_get_time
                0x00400226       0xc4 src/ASF/sam/drivers/rtc/rtc.o
                0x00400226                rtc_get_time
 *fill*         0x004002ea        0x2 
 .text.rtc_set_time
                0x004002ec      0x108 src/ASF/sam/drivers/rtc/rtc.o
                0x004002ec                rtc_set_time
 .text.rtc_set_time_alarm
                0x004003f4      0x100 src/ASF/sam/drivers/rtc/rtc.o
                0x004003f4                rtc_set_time_alarm
 .text.rtc_set_date
                0x004004f4      0x140 src/ASF/sam/drivers/rtc/rtc.o
                0x004004f4                rtc_set_date
 .text.rtc_get_status
                0x00400634       0x18 src/ASF/sam/drivers/rtc/rtc.o
                0x00400634                rtc_get_status
 .text.rtc_clear_status
                0x0040064c       0x1c src/ASF/sam/drivers/rtc/rtc.o
                0x0040064c                rtc_clear_status
 .text.rtt_init
                0x00400668       0x30 src/ASF/sam/drivers/rtt/rtt.o
                0x00400668                rtt_init
 .text.rtt_sel_source
                0x00400698       0x58 src/ASF/sam/drivers/rtt/rtt.o
                0x00400698                rtt_sel_source
 .text.rtt_enable_interrupt
                0x004006f0       0x38 src/ASF/sam/drivers/rtt/rtt.o
                0x004006f0                rtt_enable_interrupt
 .text.rtt_disable_interrupt
                0x00400728       0x40 src/ASF/sam/drivers/rtt/rtt.o
                0x00400728                rtt_disable_interrupt
 .text.rtt_read_timer_value
                0x00400768       0x2e src/ASF/sam/drivers/rtt/rtt.o
                0x00400768                rtt_read_timer_value
 .text.rtt_get_status
                0x00400796       0x18 src/ASF/sam/drivers/rtt/rtt.o
                0x00400796                rtt_get_status
 *fill*         0x004007ae        0x2 
 .text.rtt_write_alarm_time
                0x004007b0       0x5c src/ASF/sam/drivers/rtt/rtt.o
                0x004007b0                rtt_write_alarm_time
 .text.NVIC_EnableIRQ
                0x0040080c       0x34 src/main.o
 .text.NVIC_DisableIRQ
                0x00400840       0x34 src/main.o
 .text.NVIC_ClearPendingIRQ
                0x00400874       0x34 src/main.o
 .text.NVIC_SetPriority
                0x004008a8       0x54 src/main.o
 *fill*         0x004008fc        0x4 
 .text.RTT_Handler
                0x00400900      0x1ac src/main.o
                0x00400900                RTT_Handler
 .text.RTC_Handler
                0x00400aac      0x1a8 src/main.o
                0x00400aac                RTC_Handler
 .text.but_callback
                0x00400c54       0x18 src/main.o
                0x00400c54                but_callback
 .text.pulsou   0x00400c6c       0x18 src/main.o
                0x00400c6c                pulsou
 .text.io_init  0x00400c84       0x84 src/main.o
                0x00400c84                io_init
 .text.RTT_init
                0x00400d08       0x98 src/main.o
 .text.RTC_init
                0x00400da0       0x84 src/main.o
                0x00400da0                RTC_init
 .text.configure_lcd
                0x00400e24       0x4c src/main.o
                0x00400e24                configure_lcd
 .text.font_draw_text
                0x00400e70       0x88 src/main.o
                0x00400e70                font_draw_text
 .text.main     0x00400ef8      0x104 src/main.o
                0x00400ef8                main
 .text.osc_get_rate
                0x00400ffc       0x74 src/ASF/common/services/spi/sam_spi/spi_master.o
 .text.sysclk_get_main_hz
                0x00401070       0x20 src/ASF/common/services/spi/sam_spi/spi_master.o
 .text.sysclk_get_peripheral_hz
                0x00401090       0x14 src/ASF/common/services/spi/sam_spi/spi_master.o
 .text.spi_reset
                0x004010a4       0x1a src/ASF/common/services/spi/sam_spi/spi_master.o
 .text.spi_set_master_mode
                0x004010be       0x20 src/ASF/common/services/spi/sam_spi/spi_master.o
 .text.spi_set_fixed_peripheral_select
                0x004010de       0x20 src/ASF/common/services/spi/sam_spi/spi_master.o
 .text.spi_disable_peripheral_select_decode
                0x004010fe       0x20 src/ASF/common/services/spi/sam_spi/spi_master.o
 .text.spi_get_peripheral_select_decode_setting
                0x0040111e       0x26 src/ASF/common/services/spi/sam_spi/spi_master.o
 .text.spi_disable_mode_fault_detect
                0x00401144       0x20 src/ASF/common/services/spi/sam_spi/spi_master.o
 .text.spi_disable_loopback
                0x00401164       0x20 src/ASF/common/services/spi/sam_spi/spi_master.o
 .text.spi_put  0x00401184       0x1e src/ASF/common/services/spi/sam_spi/spi_master.o
 .text.spi_get  0x004011a2       0x1a src/ASF/common/services/spi/sam_spi/spi_master.o
 .text.spi_is_tx_ready
                0x004011bc       0x26 src/ASF/common/services/spi/sam_spi/spi_master.o
 .text.spi_is_rx_ready
                0x004011e2       0x2c src/ASF/common/services/spi/sam_spi/spi_master.o
 *fill*         0x0040120e        0x2 
 .text.spi_write_single
                0x00401210       0x24 src/ASF/common/services/spi/sam_spi/spi_master.o
 .text.spi_read_single
                0x00401234       0x24 src/ASF/common/services/spi/sam_spi/spi_master.o
 .text.spi_master_init
                0x00401258       0x70 src/ASF/common/services/spi/sam_spi/spi_master.o
                0x00401258                spi_master_init
 .text.spi_master_setup_device
                0x004012c8       0xb4 src/ASF/common/services/spi/sam_spi/spi_master.o
                0x004012c8                spi_master_setup_device
 .text.spi_select_device
                0x0040137c       0x58 src/ASF/common/services/spi/sam_spi/spi_master.o
                0x0040137c                spi_select_device
 .text.spi_write_packet
                0x004013d4       0x74 src/ASF/common/services/spi/sam_spi/spi_master.o
                0x004013d4                spi_write_packet
 .text.spi_read_packet
                0x00401448       0xac src/ASF/common/services/spi/sam_spi/spi_master.o
                0x00401448                spi_read_packet
 .text.spi_enable
                0x004014f4       0x1a src/ASF/sam/components/display/ili9488/ili9488.o
 .text.spi_enable_interrupt
                0x0040150e       0x1c src/ASF/sam/components/display/ili9488/ili9488.o
 *fill*         0x0040152a        0x2 
 .text.ili9488_write_ram_prepare
                0x0040152c       0x40 src/ASF/sam/components/display/ili9488/ili9488.o
 .text.ili9488_write_ram_buffer
                0x0040156c       0x40 src/ASF/sam/components/display/ili9488/ili9488.o
 .text.ili9488_write_register
                0x004015ac       0x78 src/ASF/sam/components/display/ili9488/ili9488.o
 .text.ili9488_read_chipid
                0x00401624       0xcc src/ASF/sam/components/display/ili9488/ili9488.o
 .text.ili9488_delay
                0x004016f0       0x40 src/ASF/sam/components/display/ili9488/ili9488.o
                0x004016f0                ili9488_delay
 .text.ili9488_check_box_coordinates
                0x00401730       0xa2 src/ASF/sam/components/display/ili9488/ili9488.o
 *fill*         0x004017d2        0x2 
 .text.ili9488_set_display_direction
                0x004017d4       0x34 src/ASF/sam/components/display/ili9488/ili9488.o
                0x004017d4                ili9488_set_display_direction
 .text.ili9488_set_window
                0x00401808       0xc8 src/ASF/sam/components/display/ili9488/ili9488.o
                0x00401808                ili9488_set_window
 .text.ili9488_init
                0x004018d0      0x15c src/ASF/sam/components/display/ili9488/ili9488.o
                0x004018d0                ili9488_init
 .text.ili9488_display_on
                0x00401a2c       0x18 src/ASF/sam/components/display/ili9488/ili9488.o
                0x00401a2c                ili9488_display_on
 .text.ili9488_set_foreground_color
                0x00401a44       0x54 src/ASF/sam/components/display/ili9488/ili9488.o
                0x00401a44                ili9488_set_foreground_color
 .text.ili9488_set_cursor_position
                0x00401a98       0x84 src/ASF/sam/components/display/ili9488/ili9488.o
                0x00401a98                ili9488_set_cursor_position
 .text.ili9488_draw_filled_rectangle
                0x00401b1c       0xdc src/ASF/sam/components/display/ili9488/ili9488.o
                0x00401b1c                ili9488_draw_filled_rectangle
 .text.ili9488_draw_pixmap
                0x00401bf8       0xb4 src/ASF/sam/components/display/ili9488/ili9488.o
                0x00401bf8                ili9488_draw_pixmap
 .text.spi_get_peripheral_select_mode
                0x00401cac       0x26 src/ASF/sam/drivers/spi/spi.o
 *fill*         0x00401cd2        0x2 
 .text.sysclk_enable_peripheral_clock
                0x00401cd4       0x1c src/ASF/sam/drivers/spi/spi.o
 .text.spi_enable_clock
                0x00401cf0       0x3c src/ASF/sam/drivers/spi/spi.o
                0x00401cf0                spi_enable_clock
 .text.spi_set_peripheral_chip_select_value
                0x00401d2c       0x34 src/ASF/sam/drivers/spi/spi.o
                0x00401d2c                spi_set_peripheral_chip_select_value
 .text.spi_set_delay_between_chip_select
                0x00401d60       0x30 src/ASF/sam/drivers/spi/spi.o
                0x00401d60                spi_set_delay_between_chip_select
 .text.spi_write
                0x00401d90       0x80 src/ASF/sam/drivers/spi/spi.o
                0x00401d90                spi_write
 .text.spi_set_clock_polarity
                0x00401e10       0x50 src/ASF/sam/drivers/spi/spi.o
                0x00401e10                spi_set_clock_polarity
 .text.spi_set_clock_phase
                0x00401e60       0x50 src/ASF/sam/drivers/spi/spi.o
                0x00401e60                spi_set_clock_phase
 .text.spi_configure_cs_behavior
                0x00401eb0       0xa6 src/ASF/sam/drivers/spi/spi.o
                0x00401eb0                spi_configure_cs_behavior
 .text.spi_set_bits_per_transfer
                0x00401f56       0x4a src/ASF/sam/drivers/spi/spi.o
                0x00401f56                spi_set_bits_per_transfer
 .text.spi_calc_baudrate_div
                0x00401fa0       0x3c src/ASF/sam/drivers/spi/spi.o
                0x00401fa0                spi_calc_baudrate_div
 .text.spi_set_baudrate_div
                0x00401fdc       0x5e src/ASF/sam/drivers/spi/spi.o
                0x00401fdc                spi_set_baudrate_div
 .text.spi_set_transfer_delay
                0x0040203a       0x5e src/ASF/sam/drivers/spi/spi.o
                0x0040203a                spi_set_transfer_delay
 .text.osc_enable
                0x00402098       0x88 src/ASF/common/services/clock/same70/sysclk.o
 .text.osc_is_ready
                0x00402120       0x70 src/ASF/common/services/clock/same70/sysclk.o
 .text.osc_get_rate
                0x00402190       0x74 src/ASF/common/services/clock/same70/sysclk.o
 .text.osc_wait_ready
                0x00402204       0x2c src/ASF/common/services/clock/same70/sysclk.o
 .text.pll_config_init
                0x00402230       0x6c src/ASF/common/services/clock/same70/sysclk.o
 .text.pll_enable
                0x0040229c       0x40 src/ASF/common/services/clock/same70/sysclk.o
 .text.pll_is_locked
                0x004022dc       0x2c src/ASF/common/services/clock/same70/sysclk.o
 .text.pll_enable_source
                0x00402308       0x38 src/ASF/common/services/clock/same70/sysclk.o
 .text.pll_wait_for_lock
                0x00402340       0x24 src/ASF/common/services/clock/same70/sysclk.o
 .text.sysclk_get_main_hz
                0x00402364       0x20 src/ASF/common/services/clock/same70/sysclk.o
 .text.sysclk_get_cpu_hz
                0x00402384       0x14 src/ASF/common/services/clock/same70/sysclk.o
 .text.sysclk_init
                0x00402398       0x7c src/ASF/common/services/clock/same70/sysclk.o
                0x00402398                sysclk_init
 .text.SCB_EnableICache
                0x00402414       0x38 src/ASF/sam/boards/same70_xplained/init.o
 .text.SCB_EnableDCache
                0x0040244c       0xa4 src/ASF/sam/boards/same70_xplained/init.o
 .text.sysclk_enable_peripheral_clock
                0x004024f0       0x1c src/ASF/sam/boards/same70_xplained/init.o
 .text.ioport_init
                0x0040250c       0x2c src/ASF/sam/boards/same70_xplained/init.o
 .text.ioport_set_pin_mode
                0x00402538      0x11c src/ASF/sam/boards/same70_xplained/init.o
 .text.ioport_set_pin_dir
                0x00402654       0x88 src/ASF/sam/boards/same70_xplained/init.o
 .text.ioport_set_pin_level
                0x004026dc       0x6c src/ASF/sam/boards/same70_xplained/init.o
 .text.ioport_set_pin_sense_mode
                0x00402748       0xd0 src/ASF/sam/boards/same70_xplained/init.o
 .text.tcm_disable
                0x00402818       0x44 src/ASF/sam/boards/same70_xplained/init.o
 .text.board_init
                0x0040285c      0x188 src/ASF/sam/boards/same70_xplained/init.o
                0x0040285c                board_init
 .text.pio_pull_up
                0x004029e4       0x2c src/ASF/sam/drivers/pio/pio.o
                0x004029e4                pio_pull_up
 .text.pio_set  0x00402a10       0x1c src/ASF/sam/drivers/pio/pio.o
                0x00402a10                pio_set
 .text.pio_set_peripheral
                0x00402a2c      0x110 src/ASF/sam/drivers/pio/pio.o
                0x00402a2c                pio_set_peripheral
 .text.pio_set_input
                0x00402b3c       0x80 src/ASF/sam/drivers/pio/pio.o
                0x00402b3c                pio_set_input
 .text.pio_set_output
                0x00402bbc       0x64 src/ASF/sam/drivers/pio/pio.o
                0x00402bbc                pio_set_output
 .text.pio_configure
                0x00402c20       0xcc src/ASF/sam/drivers/pio/pio.o
                0x00402c20                pio_configure
 .text.pio_configure_interrupt
                0x00402cec       0x6c src/ASF/sam/drivers/pio/pio.o
                0x00402cec                pio_configure_interrupt
 .text.pio_enable_interrupt
                0x00402d58       0x1c src/ASF/sam/drivers/pio/pio.o
                0x00402d58                pio_enable_interrupt
 .text.pio_disable_interrupt
                0x00402d74       0x1c src/ASF/sam/drivers/pio/pio.o
                0x00402d74                pio_disable_interrupt
 .text.pio_get_interrupt_status
                0x00402d90       0x18 src/ASF/sam/drivers/pio/pio.o
                0x00402d90                pio_get_interrupt_status
 .text.pio_get_interrupt_mask
                0x00402da8       0x18 src/ASF/sam/drivers/pio/pio.o
                0x00402da8                pio_get_interrupt_mask
 .text.pio_set_pin_high
                0x00402dc0       0x30 src/ASF/sam/drivers/pio/pio.o
                0x00402dc0                pio_set_pin_high
 .text.pio_set_pin_low
                0x00402df0       0x30 src/ASF/sam/drivers/pio/pio.o
                0x00402df0                pio_set_pin_low
 .text.pio_configure_pin
                0x00402e20      0x1b0 src/ASF/sam/drivers/pio/pio.o
                0x00402e20                pio_configure_pin
 .text.pio_get_pin_group
                0x00402fd0       0x28 src/ASF/sam/drivers/pio/pio.o
                0x00402fd0                pio_get_pin_group
 .text.pio_handler_process
                0x00402ff8       0xb4 src/ASF/sam/drivers/pio/pio_handler.o
                0x00402ff8                pio_handler_process
 .text.pio_handler_set
                0x004030ac       0xa0 src/ASF/sam/drivers/pio/pio_handler.o
                0x004030ac                pio_handler_set
 .text.PIOA_Handler
                0x0040314c       0x18 src/ASF/sam/drivers/pio/pio_handler.o
                0x0040314c                PIOA_Handler
 .text.PIOB_Handler
                0x00403164       0x18 src/ASF/sam/drivers/pio/pio_handler.o
                0x00403164                PIOB_Handler
 .text.PIOC_Handler
                0x0040317c       0x18 src/ASF/sam/drivers/pio/pio_handler.o
                0x0040317c                PIOC_Handler
 .text.PIOD_Handler
                0x00403194       0x18 src/ASF/sam/drivers/pio/pio_handler.o
                0x00403194                PIOD_Handler
 .text.PIOE_Handler
                0x004031ac       0x18 src/ASF/sam/drivers/pio/pio_handler.o
                0x004031ac                PIOE_Handler
 .text.pmc_mck_set_division
                0x004031c4       0x7c src/ASF/sam/drivers/pmc/pmc.o
                0x004031c4                pmc_mck_set_division
 .text.pmc_switch_mck_to_pllack
                0x00403240       0x84 src/ASF/sam/drivers/pmc/pmc.o
                0x00403240                pmc_switch_mck_to_pllack
 .text.pmc_switch_sclk_to_32kxtal
                0x004032c4       0x38 src/ASF/sam/drivers/pmc/pmc.o
                0x004032c4                pmc_switch_sclk_to_32kxtal
 .text.pmc_osc_is_ready_32kxtal
                0x004032fc       0x34 src/ASF/sam/drivers/pmc/pmc.o
                0x004032fc                pmc_osc_is_ready_32kxtal
 .text.pmc_switch_mainck_to_fastrc
                0x00403330       0x70 src/ASF/sam/drivers/pmc/pmc.o
                0x00403330                pmc_switch_mainck_to_fastrc
 .text.pmc_switch_mainck_to_xtal
                0x004033a0       0x78 src/ASF/sam/drivers/pmc/pmc.o
                0x004033a0                pmc_switch_mainck_to_xtal
 .text.pmc_osc_is_ready_mainck
                0x00403418       0x1c src/ASF/sam/drivers/pmc/pmc.o
                0x00403418                pmc_osc_is_ready_mainck
 .text.pmc_disable_pllack
                0x00403434       0x1c src/ASF/sam/drivers/pmc/pmc.o
                0x00403434                pmc_disable_pllack
 .text.pmc_is_locked_pllack
                0x00403450       0x1c src/ASF/sam/drivers/pmc/pmc.o
                0x00403450                pmc_is_locked_pllack
 .text.pmc_is_locked_upll
                0x0040346c       0x1c src/ASF/sam/drivers/pmc/pmc.o
                0x0040346c                pmc_is_locked_upll
 .text.pmc_enable_periph_clk
                0x00403488       0x3c src/ASF/sam/drivers/pmc/pmc.o
                0x00403488                pmc_enable_periph_clk
 .text.pmc_set_flash_in_wait_mode
                0x004034c4       0x20 src/ASF/sam/drivers/pmc/pmc.o
                0x004034c4                pmc_set_flash_in_wait_mode
 .text.pmc_enable_waitmode
                0x004034e4       0x90 src/ASF/sam/drivers/pmc/pmc.o
                0x004034e4                pmc_enable_waitmode
 .text.pmc_sleep
                0x00403574      0x398 src/ASF/sam/drivers/pmc/sleep.o
                0x00403574                pmc_sleep
 .text.cpu_irq_save
                0x0040390c       0x38 src/ASF/sam/utils/cmsis/same70/source/templates/gcc/startup_same70.o
 .text.cpu_irq_is_enabled_flags
                0x00403944       0x20 src/ASF/sam/utils/cmsis/same70/source/templates/gcc/startup_same70.o
 .text.cpu_irq_restore
                0x00403964       0x30 src/ASF/sam/utils/cmsis/same70/source/templates/gcc/startup_same70.o
 .text.Reset_Handler
                0x00403994       0xb0 src/ASF/sam/utils/cmsis/same70/source/templates/gcc/startup_same70.o
                0x00403994                Reset_Handler
 .text.Dummy_Handler
                0x00403a44        0x6 src/ASF/sam/utils/cmsis/same70/source/templates/gcc/startup_same70.o
                0x00403a44                DACC_Handler
                0x00403a44                DebugMon_Handler
                0x00403a44                UART3_Handler
                0x00403a44                UART2_Handler
                0x00403a44                TRNG_Handler
                0x00403a44                HardFault_Handler
                0x00403a44                TC2_Handler
                0x00403a44                SysTick_Handler
                0x00403a44                AFEC1_Handler
                0x00403a44                PendSV_Handler
                0x00403a44                NMI_Handler
                0x00403a44                TC7_Handler
                0x00403a44                QSPI_Handler
                0x00403a44                ISI_Handler
                0x00403a44                MCAN0_INT0_Handler
                0x00403a44                TC9_Handler
                0x00403a44                RSWDT_Handler
                0x00403a44                USART0_Handler
                0x00403a44                USBHS_Handler
                0x00403a44                IXC_Handler
                0x00403a44                CCF_Handler
                0x00403a44                UsageFault_Handler
                0x00403a44                TC6_Handler
                0x00403a44                WDT_Handler
                0x00403a44                MCAN1_INT1_Handler
                0x00403a44                TC4_Handler
                0x00403a44                TC1_Handler
                0x00403a44                HSMCI_Handler
                0x00403a44                UART1_Handler
                0x00403a44                TC3_Handler
                0x00403a44                Dummy_Handler
                0x00403a44                TWIHS1_Handler
                0x00403a44                XDMAC_Handler
                0x00403a44                UART4_Handler
                0x00403a44                PWM1_Handler
                0x00403a44                USART1_Handler
                0x00403a44                PWM0_Handler
                0x00403a44                AFEC0_Handler
                0x00403a44                CCW_Handler
                0x00403a44                TC11_Handler
                0x00403a44                SSC_Handler
                0x00403a44                ACC_Handler
                0x00403a44                PMC_Handler
                0x00403a44                GMAC_Handler
                0x00403a44                MCAN0_INT1_Handler
                0x00403a44                GMAC_Q5_Handler
                0x00403a44                MemManage_Handler
                0x00403a44                SUPC_Handler
                0x00403a44                SVC_Handler
                0x00403a44                TC8_Handler
                0x00403a44                MCAN1_INT0_Handler
                0x00403a44                EFC_Handler
                0x00403a44                GMAC_Q1_Handler
                0x00403a44                USART2_Handler
                0x00403a44                SDRAMC_Handler
                0x00403a44                GMAC_Q2_Handler
                0x00403a44                SPI1_Handler
                0x00403a44                TC10_Handler
                0x00403a44                GMAC_Q3_Handler
                0x00403a44                TWIHS2_Handler
                0x00403a44                I2SC0_Handler
                0x00403a44                UART0_Handler
                0x00403a44                I2SC1_Handler
                0x00403a44                GMAC_Q4_Handler
                0x00403a44                FPU_Handler
                0x00403a44                BusFault_Handler
                0x00403a44                RSTC_Handler
                0x00403a44                TC0_Handler
                0x00403a44                TC5_Handler
                0x00403a44                AES_Handler
                0x00403a44                ICM_Handler
                0x00403a44                TWIHS0_Handler
                0x00403a44                SPI0_Handler
 *fill*         0x00403a4a        0x2 
 .text.SystemCoreClockUpdate
                0x00403a4c      0x168 src/ASF/sam/utils/cmsis/same70/source/templates/system_same70.o
                0x00403a4c                SystemCoreClockUpdate
 .text.system_init_flash
                0x00403bb4       0xb0 src/ASF/sam/utils/cmsis/same70/source/templates/system_same70.o
                0x00403bb4                system_init_flash
 .text._sbrk    0x00403c64       0x58 src/ASF/sam/utils/syscalls/gcc/syscalls.o
                0x00403c64                _sbrk
 .text          0x00403cbc      0x370 c:/program files (x86)/atmel/studio/7.0/toolchain/arm/arm-gnu-toolchain/bin/../lib/gcc/arm-none-eabi/6.3.1/thumb/v7e-m\libgcc.a(_arm_addsubdf3.o)
                0x00403cbc                __aeabi_drsub
                0x00403cc4                __aeabi_dsub
                0x00403cc4                __subdf3
                0x00403cc8                __aeabi_dadd
                0x00403cc8                __adddf3
                0x00403f40                __floatunsidf
                0x00403f40                __aeabi_ui2d
                0x00403f60                __floatsidf
                0x00403f60                __aeabi_i2d
                0x00403f84                __aeabi_f2d
                0x00403f84                __extendsfdf2
                0x00403fc0                __floatundidf
                0x00403fc0                __aeabi_ul2d
                0x00403fd0                __floatdidf
                0x00403fd0                __aeabi_l2d
 .text          0x0040402c      0x424 c:/program files (x86)/atmel/studio/7.0/toolchain/arm/arm-gnu-toolchain/bin/../lib/gcc/arm-none-eabi/6.3.1/thumb/v7e-m\libgcc.a(_arm_muldivdf3.o)
                0x0040402c                __aeabi_dmul
                0x0040402c                __muldf3
                0x00404280                __divdf3
                0x00404280                __aeabi_ddiv
 .text          0x00404450       0x50 c:/program files (x86)/atmel/studio/7.0/toolchain/arm/arm-gnu-toolchain/bin/../lib/gcc/arm-none-eabi/6.3.1/thumb/v7e-m\libgcc.a(_arm_fixdfsi.o)
                0x00404450                __aeabi_d2iz
                0x00404450                __fixdfsi
 .text.__libc_init_array
                0x004044a0       0x50 c:/program files (x86)/atmel/studio/7.0/toolchain/arm/arm-gnu-toolchain/bin/../lib/gcc/arm-none-eabi/6.3.1/../../../../arm-none-eabi/lib/thumb/v7e-m\libc.a(lib_a-init.o)
                0x004044a0                __libc_init_array
 .text.memset   0x004044f0       0x9c c:/program files (x86)/atmel/studio/7.0/toolchain/arm/arm-gnu-toolchain/bin/../lib/gcc/arm-none-eabi/6.3.1/../../../../arm-none-eabi/lib/thumb/v7e-m\libc.a(lib_a-memset.o)
                0x004044f0                memset
 .text.sprintf  0x0040458c       0x4c c:/program files (x86)/atmel/studio/7.0/toolchain/arm/arm-gnu-toolchain/bin/../lib/gcc/arm-none-eabi/6.3.1/../../../../arm-none-eabi/lib/thumb/v7e-m\libc.a(lib_a-sprintf.o)
                0x0040458c                sprintf
 .text._svfprintf_r
                0x004045d8     0x145c c:/program files (x86)/atmel/studio/7.0/toolchain/arm/arm-gnu-toolchain/bin/../lib/gcc/arm-none-eabi/6.3.1/../../../../arm-none-eabi/lib/thumb/v7e-m\libc.a(lib_a-svfprintf.o)
                0x004045d8                _svfprintf_r
 .text.startup.register_fini
                0x00405a34       0x14 c:/program files (x86)/atmel/studio/7.0/toolchain/arm/arm-gnu-toolchain/bin/../lib/gcc/arm-none-eabi/6.3.1/../../../../arm-none-eabi/lib/thumb/v7e-m\libc.a(lib_a-__call_atexit.o)
 .text.atexit   0x00405a48        0xc c:/program files (x86)/atmel/studio/7.0/toolchain/arm/arm-gnu-toolchain/bin/../lib/gcc/arm-none-eabi/6.3.1/../../../../arm-none-eabi/lib/thumb/v7e-m\libc.a(lib_a-atexit.o)
                0x00405a48                atexit
 .text.quorem   0x00405a54      0x128 c:/program files (x86)/atmel/studio/7.0/toolchain/arm/arm-gnu-toolchain/bin/../lib/gcc/arm-none-eabi/6.3.1/../../../../arm-none-eabi/lib/thumb/v7e-m\libc.a(lib_a-dtoa.o)
 *fill*         0x00405b7c        0x4 
 .text._dtoa_r  0x00405b80      0xe54 c:/program files (x86)/atmel/studio/7.0/toolchain/arm/arm-gnu-toolchain/bin/../lib/gcc/arm-none-eabi/6.3.1/../../../../arm-none-eabi/lib/thumb/v7e-m\libc.a(lib_a-dtoa.o)
                0x00405b80                _dtoa_r
 .text.__libc_fini_array
                0x004069d4       0x34 c:/program files (x86)/atmel/studio/7.0/toolchain/arm/arm-gnu-toolchain/bin/../lib/gcc/arm-none-eabi/6.3.1/../../../../arm-none-eabi/lib/thumb/v7e-m\libc.a(lib_a-fini.o)
                0x004069d4                __libc_fini_array
 .text._localeconv_r
                0x00406a08       0x1c c:/program files (x86)/atmel/studio/7.0/toolchain/arm/arm-gnu-toolchain/bin/../lib/gcc/arm-none-eabi/6.3.1/../../../../arm-none-eabi/lib/thumb/v7e-m\libc.a(lib_a-localeconv.o)
                0x00406a08                _localeconv_r
 .text.__retarget_lock_acquire_recursive
                0x00406a24        0x4 c:/program files (x86)/atmel/studio/7.0/toolchain/arm/arm-gnu-toolchain/bin/../lib/gcc/arm-none-eabi/6.3.1/../../../../arm-none-eabi/lib/thumb/v7e-m\libc.a(lib_a-lock.o)
                0x00406a24                __retarget_lock_acquire_recursive
 .text.__retarget_lock_release_recursive
                0x00406a28        0x4 c:/program files (x86)/atmel/studio/7.0/toolchain/arm/arm-gnu-toolchain/bin/../lib/gcc/arm-none-eabi/6.3.1/../../../../arm-none-eabi/lib/thumb/v7e-m\libc.a(lib_a-lock.o)
                0x00406a28                __retarget_lock_release_recursive
 .text._malloc_r
                0x00406a2c      0x560 c:/program files (x86)/atmel/studio/7.0/toolchain/arm/arm-gnu-toolchain/bin/../lib/gcc/arm-none-eabi/6.3.1/../../../../arm-none-eabi/lib/thumb/v7e-m\libc.a(lib_a-mallocr.o)
                0x00406a2c                _malloc_r
 *fill*         0x00406f8c        0x4 
 .text          0x00406f90       0xa0 c:/program files (x86)/atmel/studio/7.0/toolchain/arm/arm-gnu-toolchain/bin/../lib/gcc/arm-none-eabi/6.3.1/../../../../arm-none-eabi/lib/thumb/v7e-m\libc.a(lib_a-memchr.o)
                0x00406f90                memchr
 .text          0x00407030      0x134 c:/program files (x86)/atmel/studio/7.0/toolchain/arm/arm-gnu-toolchain/bin/../lib/gcc/arm-none-eabi/6.3.1/../../../../arm-none-eabi/lib/thumb/v7e-m\libc.a(lib_a-memcpy.o)
                0x00407030                memcpy
 .text.__malloc_lock
                0x00407164        0xc c:/program files (x86)/atmel/studio/7.0/toolchain/arm/arm-gnu-toolchain/bin/../lib/gcc/arm-none-eabi/6.3.1/../../../../arm-none-eabi/lib/thumb/v7e-m\libc.a(lib_a-mlock.o)
                0x00407164                __malloc_lock
 .text.__malloc_unlock
                0x00407170        0xc c:/program files (x86)/atmel/studio/7.0/toolchain/arm/arm-gnu-toolchain/bin/../lib/gcc/arm-none-eabi/6.3.1/../../../../arm-none-eabi/lib/thumb/v7e-m\libc.a(lib_a-mlock.o)
                0x00407170                __malloc_unlock
 .text._Balloc  0x0040717c       0x4c c:/program files (x86)/atmel/studio/7.0/toolchain/arm/arm-gnu-toolchain/bin/../lib/gcc/arm-none-eabi/6.3.1/../../../../arm-none-eabi/lib/thumb/v7e-m\libc.a(lib_a-mprec.o)
                0x0040717c                _Balloc
 .text._Bfree   0x004071c8       0x14 c:/program files (x86)/atmel/studio/7.0/toolchain/arm/arm-gnu-toolchain/bin/../lib/gcc/arm-none-eabi/6.3.1/../../../../arm-none-eabi/lib/thumb/v7e-m\libc.a(lib_a-mprec.o)
                0x004071c8                _Bfree
 .text.__multadd
                0x004071dc       0x80 c:/program files (x86)/atmel/studio/7.0/toolchain/arm/arm-gnu-toolchain/bin/../lib/gcc/arm-none-eabi/6.3.1/../../../../arm-none-eabi/lib/thumb/v7e-m\libc.a(lib_a-mprec.o)
                0x004071dc                __multadd
 .text.__hi0bits
                0x0040725c       0x40 c:/program files (x86)/atmel/studio/7.0/toolchain/arm/arm-gnu-toolchain/bin/../lib/gcc/arm-none-eabi/6.3.1/../../../../arm-none-eabi/lib/thumb/v7e-m\libc.a(lib_a-mprec.o)
                0x0040725c                __hi0bits
 .text.__lo0bits
                0x0040729c       0x60 c:/program files (x86)/atmel/studio/7.0/toolchain/arm/arm-gnu-toolchain/bin/../lib/gcc/arm-none-eabi/6.3.1/../../../../arm-none-eabi/lib/thumb/v7e-m\libc.a(lib_a-mprec.o)
                0x0040729c                __lo0bits
 .text.__i2b    0x004072fc       0x14 c:/program files (x86)/atmel/studio/7.0/toolchain/arm/arm-gnu-toolchain/bin/../lib/gcc/arm-none-eabi/6.3.1/../../../../arm-none-eabi/lib/thumb/v7e-m\libc.a(lib_a-mprec.o)
                0x004072fc                __i2b
 .text.__multiply
                0x00407310      0x124 c:/program files (x86)/atmel/studio/7.0/toolchain/arm/arm-gnu-toolchain/bin/../lib/gcc/arm-none-eabi/6.3.1/../../../../arm-none-eabi/lib/thumb/v7e-m\libc.a(lib_a-mprec.o)
                0x00407310                __multiply
 .text.__pow5mult
                0x00407434       0xa0 c:/program files (x86)/atmel/studio/7.0/toolchain/arm/arm-gnu-toolchain/bin/../lib/gcc/arm-none-eabi/6.3.1/../../../../arm-none-eabi/lib/thumb/v7e-m\libc.a(lib_a-mprec.o)
                0x00407434                __pow5mult
 .text.__lshift
                0x004074d4       0xa4 c:/program files (x86)/atmel/studio/7.0/toolchain/arm/arm-gnu-toolchain/bin/../lib/gcc/arm-none-eabi/6.3.1/../../../../arm-none-eabi/lib/thumb/v7e-m\libc.a(lib_a-mprec.o)
                0x004074d4                __lshift
 .text.__mcmp   0x00407578       0x38 c:/program files (x86)/atmel/studio/7.0/toolchain/arm/arm-gnu-toolchain/bin/../lib/gcc/arm-none-eabi/6.3.1/../../../../arm-none-eabi/lib/thumb/v7e-m\libc.a(lib_a-mprec.o)
                0x00407578                __mcmp
 .text.__mdiff  0x004075b0      0x108 c:/program files (x86)/atmel/studio/7.0/toolchain/arm/arm-gnu-toolchain/bin/../lib/gcc/arm-none-eabi/6.3.1/../../../../arm-none-eabi/lib/thumb/v7e-m\libc.a(lib_a-mprec.o)
                0x004075b0                __mdiff
 .text.__d2b    0x004076b8       0xb8 c:/program files (x86)/atmel/studio/7.0/toolchain/arm/arm-gnu-toolchain/bin/../lib/gcc/arm-none-eabi/6.3.1/../../../../arm-none-eabi/lib/thumb/v7e-m\libc.a(lib_a-mprec.o)
                0x004076b8                __d2b
 .text._sbrk_r  0x00407770       0x24 c:/program files (x86)/atmel/studio/7.0/toolchain/arm/arm-gnu-toolchain/bin/../lib/gcc/arm-none-eabi/6.3.1/../../../../arm-none-eabi/lib/thumb/v7e-m\libc.a(lib_a-sbrkr.o)
                0x00407770                _sbrk_r
 *fill*         0x00407794       0x2c 
 .text          0x004077c0       0xdc c:/program files (x86)/atmel/studio/7.0/toolchain/arm/arm-gnu-toolchain/bin/../lib/gcc/arm-none-eabi/6.3.1/../../../../arm-none-eabi/lib/thumb/v7e-m\libc.a(lib_a-strlen.o)
                0x004077c0                strlen
 .text.__ssprint_r
                0x0040789c       0xfc c:/program files (x86)/atmel/studio/7.0/toolchain/arm/arm-gnu-toolchain/bin/../lib/gcc/arm-none-eabi/6.3.1/../../../../arm-none-eabi/lib/thumb/v7e-m\libc.a(lib_a-svfiprintf.o)
                0x0040789c                __ssprint_r
 .text.__register_exitproc
                0x00407998       0xc4 c:/program files (x86)/atmel/studio/7.0/toolchain/arm/arm-gnu-toolchain/bin/../lib/gcc/arm-none-eabi/6.3.1/../../../../arm-none-eabi/lib/thumb/v7e-m\libc.a(lib_a-__atexit.o)
                0x00407998                __register_exitproc
 .text._calloc_r
                0x00407a5c       0x60 c:/program files (x86)/atmel/studio/7.0/toolchain/arm/arm-gnu-toolchain/bin/../lib/gcc/arm-none-eabi/6.3.1/../../../../arm-none-eabi/lib/thumb/v7e-m\libc.a(lib_a-callocr.o)
                0x00407a5c                _calloc_r
 .text._malloc_trim_r
                0x00407abc       0xa0 c:/program files (x86)/atmel/studio/7.0/toolchain/arm/arm-gnu-toolchain/bin/../lib/gcc/arm-none-eabi/6.3.1/../../../../arm-none-eabi/lib/thumb/v7e-m\libc.a(lib_a-freer.o)
                0x00407abc                _malloc_trim_r
 .text._free_r  0x00407b5c      0x1cc c:/program files (x86)/atmel/studio/7.0/toolchain/arm/arm-gnu-toolchain/bin/../lib/gcc/arm-none-eabi/6.3.1/../../../../arm-none-eabi/lib/thumb/v7e-m\libc.a(lib_a-freer.o)
                0x00407b5c                _free_r
 .text.__ascii_mbtowc
                0x00407d28       0x2c c:/program files (x86)/atmel/studio/7.0/toolchain/arm/arm-gnu-toolchain/bin/../lib/gcc/arm-none-eabi/6.3.1/../../../../arm-none-eabi/lib/thumb/v7e-m\libc.a(lib_a-mbtowc_r.o)
                0x00407d28                __ascii_mbtowc
 .text.memmove  0x00407d54       0xc8 c:/program files (x86)/atmel/studio/7.0/toolchain/arm/arm-gnu-toolchain/bin/../lib/gcc/arm-none-eabi/6.3.1/../../../../arm-none-eabi/lib/thumb/v7e-m\libc.a(lib_a-memmove.o)
                0x00407d54                memmove
 .text._realloc_r
                0x00407e1c      0x34c c:/program files (x86)/atmel/studio/7.0/toolchain/arm/arm-gnu-toolchain/bin/../lib/gcc/arm-none-eabi/6.3.1/../../../../arm-none-eabi/lib/thumb/v7e-m\libc.a(lib_a-reallocr.o)
                0x00407e1c                _realloc_r
 .text.__ascii_wctomb
                0x00408168       0x1c c:/program files (x86)/atmel/studio/7.0/toolchain/arm/arm-gnu-toolchain/bin/../lib/gcc/arm-none-eabi/6.3.1/../../../../arm-none-eabi/lib/thumb/v7e-m\libc.a(lib_a-wctomb_r.o)
                0x00408168                __ascii_wctomb
 .text          0x00408184      0x110 c:/program files (x86)/atmel/studio/7.0/toolchain/arm/arm-gnu-toolchain/bin/../lib/gcc/arm-none-eabi/6.3.1/thumb/v7e-m\libgcc.a(_arm_cmpdf2.o)
                0x00408184                __gtdf2
                0x00408184                __gedf2
                0x0040818c                __ltdf2
                0x0040818c                __ledf2
                0x00408194                __nedf2
                0x00408194                __eqdf2
                0x00408194                __cmpdf2
                0x00408210                __aeabi_cdrcmple
                0x00408220                __aeabi_cdcmpeq
                0x00408220                __aeabi_cdcmple
                0x00408230                __aeabi_dcmpeq
                0x00408244                __aeabi_dcmplt
                0x00408258                __aeabi_dcmple
                0x0040826c                __aeabi_dcmpge
                0x00408280                __aeabi_dcmpgt
 .text          0x00408294       0x2c c:/program files (x86)/atmel/studio/7.0/toolchain/arm/arm-gnu-toolchain/bin/../lib/gcc/arm-none-eabi/6.3.1/thumb/v7e-m\libgcc.a(_arm_unorddf2.o)
                0x00408294                __unorddf2
                0x00408294                __aeabi_dcmpun
 .text          0x004082c0       0x30 c:/program files (x86)/atmel/studio/7.0/toolchain/arm/arm-gnu-toolchain/bin/../lib/gcc/arm-none-eabi/6.3.1/thumb/v7e-m\libgcc.a(_aeabi_uldivmod.o)
                0x004082c0                __aeabi_uldivmod
 .text          0x004082f0      0x2dc c:/program files (x86)/atmel/studio/7.0/toolchain/arm/arm-gnu-toolchain/bin/../lib/gcc/arm-none-eabi/6.3.1/thumb/v7e-m\libgcc.a(_udivmoddi4.o)
                0x004082f0                __udivmoddi4
 .text          0x004085cc        0x4 c:/program files (x86)/atmel/studio/7.0/toolchain/arm/arm-gnu-toolchain/bin/../lib/gcc/arm-none-eabi/6.3.1/thumb/v7e-m\libgcc.a(_dvmd_tls.o)
                0x004085cc                __aeabi_idiv0
                0x004085cc                __aeabi_ldiv0
 *(.glue_7t)
 .glue_7t       0x004085d0        0x0 linker stubs
 *(.glue_7)
 .glue_7        0x004085d0        0x0 linker stubs
 *(.rodata .rodata* .gnu.linkonce.r.*)
 .rodata.image_data_sourcecodepro_28_0x41
                0x004085d0      0x138 src/main.o
 .rodata.sourcecodepro_28_0x41
                0x00408708       0x10 src/main.o
 .rodata.image_data_sourcecodepro_28_0x42
                0x00408718      0x138 src/main.o
 .rodata.sourcecodepro_28_0x42
                0x00408850       0x10 src/main.o
 .rodata.image_data_sourcecodepro_28_0x43
                0x00408860      0x15f src/main.o
 *fill*         0x004089bf        0x1 
 .rodata.sourcecodepro_28_0x43
                0x004089c0       0x10 src/main.o
 .rodata.image_data_sourcecodepro_28_0x44
                0x004089d0      0x186 src/main.o
 *fill*         0x00408b56        0x2 
 .rodata.sourcecodepro_28_0x44
                0x00408b58       0x10 src/main.o
 .rodata.image_data_sourcecodepro_28_0x45
                0x00408b68      0x138 src/main.o
 .rodata.sourcecodepro_28_0x45
                0x00408ca0       0x10 src/main.o
 .rodata.image_data_sourcecodepro_28_0x46
                0x00408cb0      0x111 src/main.o
 *fill*         0x00408dc1        0x3 
 .rodata.sourcecodepro_28_0x46
                0x00408dc4       0x10 src/main.o
 .rodata.image_data_sourcecodepro_28_0x47
                0x00408dd4      0x15f src/main.o
 *fill*         0x00408f33        0x1 
 .rodata.sourcecodepro_28_0x47
                0x00408f34       0x10 src/main.o
 .rodata.image_data_sourcecodepro_28_0x48
                0x00408f44      0x15f src/main.o
 *fill*         0x004090a3        0x1 
 .rodata.sourcecodepro_28_0x48
                0x004090a4       0x10 src/main.o
 .rodata.image_data_sourcecodepro_28_0x49
                0x004090b4       0x9c src/main.o
 .rodata.sourcecodepro_28_0x49
                0x00409150       0x10 src/main.o
 .rodata.image_data_sourcecodepro_28_0x4a
                0x00409160       0xea src/main.o
 *fill*         0x0040924a        0x2 
 .rodata.sourcecodepro_28_0x4a
                0x0040924c       0x10 src/main.o
 .rodata.image_data_sourcecodepro_28_0x4b
                0x0040925c      0x138 src/main.o
 .rodata.sourcecodepro_28_0x4b
                0x00409394       0x10 src/main.o
 .rodata.image_data_sourcecodepro_28_0x4c
                0x004093a4      0x111 src/main.o
 *fill*         0x004094b5        0x3 
 .rodata.sourcecodepro_28_0x4c
                0x004094b8       0x10 src/main.o
 .rodata.image_data_sourcecodepro_28_0x4d
                0x004094c8      0x186 src/main.o
 *fill*         0x0040964e        0x2 
 .rodata.sourcecodepro_28_0x4d
                0x00409650       0x10 src/main.o
 .rodata.image_data_sourcecodepro_28_0x4e
                0x00409660      0x15f src/main.o
 *fill*         0x004097bf        0x1 
 .rodata.sourcecodepro_28_0x4e
                0x004097c0       0x10 src/main.o
 .rodata.image_data_sourcecodepro_28_0x4f
                0x004097d0      0x186 src/main.o
 *fill*         0x00409956        0x2 
 .rodata.sourcecodepro_28_0x4f
                0x00409958       0x10 src/main.o
 .rodata.image_data_sourcecodepro_28_0x50
                0x00409968      0x138 src/main.o
 .rodata.sourcecodepro_28_0x50
                0x00409aa0       0x10 src/main.o
 .rodata.image_data_sourcecodepro_28_0x51
                0x00409ab0      0x186 src/main.o
 *fill*         0x00409c36        0x2 
 .rodata.sourcecodepro_28_0x51
                0x00409c38       0x10 src/main.o
 .rodata.image_data_sourcecodepro_28_0x52
                0x00409c48      0x15f src/main.o
 *fill*         0x00409da7        0x1 
 .rodata.sourcecodepro_28_0x52
                0x00409da8       0x10 src/main.o
 .rodata.image_data_sourcecodepro_28_0x53
                0x00409db8      0x138 src/main.o
 .rodata.sourcecodepro_28_0x53
                0x00409ef0       0x10 src/main.o
 .rodata.image_data_sourcecodepro_28_0x54
                0x00409f00      0x138 src/main.o
 .rodata.sourcecodepro_28_0x54
                0x0040a038       0x10 src/main.o
 .rodata.image_data_sourcecodepro_28_0x55
                0x0040a048      0x15f src/main.o
 *fill*         0x0040a1a7        0x1 
 .rodata.sourcecodepro_28_0x55
                0x0040a1a8       0x10 src/main.o
 .rodata.image_data_sourcecodepro_28_0x56
                0x0040a1b8      0x138 src/main.o
 .rodata.sourcecodepro_28_0x56
                0x0040a2f0       0x10 src/main.o
 .rodata.image_data_sourcecodepro_28_0x57
                0x0040a300      0x222 src/main.o
 *fill*         0x0040a522        0x2 
 .rodata.sourcecodepro_28_0x57
                0x0040a524       0x10 src/main.o
 .rodata.image_data_sourcecodepro_28_0x58
                0x0040a534      0x138 src/main.o
 .rodata.sourcecodepro_28_0x58
                0x0040a66c       0x10 src/main.o
 .rodata.image_data_sourcecodepro_28_0x59
                0x0040a67c      0x138 src/main.o
 .rodata.sourcecodepro_28_0x59
                0x0040a7b4       0x10 src/main.o
 .rodata.image_data_sourcecodepro_28_0x5a
                0x0040a7c4      0x138 src/main.o
 .rodata.sourcecodepro_28_0x5a
                0x0040a8fc       0x10 src/main.o
 .rodata.sourcecodepro_28_array
                0x0040a90c       0xd0 src/main.o
 .rodata.sourcecodepro_28
                0x0040a9dc        0xc src/main.o
                0x0040a9dc                sourcecodepro_28
 .rodata.image_data_calibri_36_0x20
                0x0040a9e8      0x378 src/main.o
 .rodata.calibri_36_0x20
                0x0040ad60       0x10 src/main.o
 .rodata.image_data_calibri_36_0x21
                0x0040ad70      0x534 src/main.o
 .rodata.calibri_36_0x21
                0x0040b2a4       0x10 src/main.o
 .rodata.image_data_calibri_36_0x22
                0x0040b2b4      0x612 src/main.o
 *fill*         0x0040b8c6        0x2 
 .rodata.calibri_36_0x22
                0x0040b8c8       0x10 src/main.o
 .rodata.image_data_calibri_36_0x23
                0x0040b8d8      0x7ce src/main.o
 *fill*         0x0040c0a6        0x2 
 .rodata.calibri_36_0x23
                0x0040c0a8       0x10 src/main.o
 .rodata.image_data_calibri_36_0x24
                0x0040c0b8      0x7ce src/main.o
 *fill*         0x0040c886        0x2 
 .rodata.calibri_36_0x24
                0x0040c888       0x10 src/main.o
 .rodata.image_data_calibri_36_0x25
                0x0040c898      0xb46 src/main.o
 *fill*         0x0040d3de        0x2 
 .rodata.calibri_36_0x25
                0x0040d3e0       0x10 src/main.o
 .rodata.image_data_calibri_36_0x26
                0x0040d3f0      0xad7 src/main.o
 *fill*         0x0040dec7        0x1 
 .rodata.calibri_36_0x26
                0x0040dec8       0x10 src/main.o
 .rodata.image_data_calibri_36_0x27
                0x0040ded8      0x378 src/main.o
 .rodata.calibri_36_0x27
                0x0040e250       0x10 src/main.o
 .rodata.image_data_calibri_36_0x28
                0x0040e260      0x4c5 src/main.o
 *fill*         0x0040e725        0x3 
 .rodata.calibri_36_0x28
                0x0040e728       0x10 src/main.o
 .rodata.image_data_calibri_36_0x29
                0x0040e738      0x4c5 src/main.o
 *fill*         0x0040ebfd        0x3 
 .rodata.calibri_36_0x29
                0x0040ec00       0x10 src/main.o
 .rodata.image_data_calibri_36_0x2a
                0x0040ec10      0x7ce src/main.o
 *fill*         0x0040f3de        0x2 
 .rodata.calibri_36_0x2a
                0x0040f3e0       0x10 src/main.o
 .rodata.image_data_calibri_36_0x2b
                0x0040f3f0      0x7ce src/main.o
 *fill*         0x0040fbbe        0x2 
 .rodata.calibri_36_0x2b
                0x0040fbc0       0x10 src/main.o
 .rodata.image_data_calibri_36_0x2c
                0x0040fbd0      0x3e7 src/main.o
 *fill*         0x0040ffb7        0x1 
 .rodata.calibri_36_0x2c
                0x0040ffb8       0x10 src/main.o
 .rodata.image_data_calibri_36_0x2d
                0x0040ffc8      0x4c5 src/main.o
 *fill*         0x0041048d        0x3 
 .rodata.calibri_36_0x2d
                0x00410490       0x10 src/main.o
 .rodata.image_data_calibri_36_0x2e
                0x004104a0      0x3e7 src/main.o
 *fill*         0x00410887        0x1 
 .rodata.calibri_36_0x2e
                0x00410888       0x10 src/main.o
 .rodata.image_data_calibri_36_0x2f
                0x00410898      0x612 src/main.o
 *fill*         0x00410eaa        0x2 
 .rodata.calibri_36_0x2f
                0x00410eac       0x10 src/main.o
 .rodata.image_data_calibri_36_0x30
                0x00410ebc      0x7ce src/main.o
 *fill*         0x0041168a        0x2 
 .rodata.calibri_36_0x30
                0x0041168c       0x10 src/main.o
 .rodata.image_data_calibri_36_0x31
                0x0041169c      0x7ce src/main.o
 *fill*         0x00411e6a        0x2 
 .rodata.calibri_36_0x31
                0x00411e6c       0x10 src/main.o
 .rodata.image_data_calibri_36_0x32
                0x00411e7c      0x7ce src/main.o
 *fill*         0x0041264a        0x2 
 .rodata.calibri_36_0x32
                0x0041264c       0x10 src/main.o
 .rodata.image_data_calibri_36_0x33
                0x0041265c      0x7ce src/main.o
 *fill*         0x00412e2a        0x2 
 .rodata.calibri_36_0x33
                0x00412e2c       0x10 src/main.o
 .rodata.image_data_calibri_36_0x34
                0x00412e3c      0x7ce src/main.o
 *fill*         0x0041360a        0x2 
 .rodata.calibri_36_0x34
                0x0041360c       0x10 src/main.o
 .rodata.image_data_calibri_36_0x35
                0x0041361c      0x7ce src/main.o
 *fill*         0x00413dea        0x2 
 .rodata.calibri_36_0x35
                0x00413dec       0x10 src/main.o
 .rodata.image_data_calibri_36_0x36
                0x00413dfc      0x7ce src/main.o
 *fill*         0x004145ca        0x2 
 .rodata.calibri_36_0x36
                0x004145cc       0x10 src/main.o
 .rodata.image_data_calibri_36_0x37
                0x004145dc      0x7ce src/main.o
 *fill*         0x00414daa        0x2 
 .rodata.calibri_36_0x37
                0x00414dac       0x10 src/main.o
 .rodata.image_data_calibri_36_0x38
                0x00414dbc      0x7ce src/main.o
 *fill*         0x0041558a        0x2 
 .rodata.calibri_36_0x38
                0x0041558c       0x10 src/main.o
 .rodata.image_data_calibri_36_0x39
                0x0041559c      0x7ce src/main.o
 *fill*         0x00415d6a        0x2 
 .rodata.calibri_36_0x39
                0x00415d6c       0x10 src/main.o
 .rodata.image_data_calibri_36_0x3a
                0x00415d7c      0x456 src/main.o
 *fill*         0x004161d2        0x2 
 .rodata.calibri_36_0x3a
                0x004161d4       0x10 src/main.o
 .rodata.image_data_calibri_36_0x3b
                0x004161e4      0x456 src/main.o
 *fill*         0x0041663a        0x2 
 .rodata.calibri_36_0x3b
                0x0041663c       0x10 src/main.o
 .rodata.image_data_calibri_36_0x3c
                0x0041664c      0x7ce src/main.o
 *fill*         0x00416e1a        0x2 
 .rodata.calibri_36_0x3c
                0x00416e1c       0x10 src/main.o
 .rodata.image_data_calibri_36_0x3d
                0x00416e2c      0x7ce src/main.o
 *fill*         0x004175fa        0x2 
 .rodata.calibri_36_0x3d
                0x004175fc       0x10 src/main.o
 .rodata.image_data_calibri_36_0x3e
                0x0041760c      0x7ce src/main.o
 *fill*         0x00417dda        0x2 
 .rodata.calibri_36_0x3e
                0x00417ddc       0x10 src/main.o
 .rodata.image_data_calibri_36_0x3f
                0x00417dec      0x75f src/main.o
 *fill*         0x0041854b        0x1 
 .rodata.calibri_36_0x3f
                0x0041854c       0x10 src/main.o
 .rodata.image_data_calibri_36_0x40
                0x0041855c      0xde0 src/main.o
 .rodata.calibri_36_0x40
                0x0041933c       0x10 src/main.o
 .rodata.image_data_calibri_36_0x41
                0x0041934c      0x91b src/main.o
 *fill*         0x00419c67        0x1 
 .rodata.calibri_36_0x41
                0x00419c68       0x10 src/main.o
 .rodata.image_data_calibri_36_0x42
                0x00419c78      0x8ac src/main.o
 .rodata.calibri_36_0x42
                0x0041a524       0x10 src/main.o
 .rodata.image_data_calibri_36_0x43
                0x0041a534      0x83d src/main.o
 *fill*         0x0041ad71        0x3 
 .rodata.calibri_36_0x43
                0x0041ad74       0x10 src/main.o
 .rodata.image_data_calibri_36_0x44
                0x0041ad84      0x98a src/main.o
 *fill*         0x0041b70e        0x2 
 .rodata.calibri_36_0x44
                0x0041b710       0x10 src/main.o
 .rodata.image_data_calibri_36_0x45
                0x0041b720      0x7ce src/main.o
 *fill*         0x0041beee        0x2 
 .rodata.calibri_36_0x45
                0x0041bef0       0x10 src/main.o
 .rodata.image_data_calibri_36_0x46
                0x0041bf00      0x75f src/main.o
 *fill*         0x0041c65f        0x1 
 .rodata.calibri_36_0x46
                0x0041c660       0x10 src/main.o
 .rodata.image_data_calibri_36_0x47
                0x0041c670      0x9f9 src/main.o
 *fill*         0x0041d069        0x3 
 .rodata.calibri_36_0x47
                0x0041d06c       0x10 src/main.o
 .rodata.image_data_calibri_36_0x48
                0x0041d07c      0x98a src/main.o
 *fill*         0x0041da06        0x2 
 .rodata.calibri_36_0x48
                0x0041da08       0x10 src/main.o
 .rodata.image_data_calibri_36_0x49
                0x0041da18      0x3e7 src/main.o
 *fill*         0x0041ddff        0x1 
 .rodata.calibri_36_0x49
                0x0041de00       0x10 src/main.o
 .rodata.image_data_calibri_36_0x4a
                0x0041de10      0x4c5 src/main.o
 *fill*         0x0041e2d5        0x3 
 .rodata.calibri_36_0x4a
                0x0041e2d8       0x10 src/main.o
 .rodata.image_data_calibri_36_0x4b
                0x0041e2e8      0x83d src/main.o
 *fill*         0x0041eb25        0x3 
 .rodata.calibri_36_0x4b
                0x0041eb28       0x10 src/main.o
 .rodata.image_data_calibri_36_0x4c
                0x0041eb38      0x681 src/main.o
 *fill*         0x0041f1b9        0x3 
 .rodata.calibri_36_0x4c
                0x0041f1bc       0x10 src/main.o
 .rodata.image_data_calibri_36_0x4d
                0x0041f1cc      0xd71 src/main.o
 *fill*         0x0041ff3d        0x3 
 .rodata.calibri_36_0x4d
                0x0041ff40       0x10 src/main.o
 .rodata.image_data_calibri_36_0x4e
                0x0041ff50      0x9f9 src/main.o
 *fill*         0x00420949        0x3 
 .rodata.calibri_36_0x4e
                0x0042094c       0x10 src/main.o
 .rodata.image_data_calibri_36_0x4f
                0x0042095c      0xa68 src/main.o
 .rodata.calibri_36_0x4f
                0x004213c4       0x10 src/main.o
 .rodata.image_data_calibri_36_0x50
                0x004213d4      0x83d src/main.o
 *fill*         0x00421c11        0x3 
 .rodata.calibri_36_0x50
                0x00421c14       0x10 src/main.o
 .rodata.image_data_calibri_36_0x51
                0x00421c24      0xad7 src/main.o
 *fill*         0x004226fb        0x1 
 .rodata.calibri_36_0x51
                0x004226fc       0x10 src/main.o
 .rodata.image_data_calibri_36_0x52
                0x0042270c      0x8ac src/main.o
 .rodata.calibri_36_0x52
                0x00422fb8       0x10 src/main.o
 .rodata.image_data_calibri_36_0x53
                0x00422fc8      0x75f src/main.o
 *fill*         0x00423727        0x1 
 .rodata.calibri_36_0x53
                0x00423728       0x10 src/main.o
 .rodata.image_data_calibri_36_0x54
                0x00423738      0x7ce src/main.o
 *fill*         0x00423f06        0x2 
 .rodata.calibri_36_0x54
                0x00423f08       0x10 src/main.o
 .rodata.image_data_calibri_36_0x55
                0x00423f18      0x9f9 src/main.o
 *fill*         0x00424911        0x3 
 .rodata.calibri_36_0x55
                0x00424914       0x10 src/main.o
 .rodata.image_data_calibri_36_0x56
                0x00424924      0x8ac src/main.o
 .rodata.calibri_36_0x56
                0x004251d0       0x10 src/main.o
 .rodata.image_data_calibri_36_0x57
                0x004251e0      0xde0 src/main.o
 .rodata.calibri_36_0x57
                0x00425fc0       0x10 src/main.o
 .rodata.image_data_calibri_36_0x58
                0x00425fd0      0x83d src/main.o
 *fill*         0x0042680d        0x3 
 .rodata.calibri_36_0x58
                0x00426810       0x10 src/main.o
 .rodata.image_data_calibri_36_0x59
                0x00426820      0x7ce src/main.o
 *fill*         0x00426fee        0x2 
 .rodata.calibri_36_0x59
                0x00426ff0       0x10 src/main.o
 .rodata.image_data_calibri_36_0x5a
                0x00427000      0x75f src/main.o
 *fill*         0x0042775f        0x1 
 .rodata.calibri_36_0x5a
                0x00427760       0x10 src/main.o
 .rodata.image_data_calibri_36_0x5b
                0x00427770      0x4c5 src/main.o
 *fill*         0x00427c35        0x3 
 .rodata.calibri_36_0x5b
                0x00427c38       0x10 src/main.o
 .rodata.image_data_calibri_36_0x5c
                0x00427c48      0x612 src/main.o
 *fill*         0x0042825a        0x2 
 .rodata.calibri_36_0x5c
                0x0042825c       0x10 src/main.o
 .rodata.image_data_calibri_36_0x5d
                0x0042826c      0x4c5 src/main.o
 *fill*         0x00428731        0x3 
 .rodata.calibri_36_0x5d
                0x00428734       0x10 src/main.o
 .rodata.image_data_calibri_36_0x5e
                0x00428744      0x7ce src/main.o
 *fill*         0x00428f12        0x2 
 .rodata.calibri_36_0x5e
                0x00428f14       0x10 src/main.o
 .rodata.image_data_calibri_36_0x5f
                0x00428f24      0x7ce src/main.o
 *fill*         0x004296f2        0x2 
 .rodata.calibri_36_0x5f
                0x004296f4       0x10 src/main.o
 .rodata.image_data_calibri_36_0x60
                0x00429704      0x456 src/main.o
 *fill*         0x00429b5a        0x2 
 .rodata.calibri_36_0x60
                0x00429b5c       0x10 src/main.o
 .rodata.image_data_calibri_36_0x61
                0x00429b6c      0x75f src/main.o
 *fill*         0x0042a2cb        0x1 
 .rodata.calibri_36_0x61
                0x0042a2cc       0x10 src/main.o
 .rodata.image_data_calibri_36_0x62
                0x0042a2dc      0x83d src/main.o
 *fill*         0x0042ab19        0x3 
 .rodata.calibri_36_0x62
                0x0042ab1c       0x10 src/main.o
 .rodata.image_data_calibri_36_0x63
                0x0042ab2c      0x681 src/main.o
 *fill*         0x0042b1ad        0x3 
 .rodata.calibri_36_0x63
                0x0042b1b0       0x10 src/main.o
 .rodata.image_data_calibri_36_0x64
                0x0042b1c0      0x83d src/main.o
 *fill*         0x0042b9fd        0x3 
 .rodata.calibri_36_0x64
                0x0042ba00       0x10 src/main.o
 .rodata.image_data_calibri_36_0x65
                0x0042ba10      0x7ce src/main.o
 *fill*         0x0042c1de        0x2 
 .rodata.calibri_36_0x65
                0x0042c1e0       0x10 src/main.o
 .rodata.image_data_calibri_36_0x66
                0x0042c1f0      0x4c5 src/main.o
 *fill*         0x0042c6b5        0x3 
 .rodata.calibri_36_0x66
                0x0042c6b8       0x10 src/main.o
 .rodata.image_data_calibri_36_0x67
                0x0042c6c8      0x75f src/main.o
 *fill*         0x0042ce27        0x1 
 .rodata.calibri_36_0x67
                0x0042ce28       0x10 src/main.o
 .rodata.image_data_calibri_36_0x68
                0x0042ce38      0x83d src/main.o
 *fill*         0x0042d675        0x3 
 .rodata.calibri_36_0x68
                0x0042d678       0x10 src/main.o
 .rodata.image_data_calibri_36_0x69
                0x0042d688      0x378 src/main.o
 .rodata.calibri_36_0x69
                0x0042da00       0x10 src/main.o
 .rodata.image_data_calibri_36_0x6a
                0x0042da10      0x3e7 src/main.o
 *fill*         0x0042ddf7        0x1 
 .rodata.calibri_36_0x6a
                0x0042ddf8       0x10 src/main.o
 .rodata.image_data_calibri_36_0x6b
                0x0042de08      0x6f0 src/main.o
 .rodata.calibri_36_0x6b
                0x0042e4f8       0x10 src/main.o
 .rodata.image_data_calibri_36_0x6c
                0x0042e508      0x378 src/main.o
 .rodata.calibri_36_0x6c
                0x0042e880       0x10 src/main.o
 .rodata.image_data_calibri_36_0x6d
                0x0042e890      0xc93 src/main.o
 *fill*         0x0042f523        0x1 
 .rodata.calibri_36_0x6d
                0x0042f524       0x10 src/main.o
 .rodata.image_data_calibri_36_0x6e
                0x0042f534      0x83d src/main.o
 *fill*         0x0042fd71        0x3 
 .rodata.calibri_36_0x6e
                0x0042fd74       0x10 src/main.o
 .rodata.image_data_calibri_36_0x6f
                0x0042fd84      0x83d src/main.o
 *fill*         0x004305c1        0x3 
 .rodata.calibri_36_0x6f
                0x004305c4       0x10 src/main.o
 .rodata.image_data_calibri_36_0x70
                0x004305d4      0x83d src/main.o
 *fill*         0x00430e11        0x3 
 .rodata.calibri_36_0x70
                0x00430e14       0x10 src/main.o
 .rodata.image_data_calibri_36_0x71
                0x00430e24      0x83d src/main.o
 *fill*         0x00431661        0x3 
 .rodata.calibri_36_0x71
                0x00431664       0x10 src/main.o
 .rodata.image_data_calibri_36_0x72
                0x00431674      0x5a3 src/main.o
 *fill*         0x00431c17        0x1 
 .rodata.calibri_36_0x72
                0x00431c18       0x10 src/main.o
 .rodata.image_data_calibri_36_0x73
                0x00431c28      0x612 src/main.o
 *fill*         0x0043223a        0x2 
 .rodata.calibri_36_0x73
                0x0043223c       0x10 src/main.o
 .rodata.image_data_calibri_36_0x74
                0x0043224c      0x534 src/main.o
 .rodata.calibri_36_0x74
                0x00432780       0x10 src/main.o
 .rodata.image_data_calibri_36_0x75
                0x00432790      0x83d src/main.o
 *fill*         0x00432fcd        0x3 
 .rodata.calibri_36_0x75
                0x00432fd0       0x10 src/main.o
 .rodata.image_data_calibri_36_0x76
                0x00432fe0      0x6f0 src/main.o
 .rodata.calibri_36_0x76
                0x004336d0       0x10 src/main.o
 .rodata.image_data_calibri_36_0x77
                0x004336e0      0xb46 src/main.o
 *fill*         0x00434226        0x2 
 .rodata.calibri_36_0x77
                0x00434228       0x10 src/main.o
 .rodata.image_data_calibri_36_0x78
                0x00434238      0x6f0 src/main.o
 .rodata.calibri_36_0x78
                0x00434928       0x10 src/main.o
 .rodata.image_data_calibri_36_0x79
                0x00434938      0x6f0 src/main.o
 .rodata.calibri_36_0x79
                0x00435028       0x10 src/main.o
 .rodata.image_data_calibri_36_0x7a
                0x00435038      0x612 src/main.o
 *fill*         0x0043564a        0x2 
 .rodata.calibri_36_0x7a
                0x0043564c       0x10 src/main.o
 .rodata.image_data_calibri_36_0x7b
                0x0043565c      0x4c5 src/main.o
 *fill*         0x00435b21        0x3 
 .rodata.calibri_36_0x7b
                0x00435b24       0x10 src/main.o
 .rodata.image_data_calibri_36_0x7c
                0x00435b34      0x75f src/main.o
 *fill*         0x00436293        0x1 
 .rodata.calibri_36_0x7c
                0x00436294       0x10 src/main.o
 .rodata.image_data_calibri_36_0x7d
                0x004362a4      0x4c5 src/main.o
 *fill*         0x00436769        0x3 
 .rodata.calibri_36_0x7d
                0x0043676c       0x10 src/main.o
 .rodata.image_data_calibri_36_0x7e
                0x0043677c      0x7ce src/main.o
 *fill*         0x00436f4a        0x2 
 .rodata.calibri_36_0x7e
                0x00436f4c       0x10 src/main.o
 .rodata.calibri_36_array
                0x00436f5c      0x2f8 src/main.o
 .rodata.calibri_36
                0x00437254        0xc src/main.o
                0x00437254                calibri_36
 .rodata        0x00437260       0x32 src/main.o
 *fill*         0x00437292        0x2 
 .rodata._global_impure_ptr
                0x00437294        0x4 c:/program files (x86)/atmel/studio/7.0/toolchain/arm/arm-gnu-toolchain/bin/../lib/gcc/arm-none-eabi/6.3.1/../../../../arm-none-eabi/lib/thumb/v7e-m\libc.a(lib_a-impure.o)
                0x00437294                _global_impure_ptr
 .rodata._svfprintf_r.str1.4
                0x00437298       0x42 c:/program files (x86)/atmel/studio/7.0/toolchain/arm/arm-gnu-toolchain/bin/../lib/gcc/arm-none-eabi/6.3.1/../../../../arm-none-eabi/lib/thumb/v7e-m\libc.a(lib_a-svfprintf.o)
 *fill*         0x004372da        0x2 
 .rodata.blanks.7223
                0x004372dc       0x10 c:/program files (x86)/atmel/studio/7.0/toolchain/arm/arm-gnu-toolchain/bin/../lib/gcc/arm-none-eabi/6.3.1/../../../../arm-none-eabi/lib/thumb/v7e-m\libc.a(lib_a-svfprintf.o)
 .rodata.zeroes.7224
                0x004372ec       0x10 c:/program files (x86)/atmel/studio/7.0/toolchain/arm/arm-gnu-toolchain/bin/../lib/gcc/arm-none-eabi/6.3.1/../../../../arm-none-eabi/lib/thumb/v7e-m\libc.a(lib_a-svfprintf.o)
 .rodata._dtoa_r.str1.4
                0x004372fc       0x10 c:/program files (x86)/atmel/studio/7.0/toolchain/arm/arm-gnu-toolchain/bin/../lib/gcc/arm-none-eabi/6.3.1/../../../../arm-none-eabi/lib/thumb/v7e-m\libc.a(lib_a-dtoa.o)
                                 0x12 (size before relaxing)
 *fill*         0x0043730c        0x4 
 .rodata.__mprec_bigtens
                0x00437310       0x28 c:/program files (x86)/atmel/studio/7.0/toolchain/arm/arm-gnu-toolchain/bin/../lib/gcc/arm-none-eabi/6.3.1/../../../../arm-none-eabi/lib/thumb/v7e-m\libc.a(lib_a-mprec.o)
                0x00437310                __mprec_bigtens
 .rodata.__mprec_tens
                0x00437338       0xc8 c:/program files (x86)/atmel/studio/7.0/toolchain/arm/arm-gnu-toolchain/bin/../lib/gcc/arm-none-eabi/6.3.1/../../../../arm-none-eabi/lib/thumb/v7e-m\libc.a(lib_a-mprec.o)
                0x00437338                __mprec_tens
 .rodata.p05.6055
                0x00437400        0xc c:/program files (x86)/atmel/studio/7.0/toolchain/arm/arm-gnu-toolchain/bin/../lib/gcc/arm-none-eabi/6.3.1/../../../../arm-none-eabi/lib/thumb/v7e-m\libc.a(lib_a-mprec.o)
 .rodata._setlocale_r.str1.4
                0x0043740c        0xa c:/program files (x86)/atmel/studio/7.0/toolchain/arm/arm-gnu-toolchain/bin/../lib/gcc/arm-none-eabi/6.3.1/../../../../arm-none-eabi/lib/thumb/v7e-m\libc.a(lib_a-locale.o)
                                  0xd (size before relaxing)
 *fill*         0x00437416        0x2 
 .rodata.str1.4
                0x00437418        0x4 c:/program files (x86)/atmel/studio/7.0/toolchain/arm/arm-gnu-toolchain/bin/../lib/gcc/arm-none-eabi/6.3.1/../../../../arm-none-eabi/lib/thumb/v7e-m\libc.a(lib_a-locale.o)
                                  0x2 (size before relaxing)
 .rodata._ctype_
                0x0043741c      0x101 c:/program files (x86)/atmel/studio/7.0/toolchain/arm/arm-gnu-toolchain/bin/../lib/gcc/arm-none-eabi/6.3.1/../../../../arm-none-eabi/lib/thumb/v7e-m\libc.a(lib_a-ctype_.o)
                0x0043741c                _ctype_
 *(.ARM.extab* .gnu.linkonce.armextab.*)
                0x00437520                . = ALIGN (0x4)
 *fill*         0x0043751d        0x3 
 *(.init)
 .init          0x00437520        0x4 c:/program files (x86)/atmel/studio/7.0/toolchain/arm/arm-gnu-toolchain/bin/../lib/gcc/arm-none-eabi/6.3.1/thumb/v7e-m/crti.o
                0x00437520                _init
 .init          0x00437524        0x8 c:/program files (x86)/atmel/studio/7.0/toolchain/arm/arm-gnu-toolchain/bin/../lib/gcc/arm-none-eabi/6.3.1/thumb/v7e-m/crtn.o
                0x0043752c                . = ALIGN (0x4)
                0x0043752c                __preinit_array_start = .
 *(.preinit_array)
                0x0043752c                __preinit_array_end = .
                0x0043752c                . = ALIGN (0x4)
                0x0043752c                __init_array_start = .
 *(SORT(.init_array.*))
 .init_array.00000
                0x0043752c        0x4 c:/program files (x86)/atmel/studio/7.0/toolchain/arm/arm-gnu-toolchain/bin/../lib/gcc/arm-none-eabi/6.3.1/../../../../arm-none-eabi/lib/thumb/v7e-m\libc.a(lib_a-__call_atexit.o)
 *(.init_array)
 .init_array    0x00437530        0x4 c:/program files (x86)/atmel/studio/7.0/toolchain/arm/arm-gnu-toolchain/bin/../lib/gcc/arm-none-eabi/6.3.1/thumb/v7e-m/crtbegin.o
                0x00437534                __init_array_end = .
                0x00437534                . = ALIGN (0x4)
 *crtbegin.o(.ctors)
 *(EXCLUDE_FILE(*crtend.o) .ctors)
 *(SORT(.ctors.*))
 *crtend.o(.ctors)
                0x00437534                . = ALIGN (0x4)
 *(.fini)
 .fini          0x00437534        0x4 c:/program files (x86)/atmel/studio/7.0/toolchain/arm/arm-gnu-toolchain/bin/../lib/gcc/arm-none-eabi/6.3.1/thumb/v7e-m/crti.o
                0x00437534                _fini
 .fini          0x00437538        0x8 c:/program files (x86)/atmel/studio/7.0/toolchain/arm/arm-gnu-toolchain/bin/../lib/gcc/arm-none-eabi/6.3.1/thumb/v7e-m/crtn.o
                0x00437540                . = ALIGN (0x4)
                0x00437540                __fini_array_start = .
 *(.fini_array)
 .fini_array    0x00437540        0x4 c:/program files (x86)/atmel/studio/7.0/toolchain/arm/arm-gnu-toolchain/bin/../lib/gcc/arm-none-eabi/6.3.1/thumb/v7e-m/crtbegin.o
 *(SORT(.fini_array.*))
                0x00437544                __fini_array_end = .
 *crtbegin.o(.dtors)
 *(EXCLUDE_FILE(*crtend.o) .dtors)
 *(SORT(.dtors.*))
 *crtend.o(.dtors)
                0x00437544                . = ALIGN (0x4)
                0x00437544                _efixed = .
                [!provide]                PROVIDE (__exidx_start, .)

.vfp11_veneer   0x00437544        0x0
 .vfp11_veneer  0x00437544        0x0 linker stubs

.v4_bx          0x00437544        0x0
 .v4_bx         0x00437544        0x0 linker stubs

.iplt           0x00437544        0x0
 .iplt          0x00437544        0x0 c:/program files (x86)/atmel/studio/7.0/toolchain/arm/arm-gnu-toolchain/bin/../lib/gcc/arm-none-eabi/6.3.1/thumb/v7e-m/crtbegin.o

.ARM.exidx      0x00437544        0x8
 *(.ARM.exidx* .gnu.linkonce.armexidx.*)
 .ARM.exidx     0x00437544        0x8 c:/program files (x86)/atmel/studio/7.0/toolchain/arm/arm-gnu-toolchain/bin/../lib/gcc/arm-none-eabi/6.3.1/thumb/v7e-m\libgcc.a(_udivmoddi4.o)
                [!provide]                PROVIDE (__exidx_end, .)

.eh_frame       0x0043754c        0x0
 .eh_frame      0x0043754c        0x0 c:/program files (x86)/atmel/studio/7.0/toolchain/arm/arm-gnu-toolchain/bin/../lib/gcc/arm-none-eabi/6.3.1/thumb/v7e-m/crtbegin.o

.rel.dyn        0x0043754c        0x0
 .rel.iplt      0x0043754c        0x0 c:/program files (x86)/atmel/studio/7.0/toolchain/arm/arm-gnu-toolchain/bin/../lib/gcc/arm-none-eabi/6.3.1/thumb/v7e-m/crtbegin.o

.jcr            0x0043754c        0x0
 .jcr           0x0043754c        0x0 c:/program files (x86)/atmel/studio/7.0/toolchain/arm/arm-gnu-toolchain/bin/../lib/gcc/arm-none-eabi/6.3.1/thumb/v7e-m/crtbegin.o

.igot.plt       0x0043754c        0x0
 .igot.plt      0x0043754c        0x0 c:/program files (x86)/atmel/studio/7.0/toolchain/arm/arm-gnu-toolchain/bin/../lib/gcc/arm-none-eabi/6.3.1/thumb/v7e-m/crtbegin.o
                0x0043754c                . = ALIGN (0x4)
                0x0043754c                _etext = .

.relocate       0x20400000      0x9b8 load address 0x0043754c
                0x20400000                . = ALIGN (0x4)
                0x20400000                _srelocate = .
 *(.ramfunc .ramfunc.*)
 *(.data .data.*)
 .data.g_interrupt_enabled
                0x20400000        0x1 src/ASF/common/utils/interrupt/interrupt_sam_nvic.o
                0x20400000                g_interrupt_enabled
 *fill*         0x20400001        0x3 
 .data.ul_flash_in_wait_mode
                0x20400004        0x4 src/ASF/sam/drivers/pmc/pmc.o
 .data.SystemCoreClock
                0x20400008        0x4 src/ASF/sam/utils/cmsis/same70/source/templates/system_same70.o
                0x20400008                SystemCoreClock
 .data._impure_ptr
                0x2040000c        0x4 c:/program files (x86)/atmel/studio/7.0/toolchain/arm/arm-gnu-toolchain/bin/../lib/gcc/arm-none-eabi/6.3.1/../../../../arm-none-eabi/lib/thumb/v7e-m\libc.a(lib_a-impure.o)
                0x2040000c                _impure_ptr
 .data.impure_data
                0x20400010      0x428 c:/program files (x86)/atmel/studio/7.0/toolchain/arm/arm-gnu-toolchain/bin/../lib/gcc/arm-none-eabi/6.3.1/../../../../arm-none-eabi/lib/thumb/v7e-m\libc.a(lib_a-impure.o)
 .data.__atexit_recursive_mutex
                0x20400438        0x4 c:/program files (x86)/atmel/studio/7.0/toolchain/arm/arm-gnu-toolchain/bin/../lib/gcc/arm-none-eabi/6.3.1/../../../../arm-none-eabi/lib/thumb/v7e-m\libc.a(lib_a-__call_atexit.o)
                0x20400438                __atexit_recursive_mutex
 .data.__malloc_av_
                0x2040043c      0x408 c:/program files (x86)/atmel/studio/7.0/toolchain/arm/arm-gnu-toolchain/bin/../lib/gcc/arm-none-eabi/6.3.1/../../../../arm-none-eabi/lib/thumb/v7e-m\libc.a(lib_a-mallocr.o)
                0x2040043c                __malloc_av_
 .data.__malloc_sbrk_base
                0x20400844        0x4 c:/program files (x86)/atmel/studio/7.0/toolchain/arm/arm-gnu-toolchain/bin/../lib/gcc/arm-none-eabi/6.3.1/../../../../arm-none-eabi/lib/thumb/v7e-m\libc.a(lib_a-mallocr.o)
                0x20400844                __malloc_sbrk_base
 .data.__malloc_trim_threshold
                0x20400848        0x4 c:/program files (x86)/atmel/studio/7.0/toolchain/arm/arm-gnu-toolchain/bin/../lib/gcc/arm-none-eabi/6.3.1/../../../../arm-none-eabi/lib/thumb/v7e-m\libc.a(lib_a-mallocr.o)
                0x20400848                __malloc_trim_threshold
 .data.__global_locale
                0x2040084c      0x16c c:/program files (x86)/atmel/studio/7.0/toolchain/arm/arm-gnu-toolchain/bin/../lib/gcc/arm-none-eabi/6.3.1/../../../../arm-none-eabi/lib/thumb/v7e-m\libc.a(lib_a-locale.o)
                0x2040084c                __global_locale
                0x204009b8                . = ALIGN (0x4)
                0x204009b8                _erelocate = .

.bss            0x204009b8      0x58c load address 0x00437f04
                0x204009b8                . = ALIGN (0x4)
                0x204009b8                _sbss = .
                0x204009b8                _szero = .
 *(.bss .bss.*)
 .bss           0x204009b8       0x1c c:/program files (x86)/atmel/studio/7.0/toolchain/arm/arm-gnu-toolchain/bin/../lib/gcc/arm-none-eabi/6.3.1/thumb/v7e-m/crtbegin.o
 .bss.g_wobits_in_rtt_mr
                0x204009d4        0x4 src/ASF/sam/drivers/rtt/rtt.o
 .bss.f_rtt_alarme
                0x204009d8        0x1 src/main.o
                0x204009d8                f_rtt_alarme
 *fill*         0x204009d9        0x3 
 .bss.counter_pulsos
                0x204009dc        0x4 src/main.o
                0x204009dc                counter_pulsos
 .bss.velocidade
                0x204009e0        0x4 src/main.o
                0x204009e0                velocidade
 .bss.distancia
                0x204009e4        0x4 src/main.o
                0x204009e4                distancia
 .bss.g_ul_pixel_cache
                0x204009e8      0x3c0 src/ASF/sam/components/display/ili9488/ili9488.o
 .bss.gs_interrupt_sources
                0x20400da8       0x70 src/ASF/sam/drivers/pio/pio_handler.o
 .bss.gs_ul_nb_sources
                0x20400e18        0x4 src/ASF/sam/drivers/pio/pio_handler.o
 .bss.b_is_sleep_clock_used
                0x20400e1c        0x1 src/ASF/sam/drivers/pmc/sleep.o
 *fill*         0x20400e1d        0x3 
 .bss.callback_clocks_restored
                0x20400e20        0x4 src/ASF/sam/drivers/pmc/sleep.o
 .bss.heap.6420
                0x20400e24        0x4 src/ASF/sam/utils/syscalls/gcc/syscalls.o
 .bss.__malloc_current_mallinfo
                0x20400e28       0x28 c:/program files (x86)/atmel/studio/7.0/toolchain/arm/arm-gnu-toolchain/bin/../lib/gcc/arm-none-eabi/6.3.1/../../../../arm-none-eabi/lib/thumb/v7e-m\libc.a(lib_a-mallocr.o)
                0x20400e28                __malloc_current_mallinfo
 .bss.__malloc_max_sbrked_mem
                0x20400e50        0x4 c:/program files (x86)/atmel/studio/7.0/toolchain/arm/arm-gnu-toolchain/bin/../lib/gcc/arm-none-eabi/6.3.1/../../../../arm-none-eabi/lib/thumb/v7e-m\libc.a(lib_a-mallocr.o)
                0x20400e50                __malloc_max_sbrked_mem
 .bss.__malloc_max_total_mem
                0x20400e54        0x4 c:/program files (x86)/atmel/studio/7.0/toolchain/arm/arm-gnu-toolchain/bin/../lib/gcc/arm-none-eabi/6.3.1/../../../../arm-none-eabi/lib/thumb/v7e-m\libc.a(lib_a-mallocr.o)
                0x20400e54                __malloc_max_total_mem
 .bss.__malloc_top_pad
                0x20400e58        0x4 c:/program files (x86)/atmel/studio/7.0/toolchain/arm/arm-gnu-toolchain/bin/../lib/gcc/arm-none-eabi/6.3.1/../../../../arm-none-eabi/lib/thumb/v7e-m\libc.a(lib_a-mallocr.o)
                0x20400e58                __malloc_top_pad
 *(COMMON)
 COMMON         0x20400e5c       0xc0 src/main.o
                0x20400e5c                minuto
                0x20400e60                seg
                0x20400e64                bufferMinutes
                0x20400e84                bufferVelocidade
                0x20400ea4                hour
                0x20400ea8                but_flag
                0x20400eac                bufferDistancia
                0x20400ecc                bufferHour
                0x20400eec                bufferSeconds
                0x20400f0c                g_ili9488_display_opt
 COMMON         0x20400f1c       0x21 c:/program files (x86)/atmel/studio/7.0/toolchain/arm/arm-gnu-toolchain/bin/../lib/gcc/arm-none-eabi/6.3.1/../../../../arm-none-eabi/lib/thumb/v7e-m\libc.a(lib_a-lock.o)
                0x20400f1c                __lock___atexit_recursive_mutex
                0x20400f20                __lock___arc4random_mutex
                0x20400f24                __lock___env_recursive_mutex
                0x20400f28                __lock___sinit_recursive_mutex
                0x20400f2c                __lock___malloc_recursive_mutex
                0x20400f30                __lock___at_quick_exit_mutex
                0x20400f34                __lock___dd_hash_mutex
                0x20400f38                __lock___tz_mutex
                0x20400f3c                __lock___sfp_recursive_mutex
 *fill*         0x20400f3d        0x3 
 COMMON         0x20400f40        0x4 c:/program files (x86)/atmel/studio/7.0/toolchain/arm/arm-gnu-toolchain/bin/../lib/gcc/arm-none-eabi/6.3.1/../../../../arm-none-eabi/lib/thumb/v7e-m\libc.a(lib_a-reent.o)
                0x20400f40                errno
                0x20400f44                . = ALIGN (0x4)
                0x20400f44                _ebss = .
                0x20400f44                _ezero = .

.stack          0x20400f44     0x2004 load address 0x00438490
                0x20400f48                . = ALIGN (0x8)
 *fill*         0x20400f44        0x4 
                0x20400f48                _sstack = .
                0x20402f48                . = (. + STACK_SIZE)
 *fill*         0x20400f48     0x2000 
                0x20402f48                . = ALIGN (0x8)
                0x20402f48                _estack = .

.heap           0x20402f48      0x200 load address 0x0043a494
                0x20402f48                . = ALIGN (0x8)
                0x20402f48                _sheap = .
                0x20403148                . = (. + HEAP_SIZE)
 *fill*         0x20402f48      0x200 
                0x20403148                . = ALIGN (0x8)
                0x20403148                _eheap = .
                0x20403148                . = ALIGN (0x4)
                0x20403148                _end = .
                0x2045ffff                _ram_end_ = ((ORIGIN (ram) + LENGTH (ram)) - 0x1)
OUTPUT(SAME70_FONTS.elf elf32-littlearm)

.ARM.attributes
                0x00000000       0x2e
 .ARM.attributes
                0x00000000       0x1e c:/program files (x86)/atmel/studio/7.0/toolchain/arm/arm-gnu-toolchain/bin/../lib/gcc/arm-none-eabi/6.3.1/thumb/v7e-m/crti.o
 .ARM.attributes
                0x0000001e       0x2e c:/program files (x86)/atmel/studio/7.0/toolchain/arm/arm-gnu-toolchain/bin/../lib/gcc/arm-none-eabi/6.3.1/thumb/v7e-m/crtbegin.o
 .ARM.attributes
                0x0000004c       0x37 src/ASF/sam/drivers/rtc/rtc.o
 .ARM.attributes
                0x00000083       0x37 src/ASF/sam/drivers/rtt/rtt.o
 .ARM.attributes
                0x000000ba       0x37 src/main.o
 .ARM.attributes
                0x000000f1       0x37 src/ASF/common/services/spi/sam_spi/spi_master.o
 .ARM.attributes
                0x00000128       0x37 src/ASF/sam/components/display/ili9488/ili9488.o
 .ARM.attributes
                0x0000015f       0x37 src/ASF/sam/drivers/spi/spi.o
 .ARM.attributes
                0x00000196       0x37 src/ASF/common/services/clock/same70/sysclk.o
 .ARM.attributes
                0x000001cd       0x37 src/ASF/common/utils/interrupt/interrupt_sam_nvic.o
 .ARM.attributes
                0x00000204       0x37 src/ASF/sam/boards/same70_xplained/init.o
 .ARM.attributes
                0x0000023b       0x37 src/ASF/sam/drivers/pio/pio.o
 .ARM.attributes
                0x00000272       0x37 src/ASF/sam/drivers/pio/pio_handler.o
 .ARM.attributes
                0x000002a9       0x37 src/ASF/sam/drivers/pmc/pmc.o
 .ARM.attributes
                0x000002e0       0x37 src/ASF/sam/drivers/pmc/sleep.o
 .ARM.attributes
                0x00000317       0x37 src/ASF/sam/utils/cmsis/same70/source/templates/gcc/startup_same70.o
 .ARM.attributes
                0x0000034e       0x37 src/ASF/sam/utils/cmsis/same70/source/templates/system_same70.o
 .ARM.attributes
                0x00000385       0x37 src/ASF/sam/utils/syscalls/gcc/syscalls.o
 .ARM.attributes
                0x000003bc       0x1e c:/program files (x86)/atmel/studio/7.0/toolchain/arm/arm-gnu-toolchain/bin/../lib/gcc/arm-none-eabi/6.3.1/thumb/v7e-m\libgcc.a(_arm_addsubdf3.o)
 .ARM.attributes
                0x000003da       0x1e c:/program files (x86)/atmel/studio/7.0/toolchain/arm/arm-gnu-toolchain/bin/../lib/gcc/arm-none-eabi/6.3.1/thumb/v7e-m\libgcc.a(_arm_muldivdf3.o)
 .ARM.attributes
                0x000003f8       0x1e c:/program files (x86)/atmel/studio/7.0/toolchain/arm/arm-gnu-toolchain/bin/../lib/gcc/arm-none-eabi/6.3.1/thumb/v7e-m\libgcc.a(_arm_fixdfsi.o)
 .ARM.attributes
                0x00000416       0x2e c:/program files (x86)/atmel/studio/7.0/toolchain/arm/arm-gnu-toolchain/bin/../lib/gcc/arm-none-eabi/6.3.1/../../../../arm-none-eabi/lib/thumb/v7e-m\libc.a(lib_a-impure.o)
 .ARM.attributes
                0x00000444       0x2e c:/program files (x86)/atmel/studio/7.0/toolchain/arm/arm-gnu-toolchain/bin/../lib/gcc/arm-none-eabi/6.3.1/../../../../arm-none-eabi/lib/thumb/v7e-m\libc.a(lib_a-init.o)
 .ARM.attributes
                0x00000472       0x2e c:/program files (x86)/atmel/studio/7.0/toolchain/arm/arm-gnu-toolchain/bin/../lib/gcc/arm-none-eabi/6.3.1/../../../../arm-none-eabi/lib/thumb/v7e-m\libc.a(lib_a-memset.o)
 .ARM.attributes
                0x000004a0       0x2e c:/program files (x86)/atmel/studio/7.0/toolchain/arm/arm-gnu-toolchain/bin/../lib/gcc/arm-none-eabi/6.3.1/../../../../arm-none-eabi/lib/thumb/v7e-m\libc.a(lib_a-sprintf.o)
 .ARM.attributes
                0x000004ce       0x2e c:/program files (x86)/atmel/studio/7.0/toolchain/arm/arm-gnu-toolchain/bin/../lib/gcc/arm-none-eabi/6.3.1/../../../../arm-none-eabi/lib/thumb/v7e-m\libc.a(lib_a-svfprintf.o)
 .ARM.attributes
                0x000004fc       0x2e c:/program files (x86)/atmel/studio/7.0/toolchain/arm/arm-gnu-toolchain/bin/../lib/gcc/arm-none-eabi/6.3.1/../../../../arm-none-eabi/lib/thumb/v7e-m\libc.a(lib_a-__call_atexit.o)
 .ARM.attributes
                0x0000052a       0x2e c:/program files (x86)/atmel/studio/7.0/toolchain/arm/arm-gnu-toolchain/bin/../lib/gcc/arm-none-eabi/6.3.1/../../../../arm-none-eabi/lib/thumb/v7e-m\libc.a(lib_a-atexit.o)
 .ARM.attributes
                0x00000558       0x2e c:/program files (x86)/atmel/studio/7.0/toolchain/arm/arm-gnu-toolchain/bin/../lib/gcc/arm-none-eabi/6.3.1/../../../../arm-none-eabi/lib/thumb/v7e-m\libc.a(lib_a-dtoa.o)
 .ARM.attributes
                0x00000586       0x2e c:/program files (x86)/atmel/studio/7.0/toolchain/arm/arm-gnu-toolchain/bin/../lib/gcc/arm-none-eabi/6.3.1/../../../../arm-none-eabi/lib/thumb/v7e-m\libc.a(lib_a-fini.o)
 .ARM.attributes
                0x000005b4       0x2e c:/program files (x86)/atmel/studio/7.0/toolchain/arm/arm-gnu-toolchain/bin/../lib/gcc/arm-none-eabi/6.3.1/../../../../arm-none-eabi/lib/thumb/v7e-m\libc.a(lib_a-localeconv.o)
 .ARM.attributes
                0x000005e2       0x2e c:/program files (x86)/atmel/studio/7.0/toolchain/arm/arm-gnu-toolchain/bin/../lib/gcc/arm-none-eabi/6.3.1/../../../../arm-none-eabi/lib/thumb/v7e-m\libc.a(lib_a-lock.o)
 .ARM.attributes
                0x00000610       0x2e c:/program files (x86)/atmel/studio/7.0/toolchain/arm/arm-gnu-toolchain/bin/../lib/gcc/arm-none-eabi/6.3.1/../../../../arm-none-eabi/lib/thumb/v7e-m\libc.a(lib_a-mallocr.o)
 .ARM.attributes
                0x0000063e       0x1c c:/program files (x86)/atmel/studio/7.0/toolchain/arm/arm-gnu-toolchain/bin/../lib/gcc/arm-none-eabi/6.3.1/../../../../arm-none-eabi/lib/thumb/v7e-m\libc.a(lib_a-memchr.o)
 .ARM.attributes
                0x0000065a       0x1c c:/program files (x86)/atmel/studio/7.0/toolchain/arm/arm-gnu-toolchain/bin/../lib/gcc/arm-none-eabi/6.3.1/../../../../arm-none-eabi/lib/thumb/v7e-m\libc.a(lib_a-memcpy.o)
 .ARM.attributes
                0x00000676       0x2e c:/program files (x86)/atmel/studio/7.0/toolchain/arm/arm-gnu-toolchain/bin/../lib/gcc/arm-none-eabi/6.3.1/../../../../arm-none-eabi/lib/thumb/v7e-m\libc.a(lib_a-mlock.o)
 .ARM.attributes
                0x000006a4       0x2e c:/program files (x86)/atmel/studio/7.0/toolchain/arm/arm-gnu-toolchain/bin/../lib/gcc/arm-none-eabi/6.3.1/../../../../arm-none-eabi/lib/thumb/v7e-m\libc.a(lib_a-mprec.o)
 .ARM.attributes
                0x000006d2       0x2e c:/program files (x86)/atmel/studio/7.0/toolchain/arm/arm-gnu-toolchain/bin/../lib/gcc/arm-none-eabi/6.3.1/../../../../arm-none-eabi/lib/thumb/v7e-m\libc.a(lib_a-sbrkr.o)
 .ARM.attributes
                0x00000700       0x1c c:/program files (x86)/atmel/studio/7.0/toolchain/arm/arm-gnu-toolchain/bin/../lib/gcc/arm-none-eabi/6.3.1/../../../../arm-none-eabi/lib/thumb/v7e-m\libc.a(lib_a-strlen.o)
 .ARM.attributes
                0x0000071c       0x2e c:/program files (x86)/atmel/studio/7.0/toolchain/arm/arm-gnu-toolchain/bin/../lib/gcc/arm-none-eabi/6.3.1/../../../../arm-none-eabi/lib/thumb/v7e-m\libc.a(lib_a-svfiprintf.o)
 .ARM.attributes
                0x0000074a       0x2e c:/program files (x86)/atmel/studio/7.0/toolchain/arm/arm-gnu-toolchain/bin/../lib/gcc/arm-none-eabi/6.3.1/../../../../arm-none-eabi/lib/thumb/v7e-m\libc.a(lib_a-__atexit.o)
 .ARM.attributes
                0x00000778       0x2e c:/program files (x86)/atmel/studio/7.0/toolchain/arm/arm-gnu-toolchain/bin/../lib/gcc/arm-none-eabi/6.3.1/../../../../arm-none-eabi/lib/thumb/v7e-m\libc.a(lib_a-callocr.o)
 .ARM.attributes
                0x000007a6       0x2e c:/program files (x86)/atmel/studio/7.0/toolchain/arm/arm-gnu-toolchain/bin/../lib/gcc/arm-none-eabi/6.3.1/../../../../arm-none-eabi/lib/thumb/v7e-m\libc.a(lib_a-freer.o)
 .ARM.attributes
                0x000007d4       0x2e c:/program files (x86)/atmel/studio/7.0/toolchain/arm/arm-gnu-toolchain/bin/../lib/gcc/arm-none-eabi/6.3.1/../../../../arm-none-eabi/lib/thumb/v7e-m\libc.a(lib_a-locale.o)
 .ARM.attributes
                0x00000802       0x2e c:/program files (x86)/atmel/studio/7.0/toolchain/arm/arm-gnu-toolchain/bin/../lib/gcc/arm-none-eabi/6.3.1/../../../../arm-none-eabi/lib/thumb/v7e-m\libc.a(lib_a-mbtowc_r.o)
 .ARM.attributes
                0x00000830       0x2e c:/program files (x86)/atmel/studio/7.0/toolchain/arm/arm-gnu-toolchain/bin/../lib/gcc/arm-none-eabi/6.3.1/../../../../arm-none-eabi/lib/thumb/v7e-m\libc.a(lib_a-memmove.o)
 .ARM.attributes
                0x0000085e       0x2e c:/program files (x86)/atmel/studio/7.0/toolchain/arm/arm-gnu-toolchain/bin/../lib/gcc/arm-none-eabi/6.3.1/../../../../arm-none-eabi/lib/thumb/v7e-m\libc.a(lib_a-reallocr.o)
 .ARM.attributes
                0x0000088c       0x2e c:/program files (x86)/atmel/studio/7.0/toolchain/arm/arm-gnu-toolchain/bin/../lib/gcc/arm-none-eabi/6.3.1/../../../../arm-none-eabi/lib/thumb/v7e-m\libc.a(lib_a-reent.o)
 .ARM.attributes
                0x000008ba       0x2e c:/program files (x86)/atmel/studio/7.0/toolchain/arm/arm-gnu-toolchain/bin/../lib/gcc/arm-none-eabi/6.3.1/../../../../arm-none-eabi/lib/thumb/v7e-m\libc.a(lib_a-wctomb_r.o)
 .ARM.attributes
                0x000008e8       0x2e c:/program files (x86)/atmel/studio/7.0/toolchain/arm/arm-gnu-toolchain/bin/../lib/gcc/arm-none-eabi/6.3.1/../../../../arm-none-eabi/lib/thumb/v7e-m\libc.a(lib_a-ctype_.o)
 .ARM.attributes
                0x00000916       0x1e c:/program files (x86)/atmel/studio/7.0/toolchain/arm/arm-gnu-toolchain/bin/../lib/gcc/arm-none-eabi/6.3.1/thumb/v7e-m\libgcc.a(_arm_cmpdf2.o)
 .ARM.attributes
                0x00000934       0x1e c:/program files (x86)/atmel/studio/7.0/toolchain/arm/arm-gnu-toolchain/bin/../lib/gcc/arm-none-eabi/6.3.1/thumb/v7e-m\libgcc.a(_arm_unorddf2.o)
 .ARM.attributes
                0x00000952       0x1e c:/program files (x86)/atmel/studio/7.0/toolchain/arm/arm-gnu-toolchain/bin/../lib/gcc/arm-none-eabi/6.3.1/thumb/v7e-m\libgcc.a(_aeabi_uldivmod.o)
 .ARM.attributes
                0x00000970       0x2e c:/program files (x86)/atmel/studio/7.0/toolchain/arm/arm-gnu-toolchain/bin/../lib/gcc/arm-none-eabi/6.3.1/thumb/v7e-m\libgcc.a(_udivmoddi4.o)
 .ARM.attributes
                0x0000099e       0x1e c:/program files (x86)/atmel/studio/7.0/toolchain/arm/arm-gnu-toolchain/bin/../lib/gcc/arm-none-eabi/6.3.1/thumb/v7e-m\libgcc.a(_dvmd_tls.o)
 .ARM.attributes
                0x000009bc       0x1e c:/program files (x86)/atmel/studio/7.0/toolchain/arm/arm-gnu-toolchain/bin/../lib/gcc/arm-none-eabi/6.3.1/thumb/v7e-m/crtn.o

.comment        0x00000000       0x59
 .comment       0x00000000       0x59 src/ASF/sam/drivers/rtc/rtc.o
                                 0x5a (size before relaxing)
 .comment       0x00000059       0x5a src/ASF/sam/drivers/rtt/rtt.o
 .comment       0x00000059       0x5a src/main.o
 .comment       0x00000059       0x5a src/ASF/common/services/spi/sam_spi/spi_master.o
 .comment       0x00000059       0x5a src/ASF/sam/components/display/ili9488/ili9488.o
 .comment       0x00000059       0x5a src/ASF/sam/drivers/spi/spi.o
 .comment       0x00000059       0x5a src/ASF/common/services/clock/same70/sysclk.o