Archive member included to satisfy reference by file (symbol)

c:/program files (x86)/atmel/studio/7.0/toolchain/arm/arm-gnu-toolchain/bin/../lib/gcc/arm-none-eabi/6.3.1/thumb/v7e-m\libgcc.a(_arm_addsubdf3.o)
                              src/main.o (__aeabi_dadd)
c:/program files (x86)/atmel/studio/7.0/toolchain/arm/arm-gnu-toolchain/bin/../lib/gcc/arm-none-eabi/6.3.1/thumb/v7e-m\libgcc.a(_arm_muldivdf3.o)
                              src/main.o (__aeabi_dmul)
c:/program files (x86)/atmel/studio/7.0/toolchain/arm/arm-gnu-toolchain/bin/../lib/gcc/arm-none-eabi/6.3.1/thumb/v7e-m\libgcc.a(_arm_fixdfsi.o)
                              src/main.o (__aeabi_d2iz)
c:/program files (x86)/atmel/studio/7.0/toolchain/arm/arm-gnu-toolchain/bin/../lib/gcc/arm-none-eabi/6.3.1/../../../../arm-none-eabi/lib/thumb/v7e-m\libc.a(lib_a-exit.o)
                              c:/program files (x86)/atmel/studio/7.0/toolchain/arm/arm-gnu-toolchain/bin/../lib/gcc/arm-none-eabi/6.3.1/../../../../arm-none-eabi/lib/thumb/v7e-m/crt0.o (exit)
c:/program files (x86)/atmel/studio/7.0/toolchain/arm/arm-gnu-toolchain/bin/../lib/gcc/arm-none-eabi/6.3.1/../../../../arm-none-eabi/lib/thumb/v7e-m\libc.a(lib_a-impure.o)
                              c:/program files (x86)/atmel/studio/7.0/toolchain/arm/arm-gnu-toolchain/bin/../lib/gcc/arm-none-eabi/6.3.1/../../../../arm-none-eabi/lib/thumb/v7e-m\libc.a(lib_a-exit.o) (_global_impure_ptr)
c:/program files (x86)/atmel/studio/7.0/toolchain/arm/arm-gnu-toolchain/bin/../lib/gcc/arm-none-eabi/6.3.1/../../../../arm-none-eabi/lib/thumb/v7e-m\libc.a(lib_a-init.o)
                              c:/program files (x86)/atmel/studio/7.0/toolchain/arm/arm-gnu-toolchain/bin/../lib/gcc/arm-none-eabi/6.3.1/../../../../arm-none-eabi/lib/thumb/v7e-m/crt0.o (__libc_init_array)
c:/program files (x86)/atmel/studio/7.0/toolchain/arm/arm-gnu-toolchain/bin/../lib/gcc/arm-none-eabi/6.3.1/../../../../arm-none-eabi/lib/thumb/v7e-m\libc.a(lib_a-memset.o)
                              c:/program files (x86)/atmel/studio/7.0/toolchain/arm/arm-gnu-toolchain/bin/../lib/gcc/arm-none-eabi/6.3.1/../../../../arm-none-eabi/lib/thumb/v7e-m/crt0.o (memset)
c:/program files (x86)/atmel/studio/7.0/toolchain/arm/arm-gnu-toolchain/bin/../lib/gcc/arm-none-eabi/6.3.1/../../../../arm-none-eabi/lib/thumb/v7e-m\libc.a(lib_a-sprintf.o)
                              src/main.o (sprintf)
c:/program files (x86)/atmel/studio/7.0/toolchain/arm/arm-gnu-toolchain/bin/../lib/gcc/arm-none-eabi/6.3.1/../../../../arm-none-eabi/lib/thumb/v7e-m\libc.a(lib_a-svfprintf.o)
                              c:/program files (x86)/atmel/studio/7.0/toolchain/arm/arm-gnu-toolchain/bin/../lib/gcc/arm-none-eabi/6.3.1/../../../../arm-none-eabi/lib/thumb/v7e-m\libc.a(lib_a-sprintf.o) (_svfprintf_r)
c:/program files (x86)/atmel/studio/7.0/toolchain/arm/arm-gnu-toolchain/bin/../lib/gcc/arm-none-eabi/6.3.1/../../../../arm-none-eabi/lib/thumb/v7e-m\libc.a(lib_a-__call_atexit.o)
                              c:/program files (x86)/atmel/studio/7.0/toolchain/arm/arm-gnu-toolchain/bin/../lib/gcc/arm-none-eabi/6.3.1/../../../../arm-none-eabi/lib/thumb/v7e-m\libc.a(lib_a-exit.o) (__call_exitprocs)
c:/program files (x86)/atmel/studio/7.0/toolchain/arm/arm-gnu-toolchain/bin/../lib/gcc/arm-none-eabi/6.3.1/../../../../arm-none-eabi/lib/thumb/v7e-m\libc.a(lib_a-atexit.o)
                              c:/program files (x86)/atmel/studio/7.0/toolchain/arm/arm-gnu-toolchain/bin/../lib/gcc/arm-none-eabi/6.3.1/../../../../arm-none-eabi/lib/thumb/v7e-m\libc.a(lib_a-__call_atexit.o) (atexit)
c:/program files (x86)/atmel/studio/7.0/toolchain/arm/arm-gnu-toolchain/bin/../lib/gcc/arm-none-eabi/6.3.1/../../../../arm-none-eabi/lib/thumb/v7e-m\libc.a(lib_a-dtoa.o)
                              c:/program files (x86)/atmel/studio/7.0/toolchain/arm/arm-gnu-toolchain/bin/../lib/gcc/arm-none-eabi/6.3.1/../../../../arm-none-eabi/lib/thumb/v7e-m\libc.a(lib_a-svfprintf.o) (_dtoa_r)
c:/program files (x86)/atmel/studio/7.0/toolchain/arm/arm-gnu-toolchain/bin/../lib/gcc/arm-none-eabi/6.3.1/../../../../arm-none-eabi/lib/thumb/v7e-m\libc.a(lib_a-fini.o)
                              c:/program files (x86)/atmel/studio/7.0/toolchain/arm/arm-gnu-toolchain/bin/../lib/gcc/arm-none-eabi/6.3.1/../../../../arm-none-eabi/lib/thumb/v7e-m\libc.a(lib_a-__call_atexit.o) (__libc_fini_array)
c:/program files (x86)/atmel/studio/7.0/toolchain/arm/arm-gnu-toolchain/bin/../lib/gcc/arm-none-eabi/6.3.1/../../../../arm-none-eabi/lib/thumb/v7e-m\libc.a(lib_a-localeconv.o)
                              c:/program files (x86)/atmel/studio/7.0/toolchain/arm/arm-gnu-toolchain/bin/../lib/gcc/arm-none-eabi/6.3.1/../../../../arm-none-eabi/lib/thumb/v7e-m\libc.a(lib_a-svfprintf.o) (_localeconv_r)
c:/program files (x86)/atmel/studio/7.0/toolchain/arm/arm-gnu-toolchain/bin/../lib/gcc/arm-none-eabi/6.3.1/../../../../arm-none-eabi/lib/thumb/v7e-m\libc.a(lib_a-lock.o)
[...]
Memory Configuration

Name             Origin             Length             Attributes
rom              0x00400000         0x00200000         xr
ram              0x20400000         0x00060000         xrw
*default*        0x00000000         0xffffffff

Linker script and memory map

LOAD c:/program files (x86)/atmel/studio/7.0/toolchain/arm/arm-gnu-toolchain/bin/../lib/gcc/arm-none-eabi/6.3.1/thumb/v7e-m/crti.o
LOAD c:/program files (x86)/atmel/studio/7.0/toolchain/arm/arm-gnu-toolchain/bin/../lib/gcc/arm-none-eabi/6.3.1/thumb/v7e-m/crtbegin.o
LOAD c:/program files (x86)/atmel/studio/7.0/toolchain/arm/arm-gnu-toolchain/bin/../lib/gcc/arm-none-eabi/6.3.1/../../../../arm-none-eabi/lib/thumb/v7e-m/crt0.o
LOAD src/ASF/sam/drivers/rtt/rtt.o
LOAD src/main.o
LOAD src/ASF/common/services/delay/sam/cycle_counter.o
LOAD src/ASF/common/services/spi/sam_spi/spi_master.o
LOAD src/ASF/sam/components/display/ili9488/ili9488.o
LOAD src/ASF/sam/drivers/spi/spi.o
LOAD src/ASF/common/services/clock/same70/sysclk.o
LOAD src/ASF/common/utils/interrupt/interrupt_sam_nvic.o
LOAD src/ASF/sam/boards/same70_xplained/init.o
LOAD src/ASF/sam/drivers/mpu/mpu.o
LOAD src/ASF/sam/drivers/pio/pio.o
LOAD src/ASF/sam/drivers/pio/pio_handler.o
LOAD src/ASF/sam/drivers/pmc/pmc.o
LOAD src/ASF/sam/drivers/pmc/sleep.o
LOAD src/ASF/sam/utils/cmsis/same70/source/templates/gcc/startup_same70.o
LOAD src/ASF/sam/utils/cmsis/same70/source/templates/system_same70.o
LOAD src/ASF/sam/utils/syscalls/gcc/syscalls.o
START GROUP
LOAD ../src/ASF/thirdparty/CMSIS/Lib/GCC\libarm_cortexM7lfsp_math_softfp.a
LOAD c:/program files (x86)/atmel/studio/7.0/toolchain/arm/arm-gnu-toolchain/bin/../lib/gcc/arm-none-eabi/6.3.1/../../../../arm-none-eabi/lib/thumb/v7e-m\libm.a
END GROUP
START GROUP
LOAD c:/program files (x86)/atmel/studio/7.0/toolchain/arm/arm-gnu-toolchain/bin/../lib/gcc/arm-none-eabi/6.3.1/thumb/v7e-m\libgcc.a
LOAD c:/program files (x86)/atmel/studio/7.0/toolchain/arm/arm-gnu-toolchain/bin/../lib/gcc/arm-none-eabi/6.3.1/../../../../arm-none-eabi/lib/thumb/v7e-m\libc.a
END GROUP
LOAD c:/program files (x86)/atmel/studio/7.0/toolchain/arm/arm-gnu-toolchain/bin/../lib/gcc/arm-none-eabi/6.3.1/thumb/v7e-m/crtend.o
LOAD c:/program files (x86)/atmel/studio/7.0/toolchain/arm/arm-gnu-toolchain/bin/../lib/gcc/arm-none-eabi/6.3.1/thumb/v7e-m/crtn.o
                0x00002000                STACK_SIZE = DEFINED (STACK_SIZE)?STACK_SIZE:0x2000
                0x2045fffc                __ram_end__ = ((ORIGIN (ram) + LENGTH (ram)) - 0x4)
                0x00000200                HEAP_SIZE = DEFINED (HEAP_SIZE)?HEAP_SIZE:0x200

.text           0x00400000    0x369f4
                0x00400000                . = ALIGN (0x4)
                0x00400000                _sfixed = .
 *(.vectors .vectors.*)
 .vectors       0x00400000      0x168 src/ASF/sam/utils/cmsis/same70/source/templates/gcc/startup_same70.o
                0x00400000                exception_table
 *(.text .text.* .gnu.linkonce.t.*)
 .text          0x00400168       0x6c c:/program files (x86)/atmel/studio/7.0/toolchain/arm/arm-gnu-toolchain/bin/../lib/gcc/arm-none-eabi/6.3.1/thumb/v7e-m/crtbegin.o
 .text.rtt_init
                0x004001d4       0x30 src/ASF/sam/drivers/rtt/rtt.o
                0x004001d4                rtt_init
 .text.rtt_sel_source
                0x00400204       0x58 src/ASF/sam/drivers/rtt/rtt.o
                0x00400204                rtt_sel_source
 .text.rtt_enable_interrupt
                0x0040025c       0x38 src/ASF/sam/drivers/rtt/rtt.o
                0x0040025c                rtt_enable_interrupt
 .text.rtt_disable_interrupt
                0x00400294       0x40 src/ASF/sam/drivers/rtt/rtt.o
                0x00400294                rtt_disable_interrupt
 .text.rtt_read_timer_value
                0x004002d4       0x2e src/ASF/sam/drivers/rtt/rtt.o
                0x004002d4                rtt_read_timer_value
 .text.rtt_get_status
                0x00400302       0x18 src/ASF/sam/drivers/rtt/rtt.o
                0x00400302                rtt_get_status
 *fill*         0x0040031a        0x2 
 .text.rtt_write_alarm_time
                0x0040031c       0x5c src/ASF/sam/drivers/rtt/rtt.o
                0x0040031c                rtt_write_alarm_time
 .text.NVIC_EnableIRQ
                0x00400378       0x34 src/main.o
 .text.NVIC_DisableIRQ
                0x004003ac       0x34 src/main.o
 .text.NVIC_ClearPendingIRQ
                0x004003e0       0x34 src/main.o
 .text.NVIC_SetPriority
                0x00400414       0x54 src/main.o
 .text.RTT_Handler
                0x00400468      0x1ac src/main.o
                0x00400468                RTT_Handler
 .text.but_callback
                0x00400614       0x18 src/main.o
                0x00400614                but_callback
 .text.pulsou   0x0040062c       0x18 src/main.o
                0x0040062c                pulsou
 .text.io_init  0x00400644       0x84 src/main.o
                0x00400644                io_init
 .text.RTT_init
                0x004006c8       0x98 src/main.o
 .text.configure_lcd
                0x00400760       0x4c src/main.o
                0x00400760                configure_lcd
 .text.font_draw_text
                0x004007ac       0x88 src/main.o
                0x004007ac                font_draw_text
 .text.main     0x00400834       0xd4 src/main.o
                0x00400834                main
 .text.osc_get_rate
                0x00400908       0x74 src/ASF/common/services/spi/sam_spi/spi_master.o
 .text.sysclk_get_main_hz
                0x0040097c       0x20 src/ASF/common/services/spi/sam_spi/spi_master.o
 .text.sysclk_get_peripheral_hz
                0x0040099c       0x14 src/ASF/common/services/spi/sam_spi/spi_master.o
 .text.spi_reset
                0x004009b0       0x1a src/ASF/common/services/spi/sam_spi/spi_master.o
 .text.spi_set_master_mode
                0x004009ca       0x20 src/ASF/common/services/spi/sam_spi/spi_master.o
 .text.spi_set_fixed_peripheral_select
                0x004009ea       0x20 src/ASF/common/services/spi/sam_spi/spi_master.o
 .text.spi_disable_peripheral_select_decode
                0x00400a0a       0x20 src/ASF/common/services/spi/sam_spi/spi_master.o
 .text.spi_get_peripheral_select_decode_setting
                0x00400a2a       0x26 src/ASF/common/services/spi/sam_spi/spi_master.o
 .text.spi_disable_mode_fault_detect
                0x00400a50       0x20 src/ASF/common/services/spi/sam_spi/spi_master.o
 .text.spi_disable_loopback
                0x00400a70       0x20 src/ASF/common/services/spi/sam_spi/spi_master.o
 .text.spi_put  0x00400a90       0x1e src/ASF/common/services/spi/sam_spi/spi_master.o
 .text.spi_get  0x00400aae       0x1a src/ASF/common/services/spi/sam_spi/spi_master.o
 .text.spi_is_tx_ready
                0x00400ac8       0x26 src/ASF/common/services/spi/sam_spi/spi_master.o
 .text.spi_is_rx_ready
                0x00400aee       0x2c src/ASF/common/services/spi/sam_spi/spi_master.o
 *fill*         0x00400b1a        0x2 
 .text.spi_write_single
                0x00400b1c       0x24 src/ASF/common/services/spi/sam_spi/spi_master.o
 .text.spi_read_single
                0x00400b40       0x24 src/ASF/common/services/spi/sam_spi/spi_master.o
 .text.spi_master_init
                0x00400b64       0x70 src/ASF/common/services/spi/sam_spi/spi_master.o
                0x00400b64                spi_master_init
 .text.spi_master_setup_device
                0x00400bd4       0xb4 src/ASF/common/services/spi/sam_spi/spi_master.o
                0x00400bd4                spi_master_setup_device
 .text.spi_select_device
                0x00400c88       0x58 src/ASF/common/services/spi/sam_spi/spi_master.o
                0x00400c88                spi_select_device
 .text.spi_write_packet
                0x00400ce0       0x74 src/ASF/common/services/spi/sam_spi/spi_master.o
                0x00400ce0                spi_write_packet
 .text.spi_read_packet
                0x00400d54       0xac src/ASF/common/services/spi/sam_spi/spi_master.o
                0x00400d54                spi_read_packet
 .text.spi_enable
                0x00400e00       0x1a src/ASF/sam/components/display/ili9488/ili9488.o
 .text.spi_enable_interrupt
                0x00400e1a       0x1c src/ASF/sam/components/display/ili9488/ili9488.o
 *fill*         0x00400e36        0x2 
 .text.ili9488_write_ram_prepare
                0x00400e38       0x40 src/ASF/sam/components/display/ili9488/ili9488.o
 .text.ili9488_write_ram_buffer
                0x00400e78       0x40 src/ASF/sam/components/display/ili9488/ili9488.o
 .text.ili9488_write_register
                0x00400eb8       0x78 src/ASF/sam/components/display/ili9488/ili9488.o
 .text.ili9488_read_chipid
                0x00400f30       0xcc src/ASF/sam/components/display/ili9488/ili9488.o
 .text.ili9488_delay
                0x00400ffc       0x40 src/ASF/sam/components/display/ili9488/ili9488.o
                0x00400ffc                ili9488_delay
 .text.ili9488_check_box_coordinates
                0x0040103c       0xa2 src/ASF/sam/components/display/ili9488/ili9488.o
 *fill*         0x004010de        0x2 
 .text.ili9488_set_display_direction
                0x004010e0       0x34 src/ASF/sam/components/display/ili9488/ili9488.o
                0x004010e0                ili9488_set_display_direction
 .text.ili9488_set_window
                0x00401114       0xc8 src/ASF/sam/components/display/ili9488/ili9488.o
                0x00401114                ili9488_set_window
 .text.ili9488_init
                0x004011dc      0x15c src/ASF/sam/components/display/ili9488/ili9488.o
                0x004011dc                ili9488_init
 .text.ili9488_display_on
                0x00401338       0x18 src/ASF/sam/components/display/ili9488/ili9488.o
                0x00401338                ili9488_display_on
 .text.ili9488_set_foreground_color
                0x00401350       0x54 src/ASF/sam/components/display/ili9488/ili9488.o
                0x00401350                ili9488_set_foreground_color
 .text.ili9488_set_cursor_position
                0x004013a4       0x84 src/ASF/sam/components/display/ili9488/ili9488.o
                0x004013a4                ili9488_set_cursor_position
 .text.ili9488_draw_filled_rectangle
                0x00401428       0xdc src/ASF/sam/components/display/ili9488/ili9488.o
                0x00401428                ili9488_draw_filled_rectangle
 .text.ili9488_draw_pixmap
                0x00401504       0xb4 src/ASF/sam/components/display/ili9488/ili9488.o
                0x00401504                ili9488_draw_pixmap
 .text.spi_get_peripheral_select_mode
                0x004015b8       0x26 src/ASF/sam/drivers/spi/spi.o
 *fill*         0x004015de        0x2 
 .text.sysclk_enable_peripheral_clock
                0x004015e0       0x1c src/ASF/sam/drivers/spi/spi.o
 .text.spi_enable_clock
                0x004015fc       0x3c src/ASF/sam/drivers/spi/spi.o
                0x004015fc                spi_enable_clock
 .text.spi_set_peripheral_chip_select_value
                0x00401638       0x34 src/ASF/sam/drivers/spi/spi.o
                0x00401638                spi_set_peripheral_chip_select_value
 .text.spi_set_delay_between_chip_select
                0x0040166c       0x30 src/ASF/sam/drivers/spi/spi.o
                0x0040166c                spi_set_delay_between_chip_select
 .text.spi_write
                0x0040169c       0x80 src/ASF/sam/drivers/spi/spi.o
                0x0040169c                spi_write
 .text.spi_set_clock_polarity
                0x0040171c       0x50 src/ASF/sam/drivers/spi/spi.o
                0x0040171c                spi_set_clock_polarity
 .text.spi_set_clock_phase
                0x0040176c       0x50 src/ASF/sam/drivers/spi/spi.o
                0x0040176c                spi_set_clock_phase
 .text.spi_configure_cs_behavior
                0x004017bc       0xa6 src/ASF/sam/drivers/spi/spi.o
                0x004017bc                spi_configure_cs_behavior
 .text.spi_set_bits_per_transfer
                0x00401862       0x4a src/ASF/sam/drivers/spi/spi.o
                0x00401862                spi_set_bits_per_transfer
 .text.spi_calc_baudrate_div
                0x004018ac       0x3c src/ASF/sam/drivers/spi/spi.o
                0x004018ac                spi_calc_baudrate_div
 .text.spi_set_baudrate_div
                0x004018e8       0x5e src/ASF/sam/drivers/spi/spi.o
                0x004018e8                spi_set_baudrate_div
 .text.spi_set_transfer_delay
                0x00401946       0x5e src/ASF/sam/drivers/spi/spi.o
                0x00401946                spi_set_transfer_delay
 .text.osc_enable
                0x004019a4       0x88 src/ASF/common/services/clock/same70/sysclk.o
 .text.osc_is_ready
                0x00401a2c       0x70 src/ASF/common/services/clock/same70/sysclk.o
 .text.osc_get_rate
                0x00401a9c       0x74 src/ASF/common/services/clock/same70/sysclk.o
 .text.osc_wait_ready
                0x00401b10       0x2c src/ASF/common/services/clock/same70/sysclk.o
 .text.pll_config_init
                0x00401b3c       0x6c src/ASF/common/services/clock/same70/sysclk.o
 .text.pll_enable
                0x00401ba8       0x40 src/ASF/common/services/clock/same70/sysclk.o
 .text.pll_is_locked
                0x00401be8       0x2c src/ASF/common/services/clock/same70/sysclk.o
 .text.pll_enable_source
                0x00401c14       0x38 src/ASF/common/services/clock/same70/sysclk.o
 .text.pll_wait_for_lock
                0x00401c4c       0x24 src/ASF/common/services/clock/same70/sysclk.o
 .text.sysclk_get_main_hz
                0x00401c70       0x20 src/ASF/common/services/clock/same70/sysclk.o
 .text.sysclk_get_cpu_hz
                0x00401c90       0x14 src/ASF/common/services/clock/same70/sysclk.o
 .text.sysclk_init
                0x00401ca4       0x7c src/ASF/common/services/clock/same70/sysclk.o
                0x00401ca4                sysclk_init
 .text.SCB_EnableICache
                0x00401d20       0x38 src/ASF/sam/boards/same70_xplained/init.o
 .text.SCB_EnableDCache
                0x00401d58       0xa4 src/ASF/sam/boards/same70_xplained/init.o
 .text.sysclk_enable_peripheral_clock
                0x00401dfc       0x1c src/ASF/sam/boards/same70_xplained/init.o
 .text.ioport_init
                0x00401e18       0x2c src/ASF/sam/boards/same70_xplained/init.o
 .text.ioport_set_pin_mode
                0x00401e44      0x11c src/ASF/sam/boards/same70_xplained/init.o
 .text.ioport_set_pin_dir
                0x00401f60       0x88 src/ASF/sam/boards/same70_xplained/init.o
 .text.ioport_set_pin_level
                0x00401fe8       0x6c src/ASF/sam/boards/same70_xplained/init.o
 .text.ioport_set_pin_sense_mode
                0x00402054       0xd0 src/ASF/sam/boards/same70_xplained/init.o
 .text.tcm_disable
                0x00402124       0x44 src/ASF/sam/boards/same70_xplained/init.o
 .text.board_init
                0x00402168      0x188 src/ASF/sam/boards/same70_xplained/init.o
                0x00402168                board_init
 .text.pio_pull_up
                0x004022f0       0x2c src/ASF/sam/drivers/pio/pio.o
                0x004022f0                pio_pull_up
 .text.pio_set  0x0040231c       0x1c src/ASF/sam/drivers/pio/pio.o
                0x0040231c                pio_set
 .text.pio_set_peripheral
                0x00402338      0x110 src/ASF/sam/drivers/pio/pio.o
                0x00402338                pio_set_peripheral
 .text.pio_set_input
                0x00402448       0x80 src/ASF/sam/drivers/pio/pio.o
                0x00402448                pio_set_input
 .text.pio_set_output
                0x004024c8       0x64 src/ASF/sam/drivers/pio/pio.o
                0x004024c8                pio_set_output
 .text.pio_configure
                0x0040252c       0xcc src/ASF/sam/drivers/pio/pio.o
                0x0040252c                pio_configure
 .text.pio_configure_interrupt
                0x004025f8       0x6c src/ASF/sam/drivers/pio/pio.o
                0x004025f8                pio_configure_interrupt
 .text.pio_enable_interrupt
                0x00402664       0x1c src/ASF/sam/drivers/pio/pio.o
                0x00402664                pio_enable_interrupt
 .text.pio_disable_interrupt
                0x00402680       0x1c src/ASF/sam/drivers/pio/pio.o
                0x00402680                pio_disable_interrupt
 .text.pio_get_interrupt_status
                0x0040269c       0x18 src/ASF/sam/drivers/pio/pio.o
                0x0040269c                pio_get_interrupt_status
 .text.pio_get_interrupt_mask
                0x004026b4       0x18 src/ASF/sam/drivers/pio/pio.o
                0x004026b4                pio_get_interrupt_mask
 .text.pio_set_pin_high
                0x004026cc       0x30 src/ASF/sam/drivers/pio/pio.o
                0x004026cc                pio_set_pin_high
 .text.pio_set_pin_low
                0x004026fc       0x30 src/ASF/sam/drivers/pio/pio.o
                0x004026fc                pio_set_pin_low
 .text.pio_configure_pin
                0x0040272c      0x1b0 src/ASF/sam/drivers/pio/pio.o
                0x0040272c                pio_configure_pin
 .text.pio_get_pin_group
                0x004028dc       0x28 src/ASF/sam/drivers/pio/pio.o
                0x004028dc                pio_get_pin_group
 .text.pio_handler_process
                0x00402904       0xb4 src/ASF/sam/drivers/pio/pio_handler.o
                0x00402904                pio_handler_process
 .text.pio_handler_set
                0x004029b8       0xa0 src/ASF/sam/drivers/pio/pio_handler.o
                0x004029b8                pio_handler_set
 .text.PIOA_Handler
                0x00402a58       0x18 src/ASF/sam/drivers/pio/pio_handler.o
                0x00402a58                PIOA_Handler
 .text.PIOB_Handler
                0x00402a70       0x18 src/ASF/sam/drivers/pio/pio_handler.o
                0x00402a70                PIOB_Handler
 .text.PIOC_Handler
                0x00402a88       0x18 src/ASF/sam/drivers/pio/pio_handler.o
                0x00402a88                PIOC_Handler
 .text.PIOD_Handler
                0x00402aa0       0x18 src/ASF/sam/drivers/pio/pio_handler.o
                0x00402aa0                PIOD_Handler
 .text.PIOE_Handler
                0x00402ab8       0x18 src/ASF/sam/drivers/pio/pio_handler.o
                0x00402ab8                PIOE_Handler
 .text.pmc_mck_set_division
                0x00402ad0       0x7c src/ASF/sam/drivers/pmc/pmc.o
                0x00402ad0                pmc_mck_set_division
 .text.pmc_switch_mck_to_pllack
                0x00402b4c       0x84 src/ASF/sam/drivers/pmc/pmc.o
                0x00402b4c                pmc_switch_mck_to_pllack
 .text.pmc_switch_sclk_to_32kxtal
                0x00402bd0       0x38 src/ASF/sam/drivers/pmc/pmc.o
                0x00402bd0                pmc_switch_sclk_to_32kxtal
 .text.pmc_osc_is_ready_32kxtal
                0x00402c08       0x34 src/ASF/sam/drivers/pmc/pmc.o
                0x00402c08                pmc_osc_is_ready_32kxtal
 .text.pmc_switch_mainck_to_fastrc
                0x00402c3c       0x70 src/ASF/sam/drivers/pmc/pmc.o
                0x00402c3c                pmc_switch_mainck_to_fastrc
 .text.pmc_switch_mainck_to_xtal
                0x00402cac       0x78 src/ASF/sam/drivers/pmc/pmc.o
                0x00402cac                pmc_switch_mainck_to_xtal
 .text.pmc_osc_is_ready_mainck
                0x00402d24       0x1c src/ASF/sam/drivers/pmc/pmc.o
                0x00402d24                pmc_osc_is_ready_mainck
 .text.pmc_disable_pllack
                0x00402d40       0x1c src/ASF/sam/drivers/pmc/pmc.o
                0x00402d40                pmc_disable_pllack
 .text.pmc_is_locked_pllack
                0x00402d5c       0x1c src/ASF/sam/drivers/pmc/pmc.o
                0x00402d5c                pmc_is_locked_pllack
 .text.pmc_is_locked_upll
                0x00402d78       0x1c src/ASF/sam/drivers/pmc/pmc.o
                0x00402d78                pmc_is_locked_upll
 .text.pmc_enable_periph_clk
                0x00402d94       0x3c src/ASF/sam/drivers/pmc/pmc.o
                0x00402d94                pmc_enable_periph_clk
 .text.cpu_irq_save
                0x00402dd0       0x38 src/ASF/sam/utils/cmsis/same70/source/templates/gcc/startup_same70.o
 .text.cpu_irq_is_enabled_flags
                0x00402e08       0x20 src/ASF/sam/utils/cmsis/same70/source/templates/gcc/startup_same70.o
 .text.cpu_irq_restore
                0x00402e28       0x30 src/ASF/sam/utils/cmsis/same70/source/templates/gcc/startup_same70.o
 .text.Reset_Handler
                0x00402e58       0xb0 src/ASF/sam/utils/cmsis/same70/source/templates/gcc/startup_same70.o
                0x00402e58                Reset_Handler
 .text.Dummy_Handler
                0x00402f08        0x6 src/ASF/sam/utils/cmsis/same70/source/templates/gcc/startup_same70.o
                0x00402f08                DACC_Handler
                0x00402f08                DebugMon_Handler
                0x00402f08                UART3_Handler
                0x00402f08                UART2_Handler
                0x00402f08                TRNG_Handler
                0x00402f08                HardFault_Handler
                0x00402f08                TC2_Handler
                0x00402f08                SysTick_Handler
                0x00402f08                AFEC1_Handler
                0x00402f08                PendSV_Handler
                0x00402f08                NMI_Handler
                0x00402f08                TC7_Handler
                0x00402f08                QSPI_Handler
                0x00402f08                ISI_Handler
                0x00402f08                MCAN0_INT0_Handler
                0x00402f08                TC9_Handler
                0x00402f08                RSWDT_Handler
                0x00402f08                USART0_Handler
                0x00402f08                USBHS_Handler
                0x00402f08                IXC_Handler
                0x00402f08                CCF_Handler
                0x00402f08                RTC_Handler
                0x00402f08                UsageFault_Handler
                0x00402f08                TC6_Handler
                0x00402f08                WDT_Handler
                0x00402f08                MCAN1_INT1_Handler
                0x00402f08                TC4_Handler
                0x00402f08                TC1_Handler
                0x00402f08                HSMCI_Handler
                0x00402f08                UART1_Handler
                0x00402f08                TC3_Handler
                0x00402f08                Dummy_Handler
                0x00402f08                TWIHS1_Handler
                0x00402f08                XDMAC_Handler
                0x00402f08                UART4_Handler
                0x00402f08                PWM1_Handler
                0x00402f08                USART1_Handler
                0x00402f08                PWM0_Handler
                0x00402f08                AFEC0_Handler
                0x00402f08                CCW_Handler
                0x00402f08                TC11_Handler
                0x00402f08                SSC_Handler
                0x00402f08                ACC_Handler
                0x00402f08                PMC_Handler
                0x00402f08                GMAC_Handler
                0x00402f08                MCAN0_INT1_Handler
                0x00402f08                GMAC_Q5_Handler
                0x00402f08                MemManage_Handler
                0x00402f08                SUPC_Handler
                0x00402f08                SVC_Handler
                0x00402f08                TC8_Handler
                0x00402f08                MCAN1_INT0_Handler
                0x00402f08                EFC_Handler
                0x00402f08                GMAC_Q1_Handler
                0x00402f08                USART2_Handler
                0x00402f08                SDRAMC_Handler
                0x00402f08                GMAC_Q2_Handler
                0x00402f08                SPI1_Handler
                0x00402f08                TC10_Handler
                0x00402f08                GMAC_Q3_Handler
                0x00402f08                TWIHS2_Handler
                0x00402f08                I2SC0_Handler
                0x00402f08                UART0_Handler
                0x00402f08                I2SC1_Handler
                0x00402f08                GMAC_Q4_Handler
                0x00402f08                FPU_Handler
                0x00402f08                BusFault_Handler
                0x00402f08                RSTC_Handler
                0x00402f08                TC0_Handler
                0x00402f08                TC5_Handler
                0x00402f08                AES_Handler
                0x00402f08                ICM_Handler
                0x00402f08                TWIHS0_Handler
                0x00402f08                SPI0_Handler
 *fill*         0x00402f0e        0x2 
 .text.SystemCoreClockUpdate
                0x00402f10      0x168 src/ASF/sam/utils/cmsis/same70/source/templates/system_same70.o
                0x00402f10                SystemCoreClockUpdate
 .text.system_init_flash
                0x00403078       0xb0 src/ASF/sam/utils/cmsis/same70/source/templates/system_same70.o
                0x00403078                system_init_flash
 .text._sbrk    0x00403128       0x58 src/ASF/sam/utils/syscalls/gcc/syscalls.o
                0x00403128                _sbrk
 .text          0x00403180      0x370 c:/program files (x86)/atmel/studio/7.0/toolchain/arm/arm-gnu-toolchain/bin/../lib/gcc/arm-none-eabi/6.3.1/thumb/v7e-m\libgcc.a(_arm_addsubdf3.o)
                0x00403180                __aeabi_drsub
                0x00403188                __aeabi_dsub
                0x00403188                __subdf3
                0x0040318c                __aeabi_dadd
                0x0040318c                __adddf3
                0x00403404                __floatunsidf
                0x00403404                __aeabi_ui2d
                0x00403424                __floatsidf
                0x00403424                __aeabi_i2d
                0x00403448                __aeabi_f2d
                0x00403448                __extendsfdf2
                0x00403484                __floatundidf
                0x00403484                __aeabi_ul2d
                0x00403494                __floatdidf
                0x00403494                __aeabi_l2d
 .text          0x004034f0      0x424 c:/program files (x86)/atmel/studio/7.0/toolchain/arm/arm-gnu-toolchain/bin/../lib/gcc/arm-none-eabi/6.3.1/thumb/v7e-m\libgcc.a(_arm_muldivdf3.o)
                0x004034f0                __aeabi_dmul
                0x004034f0                __muldf3
                0x00403744                __divdf3
                0x00403744                __aeabi_ddiv
 .text          0x00403914       0x50 c:/program files (x86)/atmel/studio/7.0/toolchain/arm/arm-gnu-toolchain/bin/../lib/gcc/arm-none-eabi/6.3.1/thumb/v7e-m\libgcc.a(_arm_fixdfsi.o)
                0x00403914                __aeabi_d2iz
                0x00403914                __fixdfsi
 .text.__libc_init_array
                0x00403964       0x50 c:/program files (x86)/atmel/studio/7.0/toolchain/arm/arm-gnu-toolchain/bin/../lib/gcc/arm-none-eabi/6.3.1/../../../../arm-none-eabi/lib/thumb/v7e-m\libc.a(lib_a-init.o)
                0x00403964                __libc_init_array
 .text.memset   0x004039b4       0x9c c:/program files (x86)/atmel/studio/7.0/toolchain/arm/arm-gnu-toolchain/bin/../lib/gcc/arm-none-eabi/6.3.1/../../../../arm-none-eabi/lib/thumb/v7e-m\libc.a(lib_a-memset.o)
                0x004039b4                memset
 .text.sprintf  0x00403a50       0x4c c:/program files (x86)/atmel/studio/7.0/toolchain/arm/arm-gnu-toolchain/bin/../lib/gcc/arm-none-eabi/6.3.1/../../../../arm-none-eabi/lib/thumb/v7e-m\libc.a(lib_a-sprintf.o)
                0x00403a50                sprintf
 .text._svfprintf_r
                0x00403a9c     0x145c c:/program files (x86)/atmel/studio/7.0/toolchain/arm/arm-gnu-toolchain/bin/../lib/gcc/arm-none-eabi/6.3.1/../../../../arm-none-eabi/lib/thumb/v7e-m\libc.a(lib_a-svfprintf.o)
                0x00403a9c                _svfprintf_r
 .text.startup.register_fini
                0x00404ef8       0x14 c:/program files (x86)/atmel/studio/7.0/toolchain/arm/arm-gnu-toolchain/bin/../lib/gcc/arm-none-eabi/6.3.1/../../../../arm-none-eabi/lib/thumb/v7e-m\libc.a(lib_a-__call_atexit.o)
 .text.atexit   0x00404f0c        0xc c:/program files (x86)/atmel/studio/7.0/toolchain/arm/arm-gnu-toolchain/bin/../lib/gcc/arm-none-eabi/6.3.1/../../../../arm-none-eabi/lib/thumb/v7e-m\libc.a(lib_a-atexit.o)
                0x00404f0c                atexit
 .text.quorem   0x00404f18      0x128 c:/program files (x86)/atmel/studio/7.0/toolchain/arm/arm-gnu-toolchain/bin/../lib/gcc/arm-none-eabi/6.3.1/../../../../arm-none-eabi/lib/thumb/v7e-m\libc.a(lib_a-dtoa.o)
 .text._dtoa_r  0x00405040      0xe54 c:/program files (x86)/atmel/studio/7.0/toolchain/arm/arm-gnu-toolchain/bin/../lib/gcc/arm-none-eabi/6.3.1/../../../../arm-none-eabi/lib/thumb/v7e-m\libc.a(lib_a-dtoa.o)
                0x00405040                _dtoa_r
 .text.__libc_fini_array
                0x00405e94       0x34 c:/program files (x86)/atmel/studio/7.0/toolchain/arm/arm-gnu-toolchain/bin/../lib/gcc/arm-none-eabi/6.3.1/../../../../arm-none-eabi/lib/thumb/v7e-m\libc.a(lib_a-fini.o)
                0x00405e94                __libc_fini_array
 .text._localeconv_r
                0x00405ec8       0x1c c:/program files (x86)/atmel/studio/7.0/toolchain/arm/arm-gnu-toolchain/bin/../lib/gcc/arm-none-eabi/6.3.1/../../../../arm-none-eabi/lib/thumb/v7e-m\libc.a(lib_a-localeconv.o)
                0x00405ec8                _localeconv_r
 .text.__retarget_lock_acquire_recursive
                0x00405ee4        0x4 c:/program files (x86)/atmel/studio/7.0/toolchain/arm/arm-gnu-toolchain/bin/../lib/gcc/arm-none-eabi/6.3.1/../../../../arm-none-eabi/lib/thumb/v7e-m\libc.a(lib_a-lock.o)
                0x00405ee4                __retarget_lock_acquire_recursive
 .text.__retarget_lock_release_recursive
                0x00405ee8        0x4 c:/program files (x86)/atmel/studio/7.0/toolchain/arm/arm-gnu-toolchain/bin/../lib/gcc/arm-none-eabi/6.3.1/../../../../arm-none-eabi/lib/thumb/v7e-m\libc.a(lib_a-lock.o)
                0x00405ee8                __retarget_lock_release_recursive
 .text._malloc_r
                0x00405eec      0x560 c:/program files (x86)/atmel/studio/7.0/toolchain/arm/arm-gnu-toolchain/bin/../lib/gcc/arm-none-eabi/6.3.1/../../../../arm-none-eabi/lib/thumb/v7e-m\libc.a(lib_a-mallocr.o)
                0x00405eec                _malloc_r
 *fill*         0x0040644c        0x4 
 .text          0x00406450       0xa0 c:/program files (x86)/atmel/studio/7.0/toolchain/arm/arm-gnu-toolchain/bin/../lib/gcc/arm-none-eabi/6.3.1/../../../../arm-none-eabi/lib/thumb/v7e-m\libc.a(lib_a-memchr.o)
                0x00406450                memchr
 .text          0x004064f0      0x134 c:/program files (x86)/atmel/studio/7.0/toolchain/arm/arm-gnu-toolchain/bin/../lib/gcc/arm-none-eabi/6.3.1/../../../../arm-none-eabi/lib/thumb/v7e-m\libc.a(lib_a-memcpy.o)
                0x004064f0                memcpy
 .text.__malloc_lock
                0x00406624        0xc c:/program files (x86)/atmel/studio/7.0/toolchain/arm/arm-gnu-toolchain/bin/../lib/gcc/arm-none-eabi/6.3.1/../../../../arm-none-eabi/lib/thumb/v7e-m\libc.a(lib_a-mlock.o)
                0x00406624                __malloc_lock
 .text.__malloc_unlock
                0x00406630        0xc c:/program files (x86)/atmel/studio/7.0/toolchain/arm/arm-gnu-toolchain/bin/../lib/gcc/arm-none-eabi/6.3.1/../../../../arm-none-eabi/lib/thumb/v7e-m\libc.a(lib_a-mlock.o)
                0x00406630                __malloc_unlock
 .text._Balloc  0x0040663c       0x4c c:/program files (x86)/atmel/studio/7.0/toolchain/arm/arm-gnu-toolchain/bin/../lib/gcc/arm-none-eabi/6.3.1/../../../../arm-none-eabi/lib/thumb/v7e-m\libc.a(lib_a-mprec.o)
                0x0040663c                _Balloc
 .text._Bfree   0x00406688       0x14 c:/program files (x86)/atmel/studio/7.0/toolchain/arm/arm-gnu-toolchain/bin/../lib/gcc/arm-none-eabi/6.3.1/../../../../arm-none-eabi/lib/thumb/v7e-m\libc.a(lib_a-mprec.o)
                0x00406688                _Bfree
 .text.__multadd
                0x0040669c       0x80 c:/program files (x86)/atmel/studio/7.0/toolchain/arm/arm-gnu-toolchain/bin/../lib/gcc/arm-none-eabi/6.3.1/../../../../arm-none-eabi/lib/thumb/v7e-m\libc.a(lib_a-mprec.o)
                0x0040669c                __multadd
 .text.__hi0bits
                0x0040671c       0x40 c:/program files (x86)/atmel/studio/7.0/toolchain/arm/arm-gnu-toolchain/bin/../lib/gcc/arm-none-eabi/6.3.1/../../../../arm-none-eabi/lib/thumb/v7e-m\libc.a(lib_a-mprec.o)
                0x0040671c                __hi0bits
 .text.__lo0bits
                0x0040675c       0x60 c:/program files (x86)/atmel/studio/7.0/toolchain/arm/arm-gnu-toolchain/bin/../lib/gcc/arm-none-eabi/6.3.1/../../../../arm-none-eabi/lib/thumb/v7e-m\libc.a(lib_a-mprec.o)
                0x0040675c                __lo0bits
 .text.__i2b    0x004067bc       0x14 c:/program files (x86)/atmel/studio/7.0/toolchain/arm/arm-gnu-toolchain/bin/../lib/gcc/arm-none-eabi/6.3.1/../../../../arm-none-eabi/lib/thumb/v7e-m\libc.a(lib_a-mprec.o)
                0x004067bc                __i2b
 .text.__multiply
                0x004067d0      0x124 c:/program files (x86)/atmel/studio/7.0/toolchain/arm/arm-gnu-toolchain/bin/../lib/gcc/arm-none-eabi/6.3.1/../../../../arm-none-eabi/lib/thumb/v7e-m\libc.a(lib_a-mprec.o)
                0x004067d0                __multiply
 .text.__pow5mult
                0x004068f4       0xa0 c:/program files (x86)/atmel/studio/7.0/toolchain/arm/arm-gnu-toolchain/bin/../lib/gcc/arm-none-eabi/6.3.1/../../../../arm-none-eabi/lib/thumb/v7e-m\libc.a(lib_a-mprec.o)
                0x004068f4                __pow5mult
 .text.__lshift
                0x00406994       0xa4 c:/program files (x86)/atmel/studio/7.0/toolchain/arm/arm-gnu-toolchain/bin/../lib/gcc/arm-none-eabi/6.3.1/../../../../arm-none-eabi/lib/thumb/v7e-m\libc.a(lib_a-mprec.o)
                0x00406994                __lshift
 .text.__mcmp   0x00406a38       0x38 c:/program files (x86)/atmel/studio/7.0/toolchain/arm/arm-gnu-toolchain/bin/../lib/gcc/arm-none-eabi/6.3.1/../../../../arm-none-eabi/lib/thumb/v7e-m\libc.a(lib_a-mprec.o)
                0x00406a38                __mcmp
 .text.__mdiff  0x00406a70      0x108 c:/program files (x86)/atmel/studio/7.0/toolchain/arm/arm-gnu-toolchain/bin/../lib/gcc/arm-none-eabi/6.3.1/../../../../arm-none-eabi/lib/thumb/v7e-m\libc.a(lib_a-mprec.o)
                0x00406a70                __mdiff
 .text.__d2b    0x00406b78       0xb8 c:/program files (x86)/atmel/studio/7.0/toolchain/arm/arm-gnu-toolchain/bin/../lib/gcc/arm-none-eabi/6.3.1/../../../../arm-none-eabi/lib/thumb/v7e-m\libc.a(lib_a-mprec.o)
                0x00406b78                __d2b
 .text._sbrk_r  0x00406c30       0x24 c:/program files (x86)/atmel/studio/7.0/toolchain/arm/arm-gnu-toolchain/bin/../lib/gcc/arm-none-eabi/6.3.1/../../../../arm-none-eabi/lib/thumb/v7e-m\libc.a(lib_a-sbrkr.o)
                0x00406c30                _sbrk_r
 *fill*         0x00406c54       0x2c 
 .text          0x00406c80       0xdc c:/program files (x86)/atmel/studio/7.0/toolchain/arm/arm-gnu-toolchain/bin/../lib/gcc/arm-none-eabi/6.3.1/../../../../arm-none-eabi/lib/thumb/v7e-m\libc.a(lib_a-strlen.o)
                0x00406c80                strlen
 .text.__ssprint_r
                0x00406d5c       0xfc c:/program files (x86)/atmel/studio/7.0/toolchain/arm/arm-gnu-toolchain/bin/../lib/gcc/arm-none-eabi/6.3.1/../../../../arm-none-eabi/lib/thumb/v7e-m\libc.a(lib_a-svfiprintf.o)
                0x00406d5c                __ssprint_r
 .text.__register_exitproc
                0x00406e58       0xc4 c:/program files (x86)/atmel/studio/7.0/toolchain/arm/arm-gnu-toolchain/bin/../lib/gcc/arm-none-eabi/6.3.1/../../../../arm-none-eabi/lib/thumb/v7e-m\libc.a(lib_a-__atexit.o)
                0x00406e58                __register_exitproc
 .text._calloc_r
                0x00406f1c       0x60 c:/program files (x86)/atmel/studio/7.0/toolchain/arm/arm-gnu-toolchain/bin/../lib/gcc/arm-none-eabi/6.3.1/../../../../arm-none-eabi/lib/thumb/v7e-m\libc.a(lib_a-callocr.o)
                0x00406f1c                _calloc_r
 .text._malloc_trim_r
                0x00406f7c       0xa0 c:/program files (x86)/atmel/studio/7.0/toolchain/arm/arm-gnu-toolchain/bin/../lib/gcc/arm-none-eabi/6.3.1/../../../../arm-none-eabi/lib/thumb/v7e-m\libc.a(lib_a-freer.o)
                0x00406f7c                _malloc_trim_r
 .text._free_r  0x0040701c      0x1cc c:/program files (x86)/atmel/studio/7.0/toolchain/arm/arm-gnu-toolchain/bin/../lib/gcc/arm-none-eabi/6.3.1/../../../../arm-none-eabi/lib/thumb/v7e-m\libc.a(lib_a-freer.o)
                0x0040701c                _free_r
 .text.__ascii_mbtowc
                0x004071e8       0x2c c:/program files (x86)/atmel/studio/7.0/toolchain/arm/arm-gnu-toolchain/bin/../lib/gcc/arm-none-eabi/6.3.1/../../../../arm-none-eabi/lib/thumb/v7e-m\libc.a(lib_a-mbtowc_r.o)
                0x004071e8                __ascii_mbtowc
 .text.memmove  0x00407214       0xc8 c:/program files (x86)/atmel/studio/7.0/toolchain/arm/arm-gnu-toolchain/bin/../lib/gcc/arm-none-eabi/6.3.1/../../../../arm-none-eabi/lib/thumb/v7e-m\libc.a(lib_a-memmove.o)
                0x00407214                memmove
 .text._realloc_r
                0x004072dc      0x34c c:/program files (x86)/atmel/studio/7.0/toolchain/arm/arm-gnu-toolchain/bin/../lib/gcc/arm-none-eabi/6.3.1/../../../../arm-none-eabi/lib/thumb/v7e-m\libc.a(lib_a-reallocr.o)
                0x004072dc                _realloc_r
 .text.__ascii_wctomb
                0x00407628       0x1c c:/program files (x86)/atmel/studio/7.0/toolchain/arm/arm-gnu-toolchain/bin/../lib/gcc/arm-none-eabi/6.3.1/../../../../arm-none-eabi/lib/thumb/v7e-m\libc.a(lib_a-wctomb_r.o)
                0x00407628                __ascii_wctomb
 .text          0x00407644      0x110 c:/program files (x86)/atmel/studio/7.0/toolchain/arm/arm-gnu-toolchain/bin/../lib/gcc/arm-none-eabi/6.3.1/thumb/v7e-m\libgcc.a(_arm_cmpdf2.o)
                0x00407644                __gtdf2
                0x00407644                __gedf2
                0x0040764c                __ltdf2
                0x0040764c                __ledf2
                0x00407654                __nedf2
                0x00407654                __eqdf2
                0x00407654                __cmpdf2
                0x004076d0                __aeabi_cdrcmple
                0x004076e0                __aeabi_cdcmpeq
                0x004076e0                __aeabi_cdcmple
                0x004076f0                __aeabi_dcmpeq
                0x00407704                __aeabi_dcmplt
                0x00407718                __aeabi_dcmple
                0x0040772c                __aeabi_dcmpge
                0x00407740                __aeabi_dcmpgt
 .text          0x00407754       0x2c c:/program files (x86)/atmel/studio/7.0/toolchain/arm/arm-gnu-toolchain/bin/../lib/gcc/arm-none-eabi/6.3.1/thumb/v7e-m\libgcc.a(_arm_unorddf2.o)
                0x00407754                __unorddf2
                0x00407754                __aeabi_dcmpun
 .text          0x00407780       0x30 c:/program files (x86)/atmel/studio/7.0/toolchain/arm/arm-gnu-toolchain/bin/../lib/gcc/arm-none-eabi/6.3.1/thumb/v7e-m\libgcc.a(_aeabi_uldivmod.o)
                0x00407780                __aeabi_uldivmod
 .text          0x004077b0      0x2dc c:/program files (x86)/atmel/studio/7.0/toolchain/arm/arm-gnu-toolchain/bin/../lib/gcc/arm-none-eabi/6.3.1/thumb/v7e-m\libgcc.a(_udivmoddi4.o)
                0x004077b0                __udivmoddi4
 .text          0x00407a8c        0x4 c:/program files (x86)/atmel/studio/7.0/toolchain/arm/arm-gnu-toolchain/bin/../lib/gcc/arm-none-eabi/6.3.1/thumb/v7e-m\libgcc.a(_dvmd_tls.o)
                0x00407a8c                __aeabi_idiv0
                0x00407a8c                __aeabi_ldiv0
 *(.glue_7t)
 .glue_7t       0x00407a90        0x0 linker stubs
 *(.glue_7)
 .glue_7        0x00407a90        0x0 linker stubs
 *(.rodata .rodata* .gnu.linkonce.r.*)
 .rodata.image_data_sourcecodepro_28_0x41
                0x00407a90      0x138 src/main.o
 .rodata.sourcecodepro_28_0x41
                0x00407bc8       0x10 src/main.o
 .rodata.image_data_sourcecodepro_28_0x42
                0x00407bd8      0x138 src/main.o
 .rodata.sourcecodepro_28_0x42
                0x00407d10       0x10 src/main.o
 .rodata.image_data_sourcecodepro_28_0x43
                0x00407d20      0x15f src/main.o
 *fill*         0x00407e7f        0x1 
 .rodata.sourcecodepro_28_0x43
                0x00407e80       0x10 src/main.o
 .rodata.image_data_sourcecodepro_28_0x44
                0x00407e90      0x186 src/main.o
 *fill*         0x00408016        0x2 
 .rodata.sourcecodepro_28_0x44
                0x00408018       0x10 src/main.o
 .rodata.image_data_sourcecodepro_28_0x45
                0x00408028      0x138 src/main.o
 .rodata.sourcecodepro_28_0x45
                0x00408160       0x10 src/main.o
 .rodata.image_data_sourcecodepro_28_0x46
                0x00408170      0x111 src/main.o
 *fill*         0x00408281        0x3 
 .rodata.sourcecodepro_28_0x46
                0x00408284       0x10 src/main.o
 .rodata.image_data_sourcecodepro_28_0x47
                0x00408294      0x15f src/main.o
 *fill*         0x004083f3        0x1 
 .rodata.sourcecodepro_28_0x47
                0x004083f4       0x10 src/main.o
 .rodata.image_data_sourcecodepro_28_0x48
                0x00408404      0x15f src/main.o
 *fill*         0x00408563        0x1 
 .rodata.sourcecodepro_28_0x48
                0x00408564       0x10 src/main.o
 .rodata.image_data_sourcecodepro_28_0x49
                0x00408574       0x9c src/main.o
 .rodata.sourcecodepro_28_0x49
                0x00408610       0x10 src/main.o
 .rodata.image_data_sourcecodepro_28_0x4a
                0x00408620       0xea src/main.o
 *fill*         0x0040870a        0x2 
 .rodata.sourcecodepro_28_0x4a
                0x0040870c       0x10 src/main.o
 .rodata.image_data_sourcecodepro_28_0x4b
                0x0040871c      0x138 src/main.o
 .rodata.sourcecodepro_28_0x4b
                0x00408854       0x10 src/main.o
 .rodata.image_data_sourcecodepro_28_0x4c
                0x00408864      0x111 src/main.o
 *fill*         0x00408975        0x3 
 .rodata.sourcecodepro_28_0x4c
                0x00408978       0x10 src/main.o
 .rodata.image_data_sourcecodepro_28_0x4d
                0x00408988      0x186 src/main.o
 *fill*         0x00408b0e        0x2 
 .rodata.sourcecodepro_28_0x4d
                0x00408b10       0x10 src/main.o
 .rodata.image_data_sourcecodepro_28_0x4e
                0x00408b20      0x15f src/main.o
 *fill*         0x00408c7f        0x1 
 .rodata.sourcecodepro_28_0x4e
                0x00408c80       0x10 src/main.o
 .rodata.image_data_sourcecodepro_28_0x4f
                0x00408c90      0x186 src/main.o
 *fill*         0x00408e16        0x2 
 .rodata.sourcecodepro_28_0x4f
                0x00408e18       0x10 src/main.o
 .rodata.image_data_sourcecodepro_28_0x50
                0x00408e28      0x138 src/main.o
 .rodata.sourcecodepro_28_0x50
                0x00408f60       0x10 src/main.o
 .rodata.image_data_sourcecodepro_28_0x51
                0x00408f70      0x186 src/main.o
 *fill*         0x004090f6        0x2 
 .rodata.sourcecodepro_28_0x51
                0x004090f8       0x10 src/main.o
 .rodata.image_data_sourcecodepro_28_0x52
                0x00409108      0x15f src/main.o
 *fill*         0x00409267        0x1 
 .rodata.sourcecodepro_28_0x52
                0x00409268       0x10 src/main.o
 .rodata.image_data_sourcecodepro_28_0x53
                0x00409278      0x138 src/main.o
 .rodata.sourcecodepro_28_0x53
                0x004093b0       0x10 src/main.o
 .rodata.image_data_sourcecodepro_28_0x54
                0x004093c0      0x138 src/main.o
 .rodata.sourcecodepro_28_0x54
                0x004094f8       0x10 src/main.o
 .rodata.image_data_sourcecodepro_28_0x55
                0x00409508      0x15f src/main.o
 *fill*         0x00409667        0x1 
 .rodata.sourcecodepro_28_0x55
                0x00409668       0x10 src/main.o
 .rodata.image_data_sourcecodepro_28_0x56
                0x00409678      0x138 src/main.o
 .rodata.sourcecodepro_28_0x56
                0x004097b0       0x10 src/main.o
 .rodata.image_data_sourcecodepro_28_0x57
                0x004097c0      0x222 src/main.o
 *fill*         0x004099e2        0x2 
 .rodata.sourcecodepro_28_0x57
                0x004099e4       0x10 src/main.o
 .rodata.image_data_sourcecodepro_28_0x58
                0x004099f4      0x138 src/main.o
 .rodata.sourcecodepro_28_0x58
                0x00409b2c       0x10 src/main.o
 .rodata.image_data_sourcecodepro_28_0x59
                0x00409b3c      0x138 src/main.o
 .rodata.sourcecodepro_28_0x59
                0x00409c74       0x10 src/main.o
 .rodata.image_data_sourcecodepro_28_0x5a
                0x00409c84      0x138 src/main.o
 .rodata.sourcecodepro_28_0x5a
                0x00409dbc       0x10 src/main.o
 .rodata.sourcecodepro_28_array
                0x00409dcc       0xd0 src/main.o
 .rodata.sourcecodepro_28
                0x00409e9c        0xc src/main.o
                0x00409e9c                sourcecodepro_28
 .rodata.image_data_calibri_36_0x20
                0x00409ea8      0x378 src/main.o
 .rodata.calibri_36_0x20
                0x0040a220       0x10 src/main.o
 .rodata.image_data_calibri_36_0x21
                0x0040a230      0x534 src/main.o
 .rodata.calibri_36_0x21
                0x0040a764       0x10 src/main.o
 .rodata.image_data_calibri_36_0x22
                0x0040a774      0x612 src/main.o
 *fill*         0x0040ad86        0x2 
 .rodata.calibri_36_0x22
                0x0040ad88       0x10 src/main.o
 .rodata.image_data_calibri_36_0x23
                0x0040ad98      0x7ce src/main.o
 *fill*         0x0040b566        0x2 
 .rodata.calibri_36_0x23
                0x0040b568       0x10 src/main.o
 .rodata.image_data_calibri_36_0x24
                0x0040b578      0x7ce src/main.o
 *fill*         0x0040bd46        0x2 
 .rodata.calibri_36_0x24
                0x0040bd48       0x10 src/main.o
 .rodata.image_data_calibri_36_0x25
                0x0040bd58      0xb46 src/main.o
 *fill*         0x0040c89e        0x2 
 .rodata.calibri_36_0x25
                0x0040c8a0       0x10 src/main.o
 .rodata.image_data_calibri_36_0x26
                0x0040c8b0      0xad7 src/main.o
 *fill*         0x0040d387        0x1 
 .rodata.calibri_36_0x26
                0x0040d388       0x10 src/main.o
 .rodata.image_data_calibri_36_0x27
                0x0040d398      0x378 src/main.o
 .rodata.calibri_36_0x27
                0x0040d710       0x10 src/main.o
 .rodata.image_data_calibri_36_0x28
                0x0040d720      0x4c5 src/main.o
 *fill*         0x0040dbe5        0x3 
 .rodata.calibri_36_0x28
                0x0040dbe8       0x10 src/main.o
 .rodata.image_data_calibri_36_0x29
                0x0040dbf8      0x4c5 src/main.o
 *fill*         0x0040e0bd        0x3 
 .rodata.calibri_36_0x29
                0x0040e0c0       0x10 src/main.o
 .rodata.image_data_calibri_36_0x2a
                0x0040e0d0      0x7ce src/main.o
 *fill*         0x0040e89e        0x2 
 .rodata.calibri_36_0x2a
                0x0040e8a0       0x10 src/main.o
 .rodata.image_data_calibri_36_0x2b
                0x0040e8b0      0x7ce src/main.o
 *fill*         0x0040f07e        0x2 
 .rodata.calibri_36_0x2b
                0x0040f080       0x10 src/main.o
 .rodata.image_data_calibri_36_0x2c
                0x0040f090      0x3e7 src/main.o
 *fill*         0x0040f477        0x1 
 .rodata.calibri_36_0x2c
                0x0040f478       0x10 src/main.o
 .rodata.image_data_calibri_36_0x2d
                0x0040f488      0x4c5 src/main.o
 *fill*         0x0040f94d        0x3 
 .rodata.calibri_36_0x2d
                0x0040f950       0x10 src/main.o
 .rodata.image_data_calibri_36_0x2e
                0x0040f960      0x3e7 src/main.o
 *fill*         0x0040fd47        0x1 
 .rodata.calibri_36_0x2e
                0x0040fd48       0x10 src/main.o
 .rodata.image_data_calibri_36_0x2f
                0x0040fd58      0x612 src/main.o
 *fill*         0x0041036a        0x2 
 .rodata.calibri_36_0x2f
                0x0041036c       0x10 src/main.o
 .rodata.image_data_calibri_36_0x30
                0x0041037c      0x7ce src/main.o
 *fill*         0x00410b4a        0x2 
 .rodata.calibri_36_0x30
                0x00410b4c       0x10 src/main.o
 .rodata.image_data_calibri_36_0x31
                0x00410b5c      0x7ce src/main.o
 *fill*         0x0041132a        0x2 
 .rodata.calibri_36_0x31
                0x0041132c       0x10 src/main.o
 .rodata.image_data_calibri_36_0x32
                0x0041133c      0x7ce src/main.o
 *fill*         0x00411b0a        0x2 
 .rodata.calibri_36_0x32
                0x00411b0c       0x10 src/main.o
 .rodata.image_data_calibri_36_0x33
                0x00411b1c      0x7ce src/main.o
 *fill*         0x004122ea        0x2 
 .rodata.calibri_36_0x33
                0x004122ec       0x10 src/main.o
 .rodata.image_data_calibri_36_0x34
                0x004122fc      0x7ce src/main.o
 *fill*         0x00412aca        0x2 
 .rodata.calibri_36_0x34
                0x00412acc       0x10 src/main.o
 .rodata.image_data_calibri_36_0x35
                0x00412adc      0x7ce src/main.o
 *fill*         0x004132aa        0x2 
 .rodata.calibri_36_0x35
                0x004132ac       0x10 src/main.o
 .rodata.image_data_calibri_36_0x36
                0x004132bc      0x7ce src/main.o
 *fill*         0x00413a8a        0x2 
 .rodata.calibri_36_0x36
                0x00413a8c       0x10 src/main.o
 .rodata.image_data_calibri_36_0x37
                0x00413a9c      0x7ce src/main.o
 *fill*         0x0041426a        0x2 
 .rodata.calibri_36_0x37
                0x0041426c       0x10 src/main.o
 .rodata.image_data_calibri_36_0x38
                0x0041427c      0x7ce src/main.o
 *fill*         0x00414a4a        0x2 
 .rodata.calibri_36_0x38
                0x00414a4c       0x10 src/main.o
 .rodata.image_data_calibri_36_0x39
                0x00414a5c      0x7ce src/main.o
 *fill*         0x0041522a        0x2 
 .rodata.calibri_36_0x39
                0x0041522c       0x10 src/main.o
 .rodata.image_data_calibri_36_0x3a
                0x0041523c      0x456 src/main.o
 *fill*         0x00415692        0x2 
 .rodata.calibri_36_0x3a
                0x00415694       0x10 src/main.o
 .rodata.image_data_calibri_36_0x3b
                0x004156a4      0x456 src/main.o
 *fill*         0x00415afa        0x2 
 .rodata.calibri_36_0x3b
                0x00415afc       0x10 src/main.o
 .rodata.image_data_calibri_36_0x3c
                0x00415b0c      0x7ce src/main.o
 *fill*         0x004162da        0x2 
 .rodata.calibri_36_0x3c
                0x004162dc       0x10 src/main.o
 .rodata.image_data_calibri_36_0x3d
                0x004162ec      0x7ce src/main.o
 *fill*         0x00416aba        0x2 
 .rodata.calibri_36_0x3d
                0x00416abc       0x10 src/main.o
 .rodata.image_data_calibri_36_0x3e
                0x00416acc      0x7ce src/main.o
 *fill*         0x0041729a        0x2 
 .rodata.calibri_36_0x3e
                0x0041729c       0x10 src/main.o
 .rodata.image_data_calibri_36_0x3f
                0x004172ac      0x75f src/main.o
 *fill*         0x00417a0b        0x1 
 .rodata.calibri_36_0x3f
                0x00417a0c       0x10 src/main.o
 .rodata.image_data_calibri_36_0x40
                0x00417a1c      0xde0 src/main.o
 .rodata.calibri_36_0x40
                0x004187fc       0x10 src/main.o
 .rodata.image_data_calibri_36_0x41
                0x0041880c      0x91b src/main.o
 *fill*         0x00419127        0x1 
 .rodata.calibri_36_0x41
                0x00419128       0x10 src/main.o
 .rodata.image_data_calibri_36_0x42
                0x00419138      0x8ac src/main.o
 .rodata.calibri_36_0x42
                0x004199e4       0x10 src/main.o
 .rodata.image_data_calibri_36_0x43
                0x004199f4      0x83d src/main.o
 *fill*         0x0041a231        0x3 
 .rodata.calibri_36_0x43
                0x0041a234       0x10 src/main.o
 .rodata.image_data_calibri_36_0x44
                0x0041a244      0x98a src/main.o
 *fill*         0x0041abce        0x2 
 .rodata.calibri_36_0x44
                0x0041abd0       0x10 src/main.o
 .rodata.image_data_calibri_36_0x45
                0x0041abe0      0x7ce src/main.o
 *fill*         0x0041b3ae        0x2 
 .rodata.calibri_36_0x45
                0x0041b3b0       0x10 src/main.o
 .rodata.image_data_calibri_36_0x46
                0x0041b3c0      0x75f src/main.o
 *fill*         0x0041bb1f        0x1 
 .rodata.calibri_36_0x46
                0x0041bb20       0x10 src/main.o
 .rodata.image_data_calibri_36_0x47
                0x0041bb30      0x9f9 src/main.o
 *fill*         0x0041c529        0x3 
 .rodata.calibri_36_0x47
                0x0041c52c       0x10 src/main.o
 .rodata.image_data_calibri_36_0x48
                0x0041c53c      0x98a src/main.o
 *fill*         0x0041cec6        0x2 
 .rodata.calibri_36_0x48
                0x0041cec8       0x10 src/main.o
 .rodata.image_data_calibri_36_0x49
                0x0041ced8      0x3e7 src/main.o
 *fill*         0x0041d2bf        0x1 
 .rodata.calibri_36_0x49
                0x0041d2c0       0x10 src/main.o
 .rodata.image_data_calibri_36_0x4a
                0x0041d2d0      0x4c5 src/main.o
 *fill*         0x0041d795        0x3 
 .rodata.calibri_36_0x4a
                0x0041d798       0x10 src/main.o
 .rodata.image_data_calibri_36_0x4b
                0x0041d7a8      0x83d src/main.o
 *fill*         0x0041dfe5        0x3 
 .rodata.calibri_36_0x4b
                0x0041dfe8       0x10 src/main.o
 .rodata.image_data_calibri_36_0x4c
                0x0041dff8      0x681 src/main.o
 *fill*         0x0041e679        0x3 
 .rodata.calibri_36_0x4c
                0x0041e67c       0x10 src/main.o
 .rodata.image_data_calibri_36_0x4d
                0x0041e68c      0xd71 src/main.o
 *fill*         0x0041f3fd        0x3 
 .rodata.calibri_36_0x4d
                0x0041f400       0x10 src/main.o
 .rodata.image_data_calibri_36_0x4e
                0x0041f410      0x9f9 src/main.o
 *fill*         0x0041fe09        0x3 
 .rodata.calibri_36_0x4e
                0x0041fe0c       0x10 src/main.o
 .rodata.image_data_calibri_36_0x4f
                0x0041fe1c      0xa68 src/main.o
 .rodata.calibri_36_0x4f
                0x00420884       0x10 src/main.o
 .rodata.image_data_calibri_36_0x50
                0x00420894      0x83d src/main.o
 *fill*         0x004210d1        0x3 
 .rodata.calibri_36_0x50
                0x004210d4       0x10 src/main.o
 .rodata.image_data_calibri_36_0x51
                0x004210e4      0xad7 src/main.o
 *fill*         0x00421bbb        0x1 
 .rodata.calibri_36_0x51
                0x00421bbc       0x10 src/main.o
 .rodata.image_data_calibri_36_0x52
                0x00421bcc      0x8ac src/main.o
 .rodata.calibri_36_0x52
                0x00422478       0x10 src/main.o
 .rodata.image_data_calibri_36_0x53
                0x00422488      0x75f src/main.o
 *fill*         0x00422be7        0x1 
 .rodata.calibri_36_0x53
                0x00422be8       0x10 src/main.o
 .rodata.image_data_calibri_36_0x54
                0x00422bf8      0x7ce src/main.o
 *fill*         0x004233c6        0x2 
 .rodata.calibri_36_0x54
                0x004233c8       0x10 src/main.o
 .rodata.image_data_calibri_36_0x55
                0x004233d8      0x9f9 src/main.o
 *fill*         0x00423dd1        0x3 
 .rodata.calibri_36_0x55
                0x00423dd4       0x10 src/main.o
 .rodata.image_data_calibri_36_0x56
                0x00423de4      0x8ac src/main.o
 .rodata.calibri_36_0x56
                0x00424690       0x10 src/main.o
 .rodata.image_data_calibri_36_0x57
                0x004246a0      0xde0 src/main.o
 .rodata.calibri_36_0x57
                0x00425480       0x10 src/main.o
 .rodata.image_data_calibri_36_0x58
                0x00425490      0x83d src/main.o
 *fill*         0x00425ccd        0x3 
 .rodata.calibri_36_0x58
                0x00425cd0       0x10 src/main.o
 .rodata.image_data_calibri_36_0x59
                0x00425ce0      0x7ce src/main.o
 *fill*         0x004264ae        0x2 
 .rodata.calibri_36_0x59
                0x004264b0       0x10 src/main.o
 .rodata.image_data_calibri_36_0x5a
                0x004264c0      0x75f src/main.o
 *fill*         0x00426c1f        0x1 
 .rodata.calibri_36_0x5a
                0x00426c20       0x10 src/main.o
 .rodata.image_data_calibri_36_0x5b
                0x00426c30      0x4c5 src/main.o
 *fill*         0x004270f5        0x3 
 .rodata.calibri_36_0x5b
                0x004270f8       0x10 src/main.o
 .rodata.image_data_calibri_36_0x5c
                0x00427108      0x612 src/main.o
 *fill*         0x0042771a        0x2 
 .rodata.calibri_36_0x5c
                0x0042771c       0x10 src/main.o
 .rodata.image_data_calibri_36_0x5d
                0x0042772c      0x4c5 src/main.o
 *fill*         0x00427bf1        0x3 
 .rodata.calibri_36_0x5d
                0x00427bf4       0x10 src/main.o
 .rodata.image_data_calibri_36_0x5e
                0x00427c04      0x7ce src/main.o
 *fill*         0x004283d2        0x2 
 .rodata.calibri_36_0x5e
                0x004283d4       0x10 src/main.o
 .rodata.image_data_calibri_36_0x5f
                0x004283e4      0x7ce src/main.o
 *fill*         0x00428bb2        0x2 
 .rodata.calibri_36_0x5f
                0x00428bb4       0x10 src/main.o
 .rodata.image_data_calibri_36_0x60
                0x00428bc4      0x456 src/main.o
 *fill*         0x0042901a        0x2 
 .rodata.calibri_36_0x60
                0x0042901c       0x10 src/main.o
 .rodata.image_data_calibri_36_0x61
                0x0042902c      0x75f src/main.o
 *fill*         0x0042978b        0x1 
 .rodata.calibri_36_0x61
                0x0042978c       0x10 src/main.o
 .rodata.image_data_calibri_36_0x62
                0x0042979c      0x83d src/main.o
 *fill*         0x00429fd9        0x3 
 .rodata.calibri_36_0x62
                0x00429fdc       0x10 src/main.o
 .rodata.image_data_calibri_36_0x63
                0x00429fec      0x681 src/main.o
 *fill*         0x0042a66d        0x3 
 .rodata.calibri_36_0x63
                0x0042a670       0x10 src/main.o
 .rodata.image_data_calibri_36_0x64
                0x0042a680      0x83d src/main.o
 *fill*         0x0042aebd        0x3 
 .rodata.calibri_36_0x64
                0x0042aec0       0x10 src/main.o
 .rodata.image_data_calibri_36_0x65
                0x0042aed0      0x7ce src/main.o
 *fill*         0x0042b69e        0x2 
 .rodata.calibri_36_0x65
                0x0042b6a0       0x10 src/main.o
 .rodata.image_data_calibri_36_0x66
                0x0042b6b0      0x4c5 src/main.o
 *fill*         0x0042bb75        0x3 
 .rodata.calibri_36_0x66
                0x0042bb78       0x10 src/main.o
 .rodata.image_data_calibri_36_0x67
                0x0042bb88      0x75f src/main.o
 *fill*         0x0042c2e7        0x1 
 .rodata.calibri_36_0x67
                0x0042c2e8       0x10 src/main.o
 .rodata.image_data_calibri_36_0x68
                0x0042c2f8      0x83d src/main.o
 *fill*         0x0042cb35        0x3 
 .rodata.calibri_36_0x68
                0x0042cb38       0x10 src/main.o
 .rodata.image_data_calibri_36_0x69
                0x0042cb48      0x378 src/main.o
 .rodata.calibri_36_0x69
                0x0042cec0       0x10 src/main.o
 .rodata.image_data_calibri_36_0x6a
                0x0042ced0      0x3e7 src/main.o
 *fill*         0x0042d2b7        0x1 
 .rodata.calibri_36_0x6a
                0x0042d2b8       0x10 src/main.o
 .rodata.image_data_calibri_36_0x6b
                0x0042d2c8      0x6f0 src/main.o
 .rodata.calibri_36_0x6b
                0x0042d9b8       0x10 src/main.o
 .rodata.image_data_calibri_36_0x6c
                0x0042d9c8      0x378 src/main.o
 .rodata.calibri_36_0x6c
                0x0042dd40       0x10 src/main.o
 .rodata.image_data_calibri_36_0x6d
                0x0042dd50      0xc93 src/main.o
 *fill*         0x0042e9e3        0x1 
 .rodata.calibri_36_0x6d
                0x0042e9e4       0x10 src/main.o
 .rodata.image_data_calibri_36_0x6e
                0x0042e9f4      0x83d src/main.o
 *fill*         0x0042f231        0x3 
 .rodata.calibri_36_0x6e
                0x0042f234       0x10 src/main.o
 .rodata.image_data_calibri_36_0x6f
                0x0042f244      0x83d src/main.o
 *fill*         0x0042fa81        0x3 
 .rodata.calibri_36_0x6f
                0x0042fa84       0x10 src/main.o
 .rodata.image_data_calibri_36_0x70
                0x0042fa94      0x83d src/main.o
 *fill*         0x004302d1        0x3 
 .rodata.calibri_36_0x70
                0x004302d4       0x10 src/main.o
 .rodata.image_data_calibri_36_0x71
                0x004302e4      0x83d src/main.o
 *fill*         0x00430b21        0x3 
 .rodata.calibri_36_0x71
                0x00430b24       0x10 src/main.o
 .rodata.image_data_calibri_36_0x72
                0x00430b34      0x5a3 src/main.o
 *fill*         0x004310d7        0x1 
 .rodata.calibri_36_0x72
                0x004310d8       0x10 src/main.o
 .rodata.image_data_calibri_36_0x73
                0x004310e8      0x612 src/main.o
 *fill*         0x004316fa        0x2 
 .rodata.calibri_36_0x73
                0x004316fc       0x10 src/main.o
 .rodata.image_data_calibri_36_0x74
                0x0043170c      0x534 src/main.o
 .rodata.calibri_36_0x74
                0x00431c40       0x10 src/main.o
 .rodata.image_data_calibri_36_0x75
                0x00431c50      0x83d src/main.o
 *fill*         0x0043248d        0x3 
 .rodata.calibri_36_0x75
                0x00432490       0x10 src/main.o
 .rodata.image_data_calibri_36_0x76
                0x004324a0      0x6f0 src/main.o
 .rodata.calibri_36_0x76
                0x00432b90       0x10 src/main.o
 .rodata.image_data_calibri_36_0x77
                0x00432ba0      0xb46 src/main.o
 *fill*         0x004336e6        0x2 
 .rodata.calibri_36_0x77
                0x004336e8       0x10 src/main.o
 .rodata.image_data_calibri_36_0x78
                0x004336f8      0x6f0 src/main.o
 .rodata.calibri_36_0x78
                0x00433de8       0x10 src/main.o
 .rodata.image_data_calibri_36_0x79
                0x00433df8      0x6f0 src/main.o
 .rodata.calibri_36_0x79
                0x004344e8       0x10 src/main.o
 .rodata.image_data_calibri_36_0x7a
                0x004344f8      0x612 src/main.o
 *fill*         0x00434b0a        0x2 
 .rodata.calibri_36_0x7a
                0x00434b0c       0x10 src/main.o
 .rodata.image_data_calibri_36_0x7b
                0x00434b1c      0x4c5 src/main.o
 *fill*         0x00434fe1        0x3 
 .rodata.calibri_36_0x7b
                0x00434fe4       0x10 src/main.o
 .rodata.image_data_calibri_36_0x7c
                0x00434ff4      0x75f src/main.o
 *fill*         0x00435753        0x1 
 .rodata.calibri_36_0x7c
                0x00435754       0x10 src/main.o
 .rodata.image_data_calibri_36_0x7d
                0x00435764      0x4c5 src/main.o
 *fill*         0x00435c29        0x3 
 .rodata.calibri_36_0x7d
                0x00435c2c       0x10 src/main.o
 .rodata.image_data_calibri_36_0x7e
                0x00435c3c      0x7ce src/main.o
 *fill*         0x0043640a        0x2 
 .rodata.calibri_36_0x7e
                0x0043640c       0x10 src/main.o
 .rodata.calibri_36_array
                0x0043641c      0x2f8 src/main.o
 .rodata.calibri_36
                0x00436714        0xc src/main.o
                0x00436714                calibri_36
 .rodata        0x00436720       0x27 src/main.o
 *fill*         0x00436747        0x1 
 .rodata._global_impure_ptr
                0x00436748        0x4 c:/program files (x86)/atmel/studio/7.0/toolchain/arm/arm-gnu-toolchain/bin/../lib/gcc/arm-none-eabi/6.3.1/../../../../arm-none-eabi/lib/thumb/v7e-m\libc.a(lib_a-impure.o)
                0x00436748                _global_impure_ptr
 .rodata._svfprintf_r.str1.4
                0x0043674c       0x42 c:/program files (x86)/atmel/studio/7.0/toolchain/arm/arm-gnu-toolchain/bin/../lib/gcc/arm-none-eabi/6.3.1/../../../../arm-none-eabi/lib/thumb/v7e-m\libc.a(lib_a-svfprintf.o)
 *fill*         0x0043678e        0x2 
 .rodata.blanks.7223
                0x00436790       0x10 c:/program files (x86)/atmel/studio/7.0/toolchain/arm/arm-gnu-toolchain/bin/../lib/gcc/arm-none-eabi/6.3.1/../../../../arm-none-eabi/lib/thumb/v7e-m\libc.a(lib_a-svfprintf.o)
 .rodata.zeroes.7224
                0x004367a0       0x10 c:/program files (x86)/atmel/studio/7.0/toolchain/arm/arm-gnu-toolchain/bin/../lib/gcc/arm-none-eabi/6.3.1/../../../../arm-none-eabi/lib/thumb/v7e-m\libc.a(lib_a-svfprintf.o)
 .rodata._dtoa_r.str1.4
                0x004367b0       0x10 c:/program files (x86)/atmel/studio/7.0/toolchain/arm/arm-gnu-toolchain/bin/../lib/gcc/arm-none-eabi/6.3.1/../../../../arm-none-eabi/lib/thumb/v7e-m\libc.a(lib_a-dtoa.o)
                                 0x12 (size before relaxing)
 .rodata.__mprec_bigtens
                0x004367c0       0x28 c:/program files (x86)/atmel/studio/7.0/toolchain/arm/arm-gnu-toolchain/bin/../lib/gcc/arm-none-eabi/6.3.1/../../../../arm-none-eabi/lib/thumb/v7e-m\libc.a(lib_a-mprec.o)
                0x004367c0                __mprec_bigtens
 .rodata.__mprec_tens
                0x004367e8       0xc8 c:/program files (x86)/atmel/studio/7.0/toolchain/arm/arm-gnu-toolchain/bin/../lib/gcc/arm-none-eabi/6.3.1/../../../../arm-none-eabi/lib/thumb/v7e-m\libc.a(lib_a-mprec.o)
                0x004367e8                __mprec_tens
 .rodata.p05.6055
                0x004368b0        0xc c:/program files (x86)/atmel/studio/7.0/toolchain/arm/arm-gnu-toolchain/bin/../lib/gcc/arm-none-eabi/6.3.1/../../../../arm-none-eabi/lib/thumb/v7e-m\libc.a(lib_a-mprec.o)
 .rodata._setlocale_r.str1.4
                0x004368bc        0xa c:/program files (x86)/atmel/studio/7.0/toolchain/arm/arm-gnu-toolchain/bin/../lib/gcc/arm-none-eabi/6.3.1/../../../../arm-none-eabi/lib/thumb/v7e-m\libc.a(lib_a-locale.o)
                                  0xd (size before relaxing)
 *fill*         0x004368c6        0x2 
 .rodata.str1.4
                0x004368c8        0x4 c:/program files (x86)/atmel/studio/7.0/toolchain/arm/arm-gnu-toolchain/bin/../lib/gcc/arm-none-eabi/6.3.1/../../../../arm-none-eabi/lib/thumb/v7e-m\libc.a(lib_a-locale.o)
                                  0x2 (size before relaxing)
 .rodata._ctype_
                0x004368cc      0x101 c:/program files (x86)/atmel/studio/7.0/toolchain/arm/arm-gnu-toolchain/bin/../lib/gcc/arm-none-eabi/6.3.1/../../../../arm-none-eabi/lib/thumb/v7e-m\libc.a(lib_a-ctype_.o)
                0x004368cc                _ctype_
 *(.ARM.extab* .gnu.linkonce.armextab.*)
                0x004369d0                . = ALIGN (0x4)
 *fill*         0x004369cd        0x3 
 *(.init)
 .init          0x004369d0        0x4 c:/program files (x86)/atmel/studio/7.0/toolchain/arm/arm-gnu-toolchain/bin/../lib/gcc/arm-none-eabi/6.3.1/thumb/v7e-m/crti.o
                0x004369d0                _init
 .init          0x004369d4        0x8 c:/program files (x86)/atmel/studio/7.0/toolchain/arm/arm-gnu-toolchain/bin/../lib/gcc/arm-none-eabi/6.3.1/thumb/v7e-m/crtn.o
                0x004369dc                . = ALIGN (0x4)
                0x004369dc                __preinit_array_start = .
 *(.preinit_array)
                0x004369dc                __preinit_array_end = .
                0x004369dc                . = ALIGN (0x4)
                0x004369dc                __init_array_start = .
 *(SORT(.init_array.*))
 .init_array.00000
                0x004369dc        0x4 c:/program files (x86)/atmel/studio/7.0/toolchain/arm/arm-gnu-toolchain/bin/../lib/gcc/arm-none-eabi/6.3.1/../../../../arm-none-eabi/lib/thumb/v7e-m\libc.a(lib_a-__call_atexit.o)
 *(.init_array)
 .init_array    0x004369e0        0x4 c:/program files (x86)/atmel/studio/7.0/toolchain/arm/arm-gnu-toolchain/bin/../lib/gcc/arm-none-eabi/6.3.1/thumb/v7e-m/crtbegin.o
                0x004369e4                __init_array_end = .
                0x004369e4                . = ALIGN (0x4)
 *crtbegin.o(.ctors)
 *(EXCLUDE_FILE(*crtend.o) .ctors)
 *(SORT(.ctors.*))
 *crtend.o(.ctors)
                0x004369e4                . = ALIGN (0x4)
 *(.fini)
 .fini          0x004369e4        0x4 c:/program files (x86)/atmel/studio/7.0/toolchain/arm/arm-gnu-toolchain/bin/../lib/gcc/arm-none-eabi/6.3.1/thumb/v7e-m/crti.o
                0x004369e4                _fini
 .fini          0x004369e8        0x8 c:/program files (x86)/atmel/studio/7.0/toolchain/arm/arm-gnu-toolchain/bin/../lib/gcc/arm-none-eabi/6.3.1/thumb/v7e-m/crtn.o
                0x004369f0                . = ALIGN (0x4)
                0x004369f0                __fini_array_start = .
 *(.fini_array)
 .fini_array    0x004369f0        0x4 c:/program files (x86)/atmel/studio/7.0/toolchain/arm/arm-gnu-toolchain/bin/../lib/gcc/arm-none-eabi/6.3.1/thumb/v7e-m/crtbegin.o
 *(SORT(.fini_array.*))
                0x004369f4                __fini_array_end = .
 *crtbegin.o(.dtors)
 *(EXCLUDE_FILE(*crtend.o) .dtors)
 *(SORT(.dtors.*))
 *crtend.o(.dtors)
                0x004369f4                . = ALIGN (0x4)
                0x004369f4                _efixed = .
                [!provide]                PROVIDE (__exidx_start, .)

.vfp11_veneer   0x004369f4        0x0
 .vfp11_veneer  0x004369f4        0x0 linker stubs

.v4_bx          0x004369f4        0x0
 .v4_bx         0x004369f4        0x0 linker stubs

.iplt           0x004369f4        0x0
 .iplt          0x004369f4        0x0 c:/program files (x86)/atmel/studio/7.0/toolchain/arm/arm-gnu-toolchain/bin/../lib/gcc/arm-none-eabi/6.3.1/thumb/v7e-m/crtbegin.o

.ARM.exidx      0x004369f4        0x8
 *(.ARM.exidx* .gnu.linkonce.armexidx.*)
 .ARM.exidx     0x004369f4        0x8 c:/program files (x86)/atmel/studio/7.0/toolchain/arm/arm-gnu-toolchain/bin/../lib/gcc/arm-none-eabi/6.3.1/thumb/v7e-m\libgcc.a(_udivmoddi4.o)
                [!provide]                PROVIDE (__exidx_end, .)

.eh_frame       0x004369fc        0x0
 .eh_frame      0x004369fc        0x0 c:/program files (x86)/atmel/studio/7.0/toolchain/arm/arm-gnu-toolchain/bin/../lib/gcc/arm-none-eabi/6.3.1/thumb/v7e-m/crtbegin.o

.rel.dyn        0x004369fc        0x0
 .rel.iplt      0x004369fc        0x0 c:/program files (x86)/atmel/studio/7.0/toolchain/arm/arm-gnu-toolchain/bin/../lib/gcc/arm-none-eabi/6.3.1/thumb/v7e-m/crtbegin.o

.jcr            0x004369fc        0x0
 .jcr           0x004369fc        0x0 c:/program files (x86)/atmel/studio/7.0/toolchain/arm/arm-gnu-toolchain/bin/../lib/gcc/arm-none-eabi/6.3.1/thumb/v7e-m/crtbegin.o

.igot.plt       0x004369fc        0x0
 .igot.plt      0x004369fc        0x0 c:/program files (x86)/atmel/studio/7.0/toolchain/arm/arm-gnu-toolchain/bin/../lib/gcc/arm-none-eabi/6.3.1/thumb/v7e-m/crtbegin.o
                0x004369fc                . = ALIGN (0x4)
                0x004369fc                _etext = .

.relocate       0x20400000      0x9b8 load address 0x004369fc
                0x20400000                . = ALIGN (0x4)
                0x20400000                _srelocate = .
 *(.ramfunc .ramfunc.*)
 *(.data .data.*)
 .data.g_interrupt_enabled
                0x20400000        0x1 src/ASF/common/utils/interrupt/interrupt_sam_nvic.o
                0x20400000                g_interrupt_enabled
 *fill*         0x20400001        0x3 
 .data.SystemCoreClock
                0x20400004        0x4 src/ASF/sam/utils/cmsis/same70/source/templates/system_same70.o
                0x20400004                SystemCoreClock
 .data._impure_ptr
                0x20400008        0x4 c:/program files (x86)/atmel/studio/7.0/toolchain/arm/arm-gnu-toolchain/bin/../lib/gcc/arm-none-eabi/6.3.1/../../../../arm-none-eabi/lib/thumb/v7e-m\libc.a(lib_a-impure.o)
                0x20400008                _impure_ptr
 *fill*         0x2040000c        0x4 
 .data.impure_data
                0x20400010      0x428 c:/program files (x86)/atmel/studio/7.0/toolchain/arm/arm-gnu-toolchain/bin/../lib/gcc/arm-none-eabi/6.3.1/../../../../arm-none-eabi/lib/thumb/v7e-m\libc.a(lib_a-impure.o)
 .data.__atexit_recursive_mutex
                0x20400438        0x4 c:/program files (x86)/atmel/studio/7.0/toolchain/arm/arm-gnu-toolchain/bin/../lib/gcc/arm-none-eabi/6.3.1/../../../../arm-none-eabi/lib/thumb/v7e-m\libc.a(lib_a-__call_atexit.o)
                0x20400438                __atexit_recursive_mutex
 .data.__malloc_av_
                0x2040043c      0x408 c:/program files (x86)/atmel/studio/7.0/toolchain/arm/arm-gnu-toolchain/bin/../lib/gcc/arm-none-eabi/6.3.1/../../../../arm-none-eabi/lib/thumb/v7e-m\libc.a(lib_a-mallocr.o)
                0x2040043c                __malloc_av_
 .data.__malloc_sbrk_base
                0x20400844        0x4 c:/program files (x86)/atmel/studio/7.0/toolchain/arm/arm-gnu-toolchain/bin/../lib/gcc/arm-none-eabi/6.3.1/../../../../arm-none-eabi/lib/thumb/v7e-m\libc.a(lib_a-mallocr.o)
                0x20400844                __malloc_sbrk_base
 .data.__malloc_trim_threshold
                0x20400848        0x4 c:/program files (x86)/atmel/studio/7.0/toolchain/arm/arm-gnu-toolchain/bin/../lib/gcc/arm-none-eabi/6.3.1/../../../../arm-none-eabi/lib/thumb/v7e-m\libc.a(lib_a-mallocr.o)
                0x20400848                __malloc_trim_threshold
 .data.__global_locale
                0x2040084c      0x16c c:/program files (x86)/atmel/studio/7.0/toolchain/arm/arm-gnu-toolchain/bin/../lib/gcc/arm-none-eabi/6.3.1/../../../../arm-none-eabi/lib/thumb/v7e-m\libc.a(lib_a-locale.o)
                0x2040084c                __global_locale
                0x204009b8                . = ALIGN (0x4)
                0x204009b8                _erelocate = .

.bss            0x204009b8      0x518 load address 0x004373b4
                0x204009b8                . = ALIGN (0x4)
                0x204009b8                _sbss = .
                0x204009b8                _szero = .
 *(.bss .bss.*)
 .bss           0x204009b8       0x1c c:/program files (x86)/atmel/studio/7.0/toolchain/arm/arm-gnu-toolchain/bin/../lib/gcc/arm-none-eabi/6.3.1/thumb/v7e-m/crtbegin.o
 .bss.g_wobits_in_rtt_mr
                0x204009d4        0x4 src/ASF/sam/drivers/rtt/rtt.o
 .bss.f_rtt_alarme
                0x204009d8        0x1 src/main.o
                0x204009d8                f_rtt_alarme
 *fill*         0x204009d9        0x3 
 .bss.counter_pulsos
                0x204009dc        0x4 src/main.o
                0x204009dc                counter_pulsos
 .bss.velocidade
                0x204009e0        0x4 src/main.o
                0x204009e0                velocidade
 .bss.distancia
                0x204009e4        0x4 src/main.o
                0x204009e4                distancia
 .bss.g_ul_pixel_cache
                0x204009e8      0x3c0 src/ASF/sam/components/display/ili9488/ili9488.o
 .bss.gs_interrupt_sources
                0x20400da8       0x70 src/ASF/sam/drivers/pio/pio_handler.o
 .bss.gs_ul_nb_sources
                0x20400e18        0x4 src/ASF/sam/drivers/pio/pio_handler.o
 .bss.heap.6420
                0x20400e1c        0x4 src/ASF/sam/utils/syscalls/gcc/syscalls.o
 .bss.__malloc_current_mallinfo
                0x20400e20       0x28 c:/program files (x86)/atmel/studio/7.0/toolchain/arm/arm-gnu-toolchain/bin/../lib/gcc/arm-none-eabi/6.3.1/../../../../arm-none-eabi/lib/thumb/v7e-m\libc.a(lib_a-mallocr.o)
                0x20400e20                __malloc_current_mallinfo
 .bss.__malloc_max_sbrked_mem
                0x20400e48        0x4 c:/program files (x86)/atmel/studio/7.0/toolchain/arm/arm-gnu-toolchain/bin/../lib/gcc/arm-none-eabi/6.3.1/../../../../arm-none-eabi/lib/thumb/v7e-m\libc.a(lib_a-mallocr.o)
                0x20400e48                __malloc_max_sbrked_mem
 .bss.__malloc_max_total_mem
                0x20400e4c        0x4 c:/program files (x86)/atmel/studio/7.0/toolchain/arm/arm-gnu-toolchain/bin/../lib/gcc/arm-none-eabi/6.3.1/../../../../arm-none-eabi/lib/thumb/v7e-m\libc.a(lib_a-mallocr.o)
                0x20400e4c                __malloc_max_total_mem
 .bss.__malloc_top_pad
                0x20400e50        0x4 c:/program files (x86)/atmel/studio/7.0/toolchain/arm/arm-gnu-toolchain/bin/../lib/gcc/arm-none-eabi/6.3.1/../../../../arm-none-eabi/lib/thumb/v7e-m\libc.a(lib_a-mallocr.o)
                0x20400e50                __malloc_top_pad
 *(COMMON)
 COMMON         0x20400e54       0x54 src/main.o
                0x20400e54                bufferVelocidade
                0x20400e74                but_flag
                0x20400e78                bufferDistancia
                0x20400e98                g_ili9488_display_opt
 COMMON         0x20400ea8       0x21 c:/program files (x86)/atmel/studio/7.0/toolchain/arm/arm-gnu-toolchain/bin/../lib/gcc/arm-none-eabi/6.3.1/../../../../arm-none-eabi/lib/thumb/v7e-m\libc.a(lib_a-lock.o)
                0x20400ea8                __lock___atexit_recursive_mutex
                0x20400eac                __lock___arc4random_mutex
                0x20400eb0                __lock___env_recursive_mutex
                0x20400eb4                __lock___sinit_recursive_mutex
                0x20400eb8                __lock___malloc_recursive_mutex
                0x20400ebc                __lock___at_quick_exit_mutex
                0x20400ec0                __lock___dd_hash_mutex
                0x20400ec4                __lock___tz_mutex
                0x20400ec8                __lock___sfp_recursive_mutex
 *fill*         0x20400ec9        0x3 
 COMMON         0x20400ecc        0x4 c:/program files (x86)/atmel/studio/7.0/toolchain/arm/arm-gnu-toolchain/bin/../lib/gcc/arm-none-eabi/6.3.1/../../../../arm-none-eabi/lib/thumb/v7e-m\libc.a(lib_a-reent.o)
                0x20400ecc                errno
                0x20400ed0                . = ALIGN (0x4)
                0x20400ed0                _ebss = .
                0x20400ed0                _ezero = .

.stack          0x20400ed0     0x2000 load address 0x004378cc
                0x20400ed0                . = ALIGN (0x8)
                0x20400ed0                _sstack = .
                0x20402ed0                . = (. + STACK_SIZE)
 *fill*         0x20400ed0     0x2000 
                0x20402ed0                . = ALIGN (0x8)
                0x20402ed0                _estack = .

.heap           0x20402ed0      0x200 load address 0x004398cc
                0x20402ed0                . = ALIGN (0x8)
                0x20402ed0                _sheap = .
                0x204030d0                . = (. + HEAP_SIZE)
 *fill*         0x20402ed0      0x200 
                0x204030d0                . = ALIGN (0x8)
                0x204030d0                _eheap = .
                0x204030d0                . = ALIGN (0x4)
                0x204030d0                _end = .
                0x2045ffff                _ram_end_ = ((ORIGIN (ram) + LENGTH (ram)) - 0x1)
OUTPUT(SAME70_FONTS.elf elf32-littlearm)

.ARM.attributes
                0x00000000       0x2e
 .ARM.attributes
                0x00000000       0x1e c:/program files (x86)/atmel/studio/7.0/toolchain/arm/arm-gnu-toolchain/bin/../lib/gcc/arm-none-eabi/6.3.1/thumb/v7e-m/crti.o
 .ARM.attributes
                0x0000001e       0x2e c:/program files (x86)/atmel/studio/7.0/toolchain/arm/arm-gnu-toolchain/bin/../lib/gcc/arm-none-eabi/6.3.1/thumb/v7e-m/crtbegin.o
 .ARM.attributes
                0x0000004c       0x37 src/ASF/sam/drivers/rtt/rtt.o
 .ARM.attributes
                0x00000083       0x37 src/main.o
 .ARM.attributes
                0x000000ba       0x37 src/ASF/common/services/spi/sam_spi/spi_master.o
 .ARM.attributes
                0x000000f1       0x37 src/ASF/sam/components/display/ili9488/ili9488.o
 .ARM.attributes
                0x00000128       0x37 src/ASF/sam/drivers/spi/spi.o
 .ARM.attributes
                0x0000015f       0x37 src/ASF/common/services/clock/same70/sysclk.o
 .ARM.attributes
                0x00000196       0x37 src/ASF/common/utils/interrupt/interrupt_sam_nvic.o
 .ARM.attributes
                0x000001cd       0x37 src/ASF/sam/boards/same70_xplained/init.o
 .ARM.attributes
                0x00000204       0x37 src/ASF/sam/drivers/pio/pio.o
 .ARM.attributes
                0x0000023b       0x37 src/ASF/sam/drivers/pio/pio_handler.o
 .ARM.attributes
                0x00000272       0x37 src/ASF/sam/drivers/pmc/pmc.o
 .ARM.attributes
                0x000002a9       0x37 src/ASF/sam/utils/cmsis/same70/source/templates/gcc/startup_same70.o
 .ARM.attributes
                0x000002e0       0x37 src/ASF/sam/utils/cmsis/same70/source/templates/system_same70.o
 .ARM.attributes
                0x00000317       0x37 src/ASF/sam/utils/syscalls/gcc/syscalls.o
 .ARM.attributes
                0x0000034e       0x1e c:/program files (x86)/atmel/studio/7.0/toolchain/arm/arm-gnu-toolchain/bin/../lib/gcc/arm-none-eabi/6.3.1/thumb/v7e-m\libgcc.a(_arm_addsubdf3.o)
 .ARM.attributes
                0x0000036c       0x1e c:/program files (x86)/atmel/studio/7.0/toolchain/arm/arm-gnu-toolchain/bin/../lib/gcc/arm-none-eabi/6.3.1/thumb/v7e-m\libgcc.a(_arm_muldivdf3.o)
 .ARM.attributes
                0x0000038a       0x1e c:/program files (x86)/atmel/studio/7.0/toolchain/arm/arm-gnu-toolchain/bin/../lib/gcc/arm-none-eabi/6.3.1/thumb/v7e-m\libgcc.a(_arm_fixdfsi.o)
 .ARM.attributes
                0x000003a8       0x2e c:/program files (x86)/atmel/studio/7.0/toolchain/arm/arm-gnu-toolchain/bin/../lib/gcc/arm-none-eabi/6.3.1/../../../../arm-none-eabi/lib/thumb/v7e-m\libc.a(lib_a-impure.o)
 .ARM.attributes
                0x000003d6       0x2e c:/program files (x86)/atmel/studio/7.0/toolchain/arm/arm-gnu-toolchain/bin/../lib/gcc/arm-none-eabi/6.3.1/../../../../arm-none-eabi/lib/thumb/v7e-m\libc.a(lib_a-init.o)
 .ARM.attributes
                0x00000404       0x2e c:/program files (x86)/atmel/studio/7.0/toolchain/arm/arm-gnu-toolchain/bin/../lib/gcc/arm-none-eabi/6.3.1/../../../../arm-none-eabi/lib/thumb/v7e-m\libc.a(lib_a-memset.o)
 .ARM.attributes
                0x00000432       0x2e c:/program files (x86)/atmel/studio/7.0/toolchain/arm/arm-gnu-toolchain/bin/../lib/gcc/arm-none-eabi/6.3.1/../../../../arm-none-eabi/lib/thumb/v7e-m\libc.a(lib_a-sprintf.o)
 .ARM.attributes
                0x00000460       0x2e c:/program files (x86)/atmel/studio/7.0/toolchain/arm/arm-gnu-toolchain/bin/../lib/gcc/arm-none-eabi/6.3.1/../../../../arm-none-eabi/lib/thumb/v7e-m\libc.a(lib_a-svfprintf.o)
 .ARM.attributes
                0x0000048e       0x2e c:/program files (x86)/atmel/studio/7.0/toolchain/arm/arm-gnu-toolchain/bin/../lib/gcc/arm-none-eabi/6.3.1/../../../../arm-none-eabi/lib/thumb/v7e-m\libc.a(lib_a-__call_atexit.o)
 .ARM.attributes
                0x000004bc       0x2e c:/program files (x86)/atmel/studio/7.0/toolchain/arm/arm-gnu-toolchain/bin/../lib/gcc/arm-none-eabi/6.3.1/../../../../arm-none-eabi/lib/thumb/v7e-m\libc.a(lib_a-atexit.o)
 .ARM.attributes
                0x000004ea       0x2e c:/program files (x86)/atmel/studio/7.0/toolchain/arm/arm-gnu-toolchain/bin/../lib/gcc/arm-none-eabi/6.3.1/../../../../arm-none-eabi/lib/thumb/v7e-m\libc.a(lib_a-dtoa.o)
 .ARM.attributes
                0x00000518       0x2e c:/program files (x86)/atmel/studio/7.0/toolchain/arm/arm-gnu-toolchain/bin/../lib/gcc/arm-none-eabi/6.3.1/../../../../arm-none-eabi/lib/thumb/v7e-m\libc.a(lib_a-fini.o)
 .ARM.attributes
                0x00000546       0x2e c:/program files (x86)/atmel/studio/7.0/toolchain/arm/arm-gnu-toolchain/bin/../lib/gcc/arm-none-eabi/6.3.1/../../../../arm-none-eabi/lib/thumb/v7e-m\libc.a(lib_a-localeconv.o)
 .ARM.attributes
                0x00000574       0x2e c:/program files (x86)/atmel/studio/7.0/toolchain/arm/arm-gnu-toolchain/bin/../lib/gcc/arm-none-eabi/6.3.1/../../../../arm-none-eabi/lib/thumb/v7e-m\libc.a(lib_a-lock.o)
 .ARM.attributes
                0x000005a2       0x2e c:/program files (x86)/atmel/studio/7.0/toolchain/arm/arm-gnu-toolchain/bin/../lib/gcc/arm-none-eabi/6.3.1/../../../../arm-none-eabi/lib/thumb/v7e-m\libc.a(lib_a-mallocr.o)
 .ARM.attributes
                0x000005d0       0x1c c:/program files (x86)/atmel/studio/7.0/toolchain/arm/arm-gnu-toolchain/bin/../lib/gcc/arm-none-eabi/6.3.1/../../../../arm-none-eabi/lib/thumb/v7e-m\libc.a(lib_a-memchr.o)
 .ARM.attributes
                0x000005ec       0x1c c:/program files (x86)/atmel/studio/7.0/toolchain/arm/arm-gnu-toolchain/bin/../lib/gcc/arm-none-eabi/6.3.1/../../../../arm-none-eabi/lib/thumb/v7e-m\libc.a(lib_a-memcpy.o)
 .ARM.attributes
                0x00000608       0x2e c:/program files (x86)/atmel/studio/7.0/toolchain/arm/arm-gnu-toolchain/bin/../lib/gcc/arm-none-eabi/6.3.1/../../../../arm-none-eabi/lib/thumb/v7e-m\libc.a(lib_a-mlock.o)
 .ARM.attributes
                0x00000636       0x2e c:/program files (x86)/atmel/studio/7.0/toolchain/arm/arm-gnu-toolchain/bin/../lib/gcc/arm-none-eabi/6.3.1/../../../../arm-none-eabi/lib/thumb/v7e-m\libc.a(lib_a-mprec.o)
 .ARM.attributes
                0x00000664       0x2e c:/program files (x86)/atmel/studio/7.0/toolchain/arm/arm-gnu-toolchain/bin/../lib/gcc/arm-none-eabi/6.3.1/../../../../arm-none-eabi/lib/thumb/v7e-m\libc.a(lib_a-sbrkr.o)
 .ARM.attributes
                0x00000692       0x1c c:/program files (x86)/atmel/studio/7.0/toolchain/arm/arm-gnu-toolchain/bin/../lib/gcc/arm-none-eabi/6.3.1/../../../../arm-none-eabi/lib/thumb/v7e-m\libc.a(lib_a-strlen.o)
 .ARM.attributes
                0x000006ae       0x2e c:/program files (x86)/atmel/studio/7.0/toolchain/arm/arm-gnu-toolchain/bin/../lib/gcc/arm-none-eabi/6.3.1/../../../../arm-none-eabi/lib/thumb/v7e-m\libc.a(lib_a-svfiprintf.o)
 .ARM.attributes
                0x000006dc       0x2e c:/program files (x86)/atmel/studio/7.0/toolchain/arm/arm-gnu-toolchain/bin/../lib/gcc/arm-none-eabi/6.3.1/../../../../arm-none-eabi/lib/thumb/v7e-m\libc.a(lib_a-__atexit.o)
 .ARM.attributes
                0x0000070a       0x2e c:/program files (x86)/atmel/studio/7.0/toolchain/arm/arm-gnu-toolchain/bin/../lib/gcc/arm-none-eabi/6.3.1/../../../../arm-none-eabi/lib/thumb/v7e-m\libc.a(lib_a-callocr.o)
 .ARM.attributes
                0x00000738       0x2e c:/program files (x86)/atmel/studio/7.0/toolchain/arm/arm-gnu-toolchain/bin/../lib/gcc/arm-none-eabi/6.3.1/../../../../arm-none-eabi/lib/thumb/v7e-m\libc.a(lib_a-freer.o)
 .ARM.attributes
                0x00000766       0x2e c:/program files (x86)/atmel/studio/7.0/toolchain/arm/arm-gnu-toolchain/bin/../lib/gcc/arm-none-eabi/6.3.1/../../../../arm-none-eabi/lib/thumb/v7e-m\libc.a(lib_a-locale.o)
 .ARM.attributes
                0x00000794       0x2e c:/program files (x86)/atmel/studio/7.0/toolchain/arm/arm-gnu-toolchain/bin/../lib/gcc/arm-none-eabi/6.3.1/../../../../arm-none-eabi/lib/thumb/v7e-m\libc.a(lib_a-mbtowc_r.o)
 .ARM.attributes
                0x000007c2       0x2e c:/program files (x86)/atmel/studio/7.0/toolchain/arm/arm-gnu-toolchain/bin/../lib/gcc/arm-none-eabi/6.3.1/../../../../arm-none-eabi/lib/thumb/v7e-m\libc.a(lib_a-memmove.o)
 .ARM.attributes
                0x000007f0       0x2e c:/program files (x86)/atmel/studio/7.0/toolchain/arm/arm-gnu-toolchain/bin/../lib/gcc/arm-none-eabi/6.3.1/../../../../arm-none-eabi/lib/thumb/v7e-m\libc.a(lib_a-reallocr.o)
 .ARM.attributes
                0x0000081e       0x2e c:/program files (x86)/atmel/studio/7.0/toolchain/arm/arm-gnu-toolchain/bin/../lib/gcc/arm-none-eabi/6.3.1/../../../../arm-none-eabi/lib/thumb/v7e-m\libc.a(lib_a-reent.o)
 .ARM.attributes
                0x0000084c       0x2e c:/program files (x86)/atmel/studio/7.0/toolchain/arm/arm-gnu-toolchain/bin/../lib/gcc/arm-none-eabi/6.3.1/../../../../arm-none-eabi/lib/thumb/v7e-m\libc.a(lib_a-wctomb_r.o)
 .ARM.attributes
                0x0000087a       0x2e c:/program files (x86)/atmel/studio/7.0/toolchain/arm/arm-gnu-toolchain/bin/../lib/gcc/arm-none-eabi/6.3.1/../../../../arm-none-eabi/lib/thumb/v7e-m\libc.a(lib_a-ctype_.o)
 .ARM.attributes
                0x000008a8       0x1e c:/program files (x86)/atmel/studio/7.0/toolchain/arm/arm-gnu-toolchain/bin/../lib/gcc/arm-none-eabi/6.3.1/thumb/v7e-m\libgcc.a(_arm_cmpdf2.o)
 .ARM.attributes
                0x000008c6       0x1e c:/program files (x86)/atmel/studio/7.0/toolchain/arm/arm-gnu-toolchain/bin/../lib/gcc/arm-none-eabi/6.3.1/thumb/v7e-m\libgcc.a(_arm_unorddf2.o)
 .ARM.attributes
                0x000008e4       0x1e c:/program files (x86)/atmel/studio/7.0/toolchain/arm/arm-gnu-toolchain/bin/../lib/gcc/arm-none-eabi/6.3.1/thumb/v7e-m\libgcc.a(_aeabi_uldivmod.o)
 .ARM.attributes
                0x00000902       0x2e c:/program files (x86)/atmel/studio/7.0/toolchain/arm/arm-gnu-toolchain/bin/../lib/gcc/arm-none-eabi/6.3.1/thumb/v7e-m\libgcc.a(_udivmoddi4.o)
 .ARM.attributes
                0x00000930       0x1e c:/program files (x86)/atmel/studio/7.0/toolchain/arm/arm-gnu-toolchain/bin/../lib/gcc/arm-none-eabi/6.3.1/thumb/v7e-m\libgcc.a(_dvmd_tls.o)
 .ARM.attributes
                0x0000094e       0x1e c:/program files (x86)/atmel/studio/7.0/toolchain/arm/arm-gnu-toolchain/bin/../lib/gcc/arm-none-eabi/6.3.1/thumb/v7e-m/crtn.o

.comment        0x00000000       0x59
 .comment       0x00000000       0x59 src/ASF/sam/drivers/rtt/rtt.o
                                 0x5a (size before relaxing)
 .comment       0x00000059       0x5a src/main.o
 .comment       0x00000059       0x5a src/ASF/common/services/spi/sam_spi/spi_master.o
 .comment       0x00000059       0x5a src/ASF/sam/components/display/ili9488/ili9488.o
 .comment       0x00000059       0x5a src/ASF/sam/drivers/spi/spi.o
 .comment       0x00000059       0x5a src/ASF/common/services/clock/same70/sysclk.o
 .comment       0x00000059       0x5a src/ASF/common/utils/interrupt/interrupt_sam_nvic.o
 .comment       0x00000059       0x5a src/ASF/sam/boards/same70_xplained/init.o
 .comment       0x00000059       0x5a src/ASF/sam/drivers/pio/pio.o
 .comment       0x00000059       0x5a src/ASF/sam/drivers/pio/pio_handler.o
 .comment       0x00000059       0x5a src/ASF/sam/drivers/pmc/pmc.o
 .comment       0x00000059       0x5a src/ASF/sam/utils/cmsis/same70/source/templates/gcc/startup_same70.o
 .comment       0x00000059       0x5a src/ASF/sam/utils/cmsis/same70/source/templates/system_same70.o
 .comment       0x00000059       0x5a src/ASF/sam/utils/syscalls/gcc/syscalls.o

.debug_info     0x00000000    0x141ee
 .debug_info    0x00000000      0xcaf src/ASF/sam/drivers/rtt/rtt.o
 .debug_info    0x00000caf     0x33a8 src/main.o
 .debug_info    0x00004057     0x143e src/ASF/common/services/spi/sam_spi/spi_master.o
 .debug_info    0x00005495     0x208c src/ASF/sam/components/display/ili9488/ili9488.o
 .debug_info    0x00007521     0x1123 src/ASF/sam/drivers/spi/spi.o
 .debug_info    0x00008644     0x1311 src/ASF/common/services/clock/same70/sysclk.o
 .debug_info    0x00009955      0xb06 src/ASF/common/utils/interrupt/interrupt_sam_nvic.o
 .debug_info    0x0000a45b     0x1dad src/ASF/sam/boards/same70_xplained/init.o
 .debug_info    0x0000c208     0x1ce3 src/ASF/sam/drivers/pio/pio.o
 .debug_info    0x0000deeb     0x1a74 src/ASF/sam/drivers/pio/pio_handler.o
 .debug_info    0x0000f95f     0x1eed src/ASF/sam/drivers/pmc/pmc.o
 .debug_info    0x0001184c     0x1612 src/ASF/sam/utils/cmsis/same70/source/templates/gcc/startup_same70.o
 .debug_info    0x00012e5e      0x5d4 src/ASF/sam/utils/cmsis/same70/source/templates/system_same70.o
 .debug_info    0x00013432      0xdbc src/ASF/sam/utils/syscalls/gcc/syscalls.o

.debug_abbrev   0x00000000     0x252c
 .debug_abbrev  0x00000000      0x203 src/ASF/sam/drivers/rtt/rtt.o
 .debug_abbrev  0x00000203      0x382 src/main.o
 .debug_abbrev  0x00000585      0x305 src/ASF/common/services/spi/sam_spi/spi_master.o
 .debug_abbrev  0x0000088a      0x2f4 src/ASF/sam/components/display/ili9488/ili9488.o
 .debug_abbrev  0x00000b7e      0x2cf src/ASF/sam/drivers/spi/spi.o
 .debug_abbrev  0x00000e4d      0x296 src/ASF/common/services/clock/same70/sysclk.o
 .debug_abbrev  0x000010e3      0x214 src/ASF/common/utils/interrupt/interrupt_sam_nvic.o
 .debug_abbrev  0x000012f7      0x3f4 src/ASF/sam/boards/same70_xplained/init.o
 .debug_abbrev  0x000016eb      0x296 src/ASF/sam/drivers/pio/pio.o
 .debug_abbrev  0x00001981      0x2c9 src/ASF/sam/drivers/pio/pio_handler.o
 .debug_abbrev  0x00001c4a      0x2ce src/ASF/sam/drivers/pmc/pmc.o
 .debug_abbrev  0x00001f18      0x2e8 src/ASF/sam/utils/cmsis/same70/source/templates/gcc/startup_same70.o
 .debug_abbrev  0x00002200      0x102 src/ASF/sam/utils/cmsis/same70/source/templates/system_same70.o
 .debug_abbrev  0x00002302      0x22a src/ASF/sam/utils/syscalls/gcc/syscalls.o

.debug_loc      0x00000000     0x5cbc